Archive member included to satisfy reference by file (symbol)

D:/WorkSoftware/STM32CubeIDE_1.16.1/STM32CubeIDE/plugins/com.st.stm32cube.ide.mcu.externaltools.gnu-tools-for-stm32.12.3.rel1.win32_1.0.200.202406191623/tools/bin/../lib/gcc/arm-none-eabi/12.3.1/../../../../arm-none-eabi/lib/thumb/v7e-m+fp/hard\libc_nano.a(libc_a-exit.o)
                              D:/WorkSoftware/STM32CubeIDE_1.16.1/STM32CubeIDE/plugins/com.st.stm32cube.ide.mcu.externaltools.gnu-tools-for-stm32.12.3.rel1.win32_1.0.200.202406191623/tools/bin/../lib/gcc/arm-none-eabi/12.3.1/../../../../arm-none-eabi/lib/thumb/v7e-m+fp/hard/crt0.o (exit)
D:/WorkSoftware/STM32CubeIDE_1.16.1/STM32CubeIDE/plugins/com.st.stm32cube.ide.mcu.externaltools.gnu-tools-for-stm32.12.3.rel1.win32_1.0.200.202406191623/tools/bin/../lib/gcc/arm-none-eabi/12.3.1/../../../../arm-none-eabi/lib/thumb/v7e-m+fp/hard\libc_nano.a(libc_a-findfp.o)
                              D:/WorkSoftware/STM32CubeIDE_1.16.1/STM32CubeIDE/plugins/com.st.stm32cube.ide.mcu.externaltools.gnu-tools-for-stm32.12.3.rel1.win32_1.0.200.202406191623/tools/bin/../lib/gcc/arm-none-eabi/12.3.1/../../../../arm-none-eabi/lib/thumb/v7e-m+fp/hard\libc_nano.a(libc_a-exit.o) (__stdio_exit_handler)
D:/WorkSoftware/STM32CubeIDE_1.16.1/STM32CubeIDE/plugins/com.st.stm32cube.ide.mcu.externaltools.gnu-tools-for-stm32.12.3.rel1.win32_1.0.200.202406191623/tools/bin/../lib/gcc/arm-none-eabi/12.3.1/../../../../arm-none-eabi/lib/thumb/v7e-m+fp/hard\libc_nano.a(libc_a-fwalk.o)
                              D:/WorkSoftware/STM32CubeIDE_1.16.1/STM32CubeIDE/plugins/com.st.stm32cube.ide.mcu.externaltools.gnu-tools-for-stm32.12.3.rel1.win32_1.0.200.202406191623/tools/bin/../lib/gcc/arm-none-eabi/12.3.1/../../../../arm-none-eabi/lib/thumb/v7e-m+fp/hard\libc_nano.a(libc_a-findfp.o) (_fwalk_sglue)
D:/WorkSoftware/STM32CubeIDE_1.16.1/STM32CubeIDE/plugins/com.st.stm32cube.ide.mcu.externaltools.gnu-tools-for-stm32.12.3.rel1.win32_1.0.200.202406191623/tools/bin/../lib/gcc/arm-none-eabi/12.3.1/../../../../arm-none-eabi/lib/thumb/v7e-m+fp/hard\libc_nano.a(libc_a-stdio.o)
                              D:/WorkSoftware/STM32CubeIDE_1.16.1/STM32CubeIDE/plugins/com.st.stm32cube.ide.mcu.externaltools.gnu-tools-for-stm32.12.3.rel1.win32_1.0.200.202406191623/tools/bin/../lib/gcc/arm-none-eabi/12.3.1/../../../../arm-none-eabi/lib/thumb/v7e-m+fp/hard\libc_nano.a(libc_a-findfp.o) (__sread)
D:/WorkSoftware/STM32CubeIDE_1.16.1/STM32CubeIDE/plugins/com.st.stm32cube.ide.mcu.externaltools.gnu-tools-for-stm32.12.3.rel1.win32_1.0.200.202406191623/tools/bin/../lib/gcc/arm-none-eabi/12.3.1/../../../../arm-none-eabi/lib/thumb/v7e-m+fp/hard\libc_nano.a(libc_a-memset.o)
                              D:/WorkSoftware/STM32CubeIDE_1.16.1/STM32CubeIDE/plugins/com.st.stm32cube.ide.mcu.externaltools.gnu-tools-for-stm32.12.3.rel1.win32_1.0.200.202406191623/tools/bin/../lib/gcc/arm-none-eabi/12.3.1/../../../../arm-none-eabi/lib/thumb/v7e-m+fp/hard/crt0.o (memset)
D:/WorkSoftware/STM32CubeIDE_1.16.1/STM32CubeIDE/plugins/com.st.stm32cube.ide.mcu.externaltools.gnu-tools-for-stm32.12.3.rel1.win32_1.0.200.202406191623/tools/bin/../lib/gcc/arm-none-eabi/12.3.1/../../../../arm-none-eabi/lib/thumb/v7e-m+fp/hard\libc_nano.a(libc_a-closer.o)
                              D:/WorkSoftware/STM32CubeIDE_1.16.1/STM32CubeIDE/plugins/com.st.stm32cube.ide.mcu.externaltools.gnu-tools-for-stm32.12.3.rel1.win32_1.0.200.202406191623/tools/bin/../lib/gcc/arm-none-eabi/12.3.1/../../../../arm-none-eabi/lib/thumb/v7e-m+fp/hard\libc_nano.a(libc_a-stdio.o) (_close_r)
D:/WorkSoftware/STM32CubeIDE_1.16.1/STM32CubeIDE/plugins/com.st.stm32cube.ide.mcu.externaltools.gnu-tools-for-stm32.12.3.rel1.win32_1.0.200.202406191623/tools/bin/../lib/gcc/arm-none-eabi/12.3.1/../../../../arm-none-eabi/lib/thumb/v7e-m+fp/hard\libc_nano.a(libc_a-reent.o)
                              D:/WorkSoftware/STM32CubeIDE_1.16.1/STM32CubeIDE/plugins/com.st.stm32cube.ide.mcu.externaltools.gnu-tools-for-stm32.12.3.rel1.win32_1.0.200.202406191623/tools/bin/../lib/gcc/arm-none-eabi/12.3.1/../../../../arm-none-eabi/lib/thumb/v7e-m+fp/hard\libc_nano.a(libc_a-closer.o) (errno)
D:/WorkSoftware/STM32CubeIDE_1.16.1/STM32CubeIDE/plugins/com.st.stm32cube.ide.mcu.externaltools.gnu-tools-for-stm32.12.3.rel1.win32_1.0.200.202406191623/tools/bin/../lib/gcc/arm-none-eabi/12.3.1/../../../../arm-none-eabi/lib/thumb/v7e-m+fp/hard\libc_nano.a(libc_a-impure.o)
                              D:/WorkSoftware/STM32CubeIDE_1.16.1/STM32CubeIDE/plugins/com.st.stm32cube.ide.mcu.externaltools.gnu-tools-for-stm32.12.3.rel1.win32_1.0.200.202406191623/tools/bin/../lib/gcc/arm-none-eabi/12.3.1/../../../../arm-none-eabi/lib/thumb/v7e-m+fp/hard\libc_nano.a(libc_a-reent.o) (_impure_ptr)
[...]
Memory Configuration

Name             Origin             Length             Attributes
RAM              0x20000000         0x00018000         xrw
FLASH            0x08000000         0x00080000         xr
*default*        0x00000000         0xffffffff

Linker script and memory map

LOAD D:/WorkSoftware/STM32CubeIDE_1.16.1/STM32CubeIDE/plugins/com.st.stm32cube.ide.mcu.externaltools.gnu-tools-for-stm32.12.3.rel1.win32_1.0.200.202406191623/tools/bin/../lib/gcc/arm-none-eabi/12.3.1/thumb/v7e-m+fp/hard/crti.o
LOAD D:/WorkSoftware/STM32CubeIDE_1.16.1/STM32CubeIDE/plugins/com.st.stm32cube.ide.mcu.externaltools.gnu-tools-for-stm32.12.3.rel1.win32_1.0.200.202406191623/tools/bin/../lib/gcc/arm-none-eabi/12.3.1/thumb/v7e-m+fp/hard/crtbegin.o
LOAD D:/WorkSoftware/STM32CubeIDE_1.16.1/STM32CubeIDE/plugins/com.st.stm32cube.ide.mcu.externaltools.gnu-tools-for-stm32.12.3.rel1.win32_1.0.200.202406191623/tools/bin/../lib/gcc/arm-none-eabi/12.3.1/../../../../arm-none-eabi/lib/thumb/v7e-m+fp/hard/crt0.o
LOAD ./Core/Src/main.o
LOAD ./Core/Src/stm32f4xx_hal_msp.o
LOAD ./Core/Src/stm32f4xx_it.o
LOAD ./Core/Src/syscalls.o
LOAD ./Core/Src/sysmem.o
LOAD ./Core/Src/system_stm32f4xx.o
LOAD ./Core/Startup/startup_stm32f401retx.o
LOAD ./Drivers/STM32F4xx_HAL_Driver/Src/stm32f4xx_hal.o
LOAD ./Drivers/STM32F4xx_HAL_Driver/Src/stm32f4xx_hal_adc.o
LOAD ./Drivers/STM32F4xx_HAL_Driver/Src/stm32f4xx_hal_adc_ex.o
LOAD ./Drivers/STM32F4xx_HAL_Driver/Src/stm32f4xx_hal_cortex.o
LOAD ./Drivers/STM32F4xx_HAL_Driver/Src/stm32f4xx_hal_dma.o
LOAD ./Drivers/STM32F4xx_HAL_Driver/Src/stm32f4xx_hal_dma_ex.o
LOAD ./Drivers/STM32F4xx_HAL_Driver/Src/stm32f4xx_hal_exti.o
LOAD ./Drivers/STM32F4xx_HAL_Driver/Src/stm32f4xx_hal_flash.o
LOAD ./Drivers/STM32F4xx_HAL_Driver/Src/stm32f4xx_hal_flash_ex.o
LOAD ./Drivers/STM32F4xx_HAL_Driver/Src/stm32f4xx_hal_flash_ramfunc.o
LOAD ./Drivers/STM32F4xx_HAL_Driver/Src/stm32f4xx_hal_gpio.o
LOAD ./Drivers/STM32F4xx_HAL_Driver/Src/stm32f4xx_hal_pcd.o
LOAD ./Drivers/STM32F4xx_HAL_Driver/Src/stm32f4xx_hal_pcd_ex.o
LOAD ./Drivers/STM32F4xx_HAL_Driver/Src/stm32f4xx_hal_pwr.o
LOAD ./Drivers/STM32F4xx_HAL_Driver/Src/stm32f4xx_hal_pwr_ex.o
LOAD ./Drivers/STM32F4xx_HAL_Driver/Src/stm32f4xx_hal_rcc.o
LOAD ./Drivers/STM32F4xx_HAL_Driver/Src/stm32f4xx_hal_rcc_ex.o
LOAD ./Drivers/STM32F4xx_HAL_Driver/Src/stm32f4xx_hal_tim.o
LOAD ./Drivers/STM32F4xx_HAL_Driver/Src/stm32f4xx_hal_tim_ex.o
LOAD ./Drivers/STM32F4xx_HAL_Driver/Src/stm32f4xx_hal_uart.o
LOAD ./Drivers/STM32F4xx_HAL_Driver/Src/stm32f4xx_ll_adc.o
LOAD ./Drivers/STM32F4xx_HAL_Driver/Src/stm32f4xx_ll_usb.o
LOAD ./Middlewares/ST/STM32_USB_Device_Library/Class/CDC/Src/usbd_cdc.o
LOAD ./Middlewares/ST/STM32_USB_Device_Library/Core/Src/usbd_core.o
LOAD ./Middlewares/ST/STM32_USB_Device_Library/Core/Src/usbd_ctlreq.o
LOAD ./Middlewares/ST/STM32_USB_Device_Library/Core/Src/usbd_ioreq.o
LOAD ./USB_DEVICE/App/usb_device.o
LOAD ./USB_DEVICE/App/usbd_cdc_if.o
LOAD ./USB_DEVICE/App/usbd_desc.o
LOAD ./USB_DEVICE/Target/usbd_conf.o
START GROUP
LOAD D:/WorkSoftware/STM32CubeIDE_1.16.1/STM32CubeIDE/plugins/com.st.stm32cube.ide.mcu.externaltools.gnu-tools-for-stm32.12.3.rel1.win32_1.0.200.202406191623/tools/bin/../lib/gcc/arm-none-eabi/12.3.1/../../../../arm-none-eabi/lib/thumb/v7e-m+fp/hard\libc_nano.a
LOAD D:/WorkSoftware/STM32CubeIDE_1.16.1/STM32CubeIDE/plugins/com.st.stm32cube.ide.mcu.externaltools.gnu-tools-for-stm32.12.3.rel1.win32_1.0.200.202406191623/tools/bin/../lib/gcc/arm-none-eabi/12.3.1/../../../../arm-none-eabi/lib/thumb/v7e-m+fp/hard\libm.a
END GROUP
START GROUP
LOAD D:/WorkSoftware/STM32CubeIDE_1.16.1/STM32CubeIDE/plugins/com.st.stm32cube.ide.mcu.externaltools.gnu-tools-for-stm32.12.3.rel1.win32_1.0.200.202406191623/tools/bin/../lib/gcc/arm-none-eabi/12.3.1/thumb/v7e-m+fp/hard\libgcc.a
LOAD D:/WorkSoftware/STM32CubeIDE_1.16.1/STM32CubeIDE/plugins/com.st.stm32cube.ide.mcu.externaltools.gnu-tools-for-stm32.12.3.rel1.win32_1.0.200.202406191623/tools/bin/../lib/gcc/arm-none-eabi/12.3.1/../../../../arm-none-eabi/lib/thumb/v7e-m+fp/hard\libc_nano.a
END GROUP
START GROUP
LOAD D:/WorkSoftware/STM32CubeIDE_1.16.1/STM32CubeIDE/plugins/com.st.stm32cube.ide.mcu.externaltools.gnu-tools-for-stm32.12.3.rel1.win32_1.0.200.202406191623/tools/bin/../lib/gcc/arm-none-eabi/12.3.1/thumb/v7e-m+fp/hard\libgcc.a
LOAD D:/WorkSoftware/STM32CubeIDE_1.16.1/STM32CubeIDE/plugins/com.st.stm32cube.ide.mcu.externaltools.gnu-tools-for-stm32.12.3.rel1.win32_1.0.200.202406191623/tools/bin/../lib/gcc/arm-none-eabi/12.3.1/../../../../arm-none-eabi/lib/thumb/v7e-m+fp/hard\libc_nano.a
LOAD D:/WorkSoftware/STM32CubeIDE_1.16.1/STM32CubeIDE/plugins/com.st.stm32cube.ide.mcu.externaltools.gnu-tools-for-stm32.12.3.rel1.win32_1.0.200.202406191623/tools/bin/../lib/gcc/arm-none-eabi/12.3.1/../../../../arm-none-eabi/lib/thumb/v7e-m+fp/hard\libnosys.a
END GROUP
START GROUP
LOAD D:/WorkSoftware/STM32CubeIDE_1.16.1/STM32CubeIDE/plugins/com.st.stm32cube.ide.mcu.externaltools.gnu-tools-for-stm32.12.3.rel1.win32_1.0.200.202406191623/tools/bin/../lib/gcc/arm-none-eabi/12.3.1/thumb/v7e-m+fp/hard\libgcc.a
LOAD D:/WorkSoftware/STM32CubeIDE_1.16.1/STM32CubeIDE/plugins/com.st.stm32cube.ide.mcu.externaltools.gnu-tools-for-stm32.12.3.rel1.win32_1.0.200.202406191623/tools/bin/../lib/gcc/arm-none-eabi/12.3.1/../../../../arm-none-eabi/lib/thumb/v7e-m+fp/hard\libc_nano.a
LOAD D:/WorkSoftware/STM32CubeIDE_1.16.1/STM32CubeIDE/plugins/com.st.stm32cube.ide.mcu.externaltools.gnu-tools-for-stm32.12.3.rel1.win32_1.0.200.202406191623/tools/bin/../lib/gcc/arm-none-eabi/12.3.1/../../../../arm-none-eabi/lib/thumb/v7e-m+fp/hard\libnosys.a
END GROUP
LOAD D:/WorkSoftware/STM32CubeIDE_1.16.1/STM32CubeIDE/plugins/com.st.stm32cube.ide.mcu.externaltools.gnu-tools-for-stm32.12.3.rel1.win32_1.0.200.202406191623/tools/bin/../lib/gcc/arm-none-eabi/12.3.1/thumb/v7e-m+fp/hard/crtend.o
LOAD D:/WorkSoftware/STM32CubeIDE_1.16.1/STM32CubeIDE/plugins/com.st.stm32cube.ide.mcu.externaltools.gnu-tools-for-stm32.12.3.rel1.win32_1.0.200.202406191623/tools/bin/../lib/gcc/arm-none-eabi/12.3.1/thumb/v7e-m+fp/hard/crtn.o
                0x20018000                        _estack = (ORIGIN (RAM) + LENGTH (RAM))
                0x00000200                        _Min_Heap_Size = 0x200
                0x00000400                        _Min_Stack_Size = 0x400

.isr_vector     0x08000000      0x194
                0x08000000                        . = ALIGN (0x4)
 *(.isr_vector)
 .isr_vector    0x08000000      0x194 ./Core/Startup/startup_stm32f401retx.o
                0x08000000                g_pfnVectors
                0x08000194                        . = ALIGN (0x4)

.text           0x08000194     0x8054
                0x08000194                        . = ALIGN (0x4)
 *(.text)
 .text          0x08000194       0x40 D:/WorkSoftware/STM32CubeIDE_1.16.1/STM32CubeIDE/plugins/com.st.stm32cube.ide.mcu.externaltools.gnu-tools-for-stm32.12.3.rel1.win32_1.0.200.202406191623/tools/bin/../lib/gcc/arm-none-eabi/12.3.1/thumb/v7e-m+fp/hard/crtbegin.o
 .text          0x080001d4       0x30 D:/WorkSoftware/STM32CubeIDE_1.16.1/STM32CubeIDE/plugins/com.st.stm32cube.ide.mcu.externaltools.gnu-tools-for-stm32.12.3.rel1.win32_1.0.200.202406191623/tools/bin/../lib/gcc/arm-none-eabi/12.3.1/thumb/v7e-m+fp/hard\libgcc.a(_aeabi_uldivmod.o)
                0x080001d4                __aeabi_uldivmod
 .text          0x08000204      0x2bc D:/WorkSoftware/STM32CubeIDE_1.16.1/STM32CubeIDE/plugins/com.st.stm32cube.ide.mcu.externaltools.gnu-tools-for-stm32.12.3.rel1.win32_1.0.200.202406191623/tools/bin/../lib/gcc/arm-none-eabi/12.3.1/thumb/v7e-m+fp/hard\libgcc.a(_udivmoddi4.o)
                0x08000204                __udivmoddi4
 .text          0x080004c0        0x4 D:/WorkSoftware/STM32CubeIDE_1.16.1/STM32CubeIDE/plugins/com.st.stm32cube.ide.mcu.externaltools.gnu-tools-for-stm32.12.3.rel1.win32_1.0.200.202406191623/tools/bin/../lib/gcc/arm-none-eabi/12.3.1/thumb/v7e-m+fp/hard\libgcc.a(_dvmd_tls.o)
                0x080004c0                __aeabi_idiv0
                0x080004c0                __aeabi_ldiv0
 *(.text*)
 .text.main     0x080004c4       0x24 ./Core/Src/main.o
                0x080004c4                main
 .text.SystemClock_Config
                0x080004e8       0xd4 ./Core/Src/main.o
                0x080004e8                SystemClock_Config
 .text.MX_ADC1_Init
                0x080005bc       0xc0 ./Core/Src/main.o
 .text.MX_USART1_UART_Init
                0x0800067c       0x54 ./Core/Src/main.o
 .text.MX_DMA_Init
                0x080006d0       0x40 ./Core/Src/main.o
 .text.MX_GPIO_Init
                0x08000710       0xdc ./Core/Src/main.o
 .text.Error_Handler
                0x080007ec        0xc ./Core/Src/main.o
                0x080007ec                Error_Handler
 .text.HAL_MspInit
                0x080007f8       0x50 ./Core/Src/stm32f4xx_hal_msp.o
                0x080007f8                HAL_MspInit
 .text.HAL_ADC_MspInit
                0x08000848      0x100 ./Core/Src/stm32f4xx_hal_msp.o
                0x08000848                HAL_ADC_MspInit
 .text.HAL_UART_MspInit
                0x08000948       0x90 ./Core/Src/stm32f4xx_hal_msp.o
                0x08000948                HAL_UART_MspInit
 .text.NMI_Handler
                0x080009d8        0x8 ./Core/Src/stm32f4xx_it.o
                0x080009d8                NMI_Handler
 .text.HardFault_Handler
                0x080009e0        0x8 ./Core/Src/stm32f4xx_it.o
                0x080009e0                HardFault_Handler
 .text.MemManage_Handler
                0x080009e8        0x8 ./Core/Src/stm32f4xx_it.o
                0x080009e8                MemManage_Handler
 .text.BusFault_Handler
                0x080009f0        0x8 ./Core/Src/stm32f4xx_it.o
                0x080009f0                BusFault_Handler
 .text.UsageFault_Handler
                0x080009f8        0x8 ./Core/Src/stm32f4xx_it.o
                0x080009f8                UsageFault_Handler
 .text.SVC_Handler
                0x08000a00        0xe ./Core/Src/stm32f4xx_it.o
                0x08000a00                SVC_Handler
 .text.DebugMon_Handler
                0x08000a0e        0xe ./Core/Src/stm32f4xx_it.o
                0x08000a0e                DebugMon_Handler
 .text.PendSV_Handler
                0x08000a1c        0xe ./Core/Src/stm32f4xx_it.o
                0x08000a1c                PendSV_Handler
 .text.SysTick_Handler
                0x08000a2a        0xc ./Core/Src/stm32f4xx_it.o
                0x08000a2a                SysTick_Handler
 *fill*         0x08000a36        0x2 
 .text.ADC_IRQHandler
                0x08000a38       0x14 ./Core/Src/stm32f4xx_it.o
                0x08000a38                ADC_IRQHandler
 .text.DMA2_Stream0_IRQHandler
                0x08000a4c       0x14 ./Core/Src/stm32f4xx_it.o
                0x08000a4c                DMA2_Stream0_IRQHandler
 .text.OTG_FS_IRQHandler
                0x08000a60       0x14 ./Core/Src/stm32f4xx_it.o
                0x08000a60                OTG_FS_IRQHandler
 .text.SystemInit
                0x08000a74       0x24 ./Core/Src/system_stm32f4xx.o
                0x08000a74                SystemInit
 .text.Reset_Handler
                0x08000a98       0x50 ./Core/Startup/startup_stm32f401retx.o
                0x08000a98                Reset_Handler
 .text.Default_Handler
                0x08000ae8        0x2 ./Core/Startup/startup_stm32f401retx.o
                0x08000ae8                RTC_Alarm_IRQHandler
                0x08000ae8                EXTI2_IRQHandler
                0x08000ae8                SPI4_IRQHandler
                0x08000ae8                TIM1_CC_IRQHandler
                0x08000ae8                DMA2_Stream5_IRQHandler
                0x08000ae8                DMA1_Stream5_IRQHandler
                0x08000ae8                PVD_IRQHandler
                0x08000ae8                SDIO_IRQHandler
                0x08000ae8                TAMP_STAMP_IRQHandler
                0x08000ae8                EXTI3_IRQHandler
                0x08000ae8                TIM1_UP_TIM10_IRQHandler
                0x08000ae8                I2C3_ER_IRQHandler
                0x08000ae8                EXTI0_IRQHandler
                0x08000ae8                I2C2_EV_IRQHandler
                0x08000ae8                DMA1_Stream2_IRQHandler
                0x08000ae8                FPU_IRQHandler
                0x08000ae8                DMA2_Stream2_IRQHandler
                0x08000ae8                SPI1_IRQHandler
                0x08000ae8                TIM1_BRK_TIM9_IRQHandler
                0x08000ae8                DMA2_Stream3_IRQHandler
                0x08000ae8                USART6_IRQHandler
                0x08000ae8                TIM4_IRQHandler
                0x08000ae8                I2C1_EV_IRQHandler
                0x08000ae8                DMA1_Stream6_IRQHandler
                0x08000ae8                DMA1_Stream1_IRQHandler
                0x08000ae8                TIM3_IRQHandler
                0x08000ae8                RCC_IRQHandler
                0x08000ae8                Default_Handler
                0x08000ae8                EXTI15_10_IRQHandler
                0x08000ae8                DMA1_Stream7_IRQHandler
                0x08000ae8                TIM5_IRQHandler
                0x08000ae8                DMA2_Stream7_IRQHandler
                0x08000ae8                I2C3_EV_IRQHandler
                0x08000ae8                EXTI9_5_IRQHandler
                0x08000ae8                RTC_WKUP_IRQHandler
                0x08000ae8                SPI2_IRQHandler
                0x08000ae8                DMA1_Stream0_IRQHandler
                0x08000ae8                EXTI4_IRQHandler
                0x08000ae8                WWDG_IRQHandler
                0x08000ae8                TIM2_IRQHandler
                0x08000ae8                OTG_FS_WKUP_IRQHandler
                0x08000ae8                TIM1_TRG_COM_TIM11_IRQHandler
                0x08000ae8                EXTI1_IRQHandler
                0x08000ae8                USART2_IRQHandler
                0x08000ae8                I2C2_ER_IRQHandler
                0x08000ae8                DMA2_Stream1_IRQHandler
                0x08000ae8                FLASH_IRQHandler
                0x08000ae8                DMA2_Stream4_IRQHandler
                0x08000ae8                USART1_IRQHandler
                0x08000ae8                SPI3_IRQHandler
                0x08000ae8                DMA1_Stream4_IRQHandler
                0x08000ae8                I2C1_ER_IRQHandler
                0x08000ae8                DMA2_Stream6_IRQHandler
                0x08000ae8                DMA1_Stream3_IRQHandler
 *fill*         0x08000aea        0x2 
 .text.HAL_Init
                0x08000aec       0x44 ./Drivers/STM32F4xx_HAL_Driver/Src/stm32f4xx_hal.o
                0x08000aec                HAL_Init
 .text.HAL_InitTick
                0x08000b30       0x60 ./Drivers/STM32F4xx_HAL_Driver/Src/stm32f4xx_hal.o
                0x08000b30                HAL_InitTick
 .text.HAL_IncTick
                0x08000b90       0x28 ./Drivers/STM32F4xx_HAL_Driver/Src/stm32f4xx_hal.o
                0x08000b90                HAL_IncTick
 .text.HAL_GetTick
                0x08000bb8       0x18 ./Drivers/STM32F4xx_HAL_Driver/Src/stm32f4xx_hal.o
                0x08000bb8                HAL_GetTick
 .text.HAL_Delay
                0x08000bd0       0x48 ./Drivers/STM32F4xx_HAL_Driver/Src/stm32f4xx_hal.o
                0x08000bd0                HAL_Delay
 .text.HAL_ADC_Init
                0x08000c18       0x86 ./Drivers/STM32F4xx_HAL_Driver/Src/stm32f4xx_hal_adc.o
                0x08000c18                HAL_ADC_Init
 .text.HAL_ADC_IRQHandler
                0x08000c9e      0x220 ./Drivers/STM32F4xx_HAL_Driver/Src/stm32f4xx_hal_adc.o
                0x08000c9e                HAL_ADC_IRQHandler
 .text.HAL_ADC_ConvCpltCallback
                0x08000ebe       0x14 ./Drivers/STM32F4xx_HAL_Driver/Src/stm32f4xx_hal_adc.o
                0x08000ebe                HAL_ADC_ConvCpltCallback
 .text.HAL_ADC_LevelOutOfWindowCallback
                0x08000ed2       0x14 ./Drivers/STM32F4xx_HAL_Driver/Src/stm32f4xx_hal_adc.o
                0x08000ed2                HAL_ADC_LevelOutOfWindowCallback
 .text.HAL_ADC_ErrorCallback
                0x08000ee6       0x14 ./Drivers/STM32F4xx_HAL_Driver/Src/stm32f4xx_hal_adc.o
                0x08000ee6                HAL_ADC_ErrorCallback
 *fill*         0x08000efa        0x2 
 .text.HAL_ADC_ConfigChannel
                0x08000efc      0x244 ./Drivers/STM32F4xx_HAL_Driver/Src/stm32f4xx_hal_adc.o
                0x08000efc                HAL_ADC_ConfigChannel
 .text.ADC_Init
                0x08001140      0x1f8 ./Drivers/STM32F4xx_HAL_Driver/Src/stm32f4xx_hal_adc.o
 .text.HAL_ADCEx_InjectedConvCpltCallback
                0x08001338       0x14 ./Drivers/STM32F4xx_HAL_Driver/Src/stm32f4xx_hal_adc_ex.o
                0x08001338                HAL_ADCEx_InjectedConvCpltCallback
 .text.__NVIC_SetPriorityGrouping
                0x0800134c       0x48 ./Drivers/STM32F4xx_HAL_Driver/Src/stm32f4xx_hal_cortex.o
 .text.__NVIC_GetPriorityGrouping
                0x08001394       0x1c ./Drivers/STM32F4xx_HAL_Driver/Src/stm32f4xx_hal_cortex.o
 .text.__NVIC_EnableIRQ
                0x080013b0       0x3c ./Drivers/STM32F4xx_HAL_Driver/Src/stm32f4xx_hal_cortex.o
 .text.__NVIC_SetPriority
                0x080013ec       0x54 ./Drivers/STM32F4xx_HAL_Driver/Src/stm32f4xx_hal_cortex.o
 .text.NVIC_EncodePriority
                0x08001440       0x66 ./Drivers/STM32F4xx_HAL_Driver/Src/stm32f4xx_hal_cortex.o
 *fill*         0x080014a6        0x2 
 .text.SysTick_Config
                0x080014a8       0x44 ./Drivers/STM32F4xx_HAL_Driver/Src/stm32f4xx_hal_cortex.o
 .text.HAL_NVIC_SetPriorityGrouping
                0x080014ec       0x16 ./Drivers/STM32F4xx_HAL_Driver/Src/stm32f4xx_hal_cortex.o
                0x080014ec                HAL_NVIC_SetPriorityGrouping
 .text.HAL_NVIC_SetPriority
                0x08001502       0x38 ./Drivers/STM32F4xx_HAL_Driver/Src/stm32f4xx_hal_cortex.o
                0x08001502                HAL_NVIC_SetPriority
 .text.HAL_NVIC_EnableIRQ
                0x0800153a       0x1c ./Drivers/STM32F4xx_HAL_Driver/Src/stm32f4xx_hal_cortex.o
                0x0800153a                HAL_NVIC_EnableIRQ
 .text.HAL_SYSTICK_Config
                0x08001556       0x18 ./Drivers/STM32F4xx_HAL_Driver/Src/stm32f4xx_hal_cortex.o
                0x08001556                HAL_SYSTICK_Config
 *fill*         0x0800156e        0x2 
 .text.HAL_DMA_Init
                0x08001570      0x15c ./Drivers/STM32F4xx_HAL_Driver/Src/stm32f4xx_hal_dma.o
                0x08001570                HAL_DMA_Init
 .text.HAL_DMA_IRQHandler
                0x080016cc      0x314 ./Drivers/STM32F4xx_HAL_Driver/Src/stm32f4xx_hal_dma.o
                0x080016cc                HAL_DMA_IRQHandler
 .text.DMA_CalcBaseAndBitshift
                0x080019e0       0x6c ./Drivers/STM32F4xx_HAL_Driver/Src/stm32f4xx_hal_dma.o
 .text.DMA_CheckFifoParam
                0x08001a4c       0xf8 ./Drivers/STM32F4xx_HAL_Driver/Src/stm32f4xx_hal_dma.o
 .text.HAL_GPIO_Init
                0x08001b44      0x308 ./Drivers/STM32F4xx_HAL_Driver/Src/stm32f4xx_hal_gpio.o
                0x08001b44                HAL_GPIO_Init
 .text.HAL_GPIO_WritePin
                0x08001e4c       0x32 ./Drivers/STM32F4xx_HAL_Driver/Src/stm32f4xx_hal_gpio.o
                0x08001e4c                HAL_GPIO_WritePin
 .text.HAL_PCD_Init
                0x08001e7e      0x21e ./Drivers/STM32F4xx_HAL_Driver/Src/stm32f4xx_hal_pcd.o
                0x08001e7e                HAL_PCD_Init
 .text.HAL_PCD_Start
                0x0800209c       0x6a ./Drivers/STM32F4xx_HAL_Driver/Src/stm32f4xx_hal_pcd.o
                0x0800209c                HAL_PCD_Start
 .text.HAL_PCD_IRQHandler
                0x08002106      0x942 ./Drivers/STM32F4xx_HAL_Driver/Src/stm32f4xx_hal_pcd.o
                0x08002106                HAL_PCD_IRQHandler
 .text.HAL_PCD_SetAddress
                0x08002a48       0x48 ./Drivers/STM32F4xx_HAL_Driver/Src/stm32f4xx_hal_pcd.o
                0x08002a48                HAL_PCD_SetAddress
 .text.HAL_PCD_EP_Open
                0x08002a90       0xd4 ./Drivers/STM32F4xx_HAL_Driver/Src/stm32f4xx_hal_pcd.o
                0x08002a90                HAL_PCD_EP_Open
 .text.HAL_PCD_EP_Close
                0x08002b64       0x94 ./Drivers/STM32F4xx_HAL_Driver/Src/stm32f4xx_hal_pcd.o
                0x08002b64                HAL_PCD_EP_Close
 .text.HAL_PCD_EP_Receive
                0x08002bf8       0x76 ./Drivers/STM32F4xx_HAL_Driver/Src/stm32f4xx_hal_pcd.o
                0x08002bf8                HAL_PCD_EP_Receive
 .text.HAL_PCD_EP_GetRxCount
                0x08002c6e       0x30 ./Drivers/STM32F4xx_HAL_Driver/Src/stm32f4xx_hal_pcd.o
                0x08002c6e                HAL_PCD_EP_GetRxCount
 .text.HAL_PCD_EP_Transmit
                0x08002c9e       0x74 ./Drivers/STM32F4xx_HAL_Driver/Src/stm32f4xx_hal_pcd.o
                0x08002c9e                HAL_PCD_EP_Transmit
 .text.HAL_PCD_EP_SetStall
                0x08002d12       0xc6 ./Drivers/STM32F4xx_HAL_Driver/Src/stm32f4xx_hal_pcd.o
                0x08002d12                HAL_PCD_EP_SetStall
 .text.HAL_PCD_EP_ClrStall
                0x08002dd8       0xac ./Drivers/STM32F4xx_HAL_Driver/Src/stm32f4xx_hal_pcd.o
                0x08002dd8                HAL_PCD_EP_ClrStall
 .text.HAL_PCD_EP_Abort
                0x08002e84       0x62 ./Drivers/STM32F4xx_HAL_Driver/Src/stm32f4xx_hal_pcd.o
                0x08002e84                HAL_PCD_EP_Abort
 .text.PCD_WriteEmptyTxFifo
                0x08002ee6      0x118 ./Drivers/STM32F4xx_HAL_Driver/Src/stm32f4xx_hal_pcd.o
 *fill*         0x08002ffe        0x2 
 .text.PCD_EP_OutXfrComplete_int
                0x08003000      0x1d0 ./Drivers/STM32F4xx_HAL_Driver/Src/stm32f4xx_hal_pcd.o
 .text.PCD_EP_OutSetupPacket_int
                0x080031d0       0x8c ./Drivers/STM32F4xx_HAL_Driver/Src/stm32f4xx_hal_pcd.o
 .text.HAL_PCDEx_SetTxFiFo
                0x0800325c       0x8e ./Drivers/STM32F4xx_HAL_Driver/Src/stm32f4xx_hal_pcd_ex.o
                0x0800325c                HAL_PCDEx_SetTxFiFo
 .text.HAL_PCDEx_SetRxFiFo
                0x080032ea       0x22 ./Drivers/STM32F4xx_HAL_Driver/Src/stm32f4xx_hal_pcd_ex.o
                0x080032ea                HAL_PCDEx_SetRxFiFo
 .text.HAL_PCDEx_LPM_Callback
                0x0800330c       0x18 ./Drivers/STM32F4xx_HAL_Driver/Src/stm32f4xx_hal_pcd_ex.o
                0x0800330c                HAL_PCDEx_LPM_Callback
 .text.HAL_RCC_OscConfig
                0x08003324      0x4f0 ./Drivers/STM32F4xx_HAL_Driver/Src/stm32f4xx_hal_rcc.o
                0x08003324                HAL_RCC_OscConfig
 .text.HAL_RCC_ClockConfig
                0x08003814      0x1cc ./Drivers/STM32F4xx_HAL_Driver/Src/stm32f4xx_hal_rcc.o
                0x08003814                HAL_RCC_ClockConfig
 .text.HAL_RCC_GetSysClockFreq
                0x080039e0      0x20c ./Drivers/STM32F4xx_HAL_Driver/Src/stm32f4xx_hal_rcc.o
                0x080039e0                HAL_RCC_GetSysClockFreq
 .text.HAL_RCC_GetHCLKFreq
                0x08003bec       0x18 ./Drivers/STM32F4xx_HAL_Driver/Src/stm32f4xx_hal_rcc.o
                0x08003bec                HAL_RCC_GetHCLKFreq
 .text.HAL_RCC_GetPCLK1Freq
                0x08003c04       0x28 ./Drivers/STM32F4xx_HAL_Driver/Src/stm32f4xx_hal_rcc.o
                0x08003c04                HAL_RCC_GetPCLK1Freq
 .text.HAL_RCC_GetPCLK2Freq
                0x08003c2c       0x28 ./Drivers/STM32F4xx_HAL_Driver/Src/stm32f4xx_hal_rcc.o
                0x08003c2c                HAL_RCC_GetPCLK2Freq
 .text.HAL_UART_Init
                0x08003c54       0xa0 ./Drivers/STM32F4xx_HAL_Driver/Src/stm32f4xx_hal_uart.o
                0x08003c54                HAL_UART_Init
 .text.UART_SetConfig
                0x08003cf4      0x4e8 ./Drivers/STM32F4xx_HAL_Driver/Src/stm32f4xx_hal_uart.o
 .text.USB_CoreInit
                0x080041dc       0xc8 ./Drivers/STM32F4xx_HAL_Driver/Src/stm32f4xx_ll_usb.o
                0x080041dc                USB_CoreInit
 .text.USB_SetTurnaroundTime
                0x080042a4      0x144 ./Drivers/STM32F4xx_HAL_Driver/Src/stm32f4xx_ll_usb.o
                0x080042a4                USB_SetTurnaroundTime
 .text.USB_EnableGlobalInt
                0x080043e8       0x22 ./Drivers/STM32F4xx_HAL_Driver/Src/stm32f4xx_ll_usb.o
                0x080043e8                USB_EnableGlobalInt
 .text.USB_DisableGlobalInt
                0x0800440a       0x22 ./Drivers/STM32F4xx_HAL_Driver/Src/stm32f4xx_ll_usb.o
                0x0800440a                USB_DisableGlobalInt
 .text.USB_SetCurrentMode
                0x0800442c       0x98 ./Drivers/STM32F4xx_HAL_Driver/Src/stm32f4xx_ll_usb.o
                0x0800442c                USB_SetCurrentMode
 .text.USB_DevInit
                0x080044c4      0x2c8 ./Drivers/STM32F4xx_HAL_Driver/Src/stm32f4xx_ll_usb.o
                0x080044c4                USB_DevInit
 .text.USB_FlushTxFifo
                0x0800478c       0x64 ./Drivers/STM32F4xx_HAL_Driver/Src/stm32f4xx_ll_usb.o
                0x0800478c                USB_FlushTxFifo
 .text.USB_FlushRxFifo
                0x080047f0       0x5c ./Drivers/STM32F4xx_HAL_Driver/Src/stm32f4xx_ll_usb.o
                0x080047f0                USB_FlushRxFifo
 .text.USB_SetDevSpeed
                0x0800484c       0x32 ./Drivers/STM32F4xx_HAL_Driver/Src/stm32f4xx_ll_usb.o
                0x0800484c                USB_SetDevSpeed
 .text.USB_GetDevSpeed
                0x0800487e       0x4a ./Drivers/STM32F4xx_HAL_Driver/Src/stm32f4xx_ll_usb.o
                0x0800487e                USB_GetDevSpeed
 .text.USB_ActivateEndpoint
                0x080048c8      0x10e ./Drivers/STM32F4xx_HAL_Driver/Src/stm32f4xx_ll_usb.o
                0x080048c8                USB_ActivateEndpoint
 *fill*         0x080049d6        0x2 
 .text.USB_DeactivateEndpoint
                0x080049d8      0x1b8 ./Drivers/STM32F4xx_HAL_Driver/Src/stm32f4xx_ll_usb.o
                0x080049d8                USB_DeactivateEndpoint
 .text.USB_EPStartXfer
                0x08004b90      0x53c ./Drivers/STM32F4xx_HAL_Driver/Src/stm32f4xx_ll_usb.o
                0x08004b90                USB_EPStartXfer
 .text.USB_EPStopXfer
                0x080050cc      0x154 ./Drivers/STM32F4xx_HAL_Driver/Src/stm32f4xx_ll_usb.o
                0x080050cc                USB_EPStopXfer
 .text.USB_WritePacket
                0x08005220       0x7c ./Drivers/STM32F4xx_HAL_Driver/Src/stm32f4xx_ll_usb.o
                0x08005220                USB_WritePacket
 .text.USB_ReadPacket
                0x0800529c       0xb0 ./Drivers/STM32F4xx_HAL_Driver/Src/stm32f4xx_ll_usb.o
                0x0800529c                USB_ReadPacket
 .text.USB_EPSetStall
                0x0800534c       0xdc ./Drivers/STM32F4xx_HAL_Driver/Src/stm32f4xx_ll_usb.o
                0x0800534c                USB_EPSetStall
 .text.USB_EPClearStall
                0x08005428       0xcc ./Drivers/STM32F4xx_HAL_Driver/Src/stm32f4xx_ll_usb.o
                0x08005428                USB_EPClearStall
 .text.USB_SetDevAddress
                0x080054f4       0x4c ./Drivers/STM32F4xx_HAL_Driver/Src/stm32f4xx_ll_usb.o
                0x080054f4                USB_SetDevAddress
 .text.USB_DevConnect
                0x08005540       0x42 ./Drivers/STM32F4xx_HAL_Driver/Src/stm32f4xx_ll_usb.o
                0x08005540                USB_DevConnect
 .text.USB_DevDisconnect
                0x08005582       0x42 ./Drivers/STM32F4xx_HAL_Driver/Src/stm32f4xx_ll_usb.o
                0x08005582                USB_DevDisconnect
 .text.USB_ReadInterrupts
                0x080055c4       0x26 ./Drivers/STM32F4xx_HAL_Driver/Src/stm32f4xx_ll_usb.o
                0x080055c4                USB_ReadInterrupts
 .text.USB_ReadDevAllOutEpInterrupt
                0x080055ea       0x34 ./Drivers/STM32F4xx_HAL_Driver/Src/stm32f4xx_ll_usb.o
                0x080055ea                USB_ReadDevAllOutEpInterrupt
 .text.USB_ReadDevAllInEpInterrupt
                0x0800561e       0x34 ./Drivers/STM32F4xx_HAL_Driver/Src/stm32f4xx_ll_usb.o
                0x0800561e                USB_ReadDevAllInEpInterrupt
 .text.USB_ReadDevOutEPInterrupt
                0x08005652       0x3c ./Drivers/STM32F4xx_HAL_Driver/Src/stm32f4xx_ll_usb.o
                0x08005652                USB_ReadDevOutEPInterrupt
 .text.USB_ReadDevInEPInterrupt
                0x0800568e       0x5c ./Drivers/STM32F4xx_HAL_Driver/Src/stm32f4xx_ll_usb.o
                0x0800568e                USB_ReadDevInEPInterrupt
 .text.USB_GetMode
                0x080056ea       0x1c ./Drivers/STM32F4xx_HAL_Driver/Src/stm32f4xx_ll_usb.o
                0x080056ea                USB_GetMode
 .text.USB_ActivateSetup
                0x08005706       0x46 ./Drivers/STM32F4xx_HAL_Driver/Src/stm32f4xx_ll_usb.o
                0x08005706                USB_ActivateSetup
 .text.USB_EP0_OutStart
                0x0800574c       0xbc ./Drivers/STM32F4xx_HAL_Driver/Src/stm32f4xx_ll_usb.o
                0x0800574c                USB_EP0_OutStart
 .text.USB_CoreReset
                0x08005808       0x62 ./Drivers/STM32F4xx_HAL_Driver/Src/stm32f4xx_ll_usb.o
 *fill*         0x0800586a        0x2 
 .text.USBD_CDC_Init
                0x0800586c      0x1f0 ./Middlewares/ST/STM32_USB_Device_Library/Class/CDC/Src/usbd_cdc.o
 .text.USBD_CDC_DeInit
                0x08005a5c      0x104 ./Middlewares/ST/STM32_USB_Device_Library/Class/CDC/Src/usbd_cdc.o
 .text.USBD_CDC_Setup
                0x08005b60      0x1b8 ./Middlewares/ST/STM32_USB_Device_Library/Class/CDC/Src/usbd_cdc.o
 .text.USBD_CDC_DataIn
                0x08005d18       0xfe ./Middlewares/ST/STM32_USB_Device_Library/Class/CDC/Src/usbd_cdc.o
 .text.USBD_CDC_DataOut
                0x08005e16       0x70 ./Middlewares/ST/STM32_USB_Device_Library/Class/CDC/Src/usbd_cdc.o
 .text.USBD_CDC_EP0_RxReady
                0x08005e86       0x74 ./Middlewares/ST/STM32_USB_Device_Library/Class/CDC/Src/usbd_cdc.o
 *fill*         0x08005efa        0x2 
 .text.USBD_CDC_GetFSCfgDesc
                0x08005efc       0x70 ./Middlewares/ST/STM32_USB_Device_Library/Class/CDC/Src/usbd_cdc.o
 .text.USBD_CDC_GetHSCfgDesc
                0x08005f6c       0x70 ./Middlewares/ST/STM32_USB_Device_Library/Class/CDC/Src/usbd_cdc.o
 .text.USBD_CDC_GetOtherSpeedCfgDesc
                0x08005fdc       0x70 ./Middlewares/ST/STM32_USB_Device_Library/Class/CDC/Src/usbd_cdc.o
 .text.USBD_CDC_GetDeviceQualifierDescriptor
                0x0800604c       0x20 ./Middlewares/ST/STM32_USB_Device_Library/Class/CDC/Src/usbd_cdc.o
                0x0800604c                USBD_CDC_GetDeviceQualifierDescriptor
 .text.USBD_CDC_RegisterInterface
                0x0800606c       0x34 ./Middlewares/ST/STM32_USB_Device_Library/Class/CDC/Src/usbd_cdc.o
                0x0800606c                USBD_CDC_RegisterInterface
 .text.USBD_CDC_SetTxBuffer
                0x080060a0       0x44 ./Middlewares/ST/STM32_USB_Device_Library/Class/CDC/Src/usbd_cdc.o
                0x080060a0                USBD_CDC_SetTxBuffer
 .text.USBD_CDC_SetRxBuffer
                0x080060e4       0x3a ./Middlewares/ST/STM32_USB_Device_Library/Class/CDC/Src/usbd_cdc.o
                0x080060e4                USBD_CDC_SetRxBuffer
 *fill*         0x0800611e        0x2 
 .text.USBD_CDC_ReceivePacket
                0x08006120       0x6c ./Middlewares/ST/STM32_USB_Device_Library/Class/CDC/Src/usbd_cdc.o
                0x08006120                USBD_CDC_ReceivePacket
 .text.USBD_Init
                0x0800618c       0x60 ./Middlewares/ST/STM32_USB_Device_Library/Core/Src/usbd_core.o
                0x0800618c                USBD_Init
 .text.USBD_RegisterClass
                0x080061ec       0x6c ./Middlewares/ST/STM32_USB_Device_Library/Core/Src/usbd_core.o
                0x080061ec                USBD_RegisterClass
 .text.USBD_Start
                0x08006258       0x18 ./Middlewares/ST/STM32_USB_Device_Library/Core/Src/usbd_core.o
                0x08006258                USBD_Start
 .text.USBD_RunTestMode
                0x08006270       0x16 ./Middlewares/ST/STM32_USB_Device_Library/Core/Src/usbd_core.o
                0x08006270                USBD_RunTestMode
 .text.USBD_SetClassConfig
                0x08006286       0x38 ./Middlewares/ST/STM32_USB_Device_Library/Core/Src/usbd_core.o
                0x08006286                USBD_SetClassConfig
 .text.USBD_ClrClassConfig
                0x080062be       0x34 ./Middlewares/ST/STM32_USB_Device_Library/Core/Src/usbd_core.o
                0x080062be                USBD_ClrClassConfig
 .text.USBD_LL_SetupStage
                0x080062f2       0xaa ./Middlewares/ST/STM32_USB_Device_Library/Core/Src/usbd_core.o
                0x080062f2                USBD_LL_SetupStage
 .text.USBD_LL_DataOutStage
                0x0800639c      0x166 ./Middlewares/ST/STM32_USB_Device_Library/Core/Src/usbd_core.o
                0x0800639c                USBD_LL_DataOutStage
 .text.USBD_LL_DataInStage
                0x08006502      0x164 ./Middlewares/ST/STM32_USB_Device_Library/Core/Src/usbd_core.o
                0x08006502                USBD_LL_DataInStage
 .text.USBD_LL_Reset
                0x08006666       0xa4 ./Middlewares/ST/STM32_USB_Device_Library/Core/Src/usbd_core.o
                0x08006666                USBD_LL_Reset
 .text.USBD_LL_SetSpeed
                0x0800670a       0x20 ./Middlewares/ST/STM32_USB_Device_Library/Core/Src/usbd_core.o
                0x0800670a                USBD_LL_SetSpeed
 .text.USBD_LL_Suspend
                0x0800672a       0x38 ./Middlewares/ST/STM32_USB_Device_Library/Core/Src/usbd_core.o
                0x0800672a                USBD_LL_Suspend
 .text.USBD_LL_Resume
                0x08006762       0x30 ./Middlewares/ST/STM32_USB_Device_Library/Core/Src/usbd_core.o
                0x08006762                USBD_LL_Resume
 .text.USBD_LL_SOF
                0x08006792       0x40 ./Middlewares/ST/STM32_USB_Device_Library/Core/Src/usbd_core.o
                0x08006792                USBD_LL_SOF
 .text.USBD_LL_IsoINIncomplete
                0x080067d2       0x64 ./Middlewares/ST/STM32_USB_Device_Library/Core/Src/usbd_core.o
                0x080067d2                USBD_LL_IsoINIncomplete
 .text.USBD_LL_IsoOUTIncomplete
                0x08006836       0x64 ./Middlewares/ST/STM32_USB_Device_Library/Core/Src/usbd_core.o
                0x08006836                USBD_LL_IsoOUTIncomplete
 .text.USBD_LL_DevConnected
                0x0800689a       0x16 ./Middlewares/ST/STM32_USB_Device_Library/Core/Src/usbd_core.o
                0x0800689a                USBD_LL_DevConnected
 .text.USBD_LL_DevDisconnected
                0x080068b0       0x46 ./Middlewares/ST/STM32_USB_Device_Library/Core/Src/usbd_core.o
                0x080068b0                USBD_LL_DevDisconnected
 .text.USBD_CoreFindIF
                0x080068f6       0x1a ./Middlewares/ST/STM32_USB_Device_Library/Core/Src/usbd_core.o
                0x080068f6                USBD_CoreFindIF
 .text.USBD_CoreFindEP
                0x08006910       0x1a ./Middlewares/ST/STM32_USB_Device_Library/Core/Src/usbd_core.o
                0x08006910                USBD_CoreFindEP
 .text.USBD_GetEpDesc
                0x0800692a       0x70 ./Middlewares/ST/STM32_USB_Device_Library/Core/Src/usbd_core.o
                0x0800692a                USBD_GetEpDesc
 .text.USBD_GetNextDesc
                0x0800699a       0x38 ./Middlewares/ST/STM32_USB_Device_Library/Core/Src/usbd_core.o
                0x0800699a                USBD_GetNextDesc
 .text.SWAPBYTE
                0x080069d2       0x3c ./Middlewares/ST/STM32_USB_Device_Library/Core/Src/usbd_ctlreq.o
 *fill*         0x08006a0e        0x2 
 .text.USBD_StdDevReq
                0x08006a10       0xe4 ./Middlewares/ST/STM32_USB_Device_Library/Core/Src/usbd_ctlreq.o
                0x08006a10                USBD_StdDevReq
 .text.USBD_StdItfReq
                0x08006af4       0xd8 ./Middlewares/ST/STM32_USB_Device_Library/Core/Src/usbd_ctlreq.o
                0x08006af4                USBD_StdItfReq
 .text.USBD_StdEPReq
                0x08006bcc      0x33a ./Middlewares/ST/STM32_USB_Device_Library/Core/Src/usbd_ctlreq.o
                0x08006bcc                USBD_StdEPReq
 *fill*         0x08006f06        0x2 
 .text.USBD_GetDescriptor
                0x08006f08      0x2d4 ./Middlewares/ST/STM32_USB_Device_Library/Core/Src/usbd_ctlreq.o
 .text.USBD_SetAddress
                0x080071dc       0x88 ./Middlewares/ST/STM32_USB_Device_Library/Core/Src/usbd_ctlreq.o
 .text.USBD_SetConfig
                0x08007264      0x154 ./Middlewares/ST/STM32_USB_Device_Library/Core/Src/usbd_ctlreq.o
 .text.USBD_GetConfig
                0x080073b8       0x6c ./Middlewares/ST/STM32_USB_Device_Library/Core/Src/usbd_ctlreq.o
 .text.USBD_GetStatus
                0x08007424       0x68 ./Middlewares/ST/STM32_USB_Device_Library/Core/Src/usbd_ctlreq.o
 .text.USBD_SetFeature
                0x0800748c       0x52 ./Middlewares/ST/STM32_USB_Device_Library/Core/Src/usbd_ctlreq.o
 .text.USBD_ClrFeature
                0x080074de       0x44 ./Middlewares/ST/STM32_USB_Device_Library/Core/Src/usbd_ctlreq.o
 .text.USBD_ParseSetupRequest
                0x08007522       0x74 ./Middlewares/ST/STM32_USB_Device_Library/Core/Src/usbd_ctlreq.o
                0x08007522                USBD_ParseSetupRequest
 .text.USBD_CtlError
                0x08007596       0x22 ./Middlewares/ST/STM32_USB_Device_Library/Core/Src/usbd_ctlreq.o
                0x08007596                USBD_CtlError
 .text.USBD_GetString
                0x080075b8       0xa4 ./Middlewares/ST/STM32_USB_Device_Library/Core/Src/usbd_ctlreq.o
                0x080075b8                USBD_GetString
 .text.USBD_GetLen
                0x0800765c       0x34 ./Middlewares/ST/STM32_USB_Device_Library/Core/Src/usbd_ctlreq.o
 .text.USBD_CtlSendData
                0x08007690       0x36 ./Middlewares/ST/STM32_USB_Device_Library/Core/Src/usbd_ioreq.o
                0x08007690                USBD_CtlSendData
 .text.USBD_CtlContinueSendData
                0x080076c6       0x22 ./Middlewares/ST/STM32_USB_Device_Library/Core/Src/usbd_ioreq.o
                0x080076c6                USBD_CtlContinueSendData
 .text.USBD_CtlPrepareRx
                0x080076e8       0x3a ./Middlewares/ST/STM32_USB_Device_Library/Core/Src/usbd_ioreq.o
                0x080076e8                USBD_CtlPrepareRx
 .text.USBD_CtlContinueRx
                0x08007722       0x22 ./Middlewares/ST/STM32_USB_Device_Library/Core/Src/usbd_ioreq.o
                0x08007722                USBD_CtlContinueRx
 .text.USBD_CtlSendStatus
                0x08007744       0x26 ./Middlewares/ST/STM32_USB_Device_Library/Core/Src/usbd_ioreq.o
                0x08007744                USBD_CtlSendStatus
 .text.USBD_CtlReceiveStatus
                0x0800776a       0x26 ./Middlewares/ST/STM32_USB_Device_Library/Core/Src/usbd_ioreq.o
                0x0800776a                USBD_CtlReceiveStatus
 .text.MX_USB_DEVICE_Init
                0x08007790       0x60 ./USB_DEVICE/App/usb_device.o
                0x08007790                MX_USB_DEVICE_Init
 .text.CDC_Init_FS
                0x080077f0       0x28 ./USB_DEVICE/App/usbd_cdc_if.o
 .text.CDC_DeInit_FS
                0x08007818       0x10 ./USB_DEVICE/App/usbd_cdc_if.o
 .text.CDC_Control_FS
                0x08007828       0xbc ./USB_DEVICE/App/usbd_cdc_if.o
 .text.CDC_Receive_FS
                0x080078e4       0x28 ./USB_DEVICE/App/usbd_cdc_if.o
 .text.CDC_TransmitCplt_FS
                0x0800790c       0x22 ./USB_DEVICE/App/usbd_cdc_if.o
 *fill*         0x0800792e        0x2 
 .text.USBD_FS_DeviceDescriptor
                0x08007930       0x24 ./USB_DEVICE/App/usbd_desc.o
                0x08007930                USBD_FS_DeviceDescriptor
 .text.USBD_FS_LangIDStrDescriptor
                0x08007954       0x24 ./USB_DEVICE/App/usbd_desc.o
                0x08007954                USBD_FS_LangIDStrDescriptor
 .text.USBD_FS_ProductStrDescriptor
                0x08007978       0x3c ./USB_DEVICE/App/usbd_desc.o
                0x08007978                USBD_FS_ProductStrDescriptor
 .text.USBD_FS_ManufacturerStrDescriptor
                0x080079b4       0x28 ./USB_DEVICE/App/usbd_desc.o
                0x080079b4                USBD_FS_ManufacturerStrDescriptor
 .text.USBD_FS_SerialStrDescriptor
                0x080079dc       0x24 ./USB_DEVICE/App/usbd_desc.o
                0x080079dc                USBD_FS_SerialStrDescriptor
 .text.USBD_FS_ConfigStrDescriptor
                0x08007a00       0x3c ./USB_DEVICE/App/usbd_desc.o
                0x08007a00                USBD_FS_ConfigStrDescriptor
 .text.USBD_FS_InterfaceStrDescriptor
                0x08007a3c       0x3c ./USB_DEVICE/App/usbd_desc.o
                0x08007a3c                USBD_FS_InterfaceStrDescriptor
 .text.Get_SerialNum
                0x08007a78       0x58 ./USB_DEVICE/App/usbd_desc.o
 .text.IntToUnicode
                0x08007ad0       0x7e ./USB_DEVICE/App/usbd_desc.o
 *fill*         0x08007b4e        0x2 
 .text.HAL_PCD_MspInit
                0x08007b50       0xa8 ./USB_DEVICE/Target/usbd_conf.o
                0x08007b50                HAL_PCD_MspInit
 .text.HAL_PCD_SetupStageCallback
                0x08007bf8       0x24 ./USB_DEVICE/Target/usbd_conf.o
                0x08007bf8                HAL_PCD_SetupStageCallback
 .text.HAL_PCD_DataOutStageCallback
                0x08007c1c       0x36 ./USB_DEVICE/Target/usbd_conf.o
                0x08007c1c                HAL_PCD_DataOutStageCallback
 .text.HAL_PCD_DataInStageCallback
                0x08007c52       0x34 ./USB_DEVICE/Target/usbd_conf.o
                0x08007c52                HAL_PCD_DataInStageCallback
 .text.HAL_PCD_SOFCallback
                0x08007c86       0x1c ./USB_DEVICE/Target/usbd_conf.o
                0x08007c86                HAL_PCD_SOFCallback
 .text.HAL_PCD_ResetCallback
                0x08007ca2       0x50 ./USB_DEVICE/Target/usbd_conf.o
                0x08007ca2                HAL_PCD_ResetCallback
 *fill*         0x08007cf2        0x2 
 .text.HAL_PCD_SuspendCallback
                0x08007cf4       0x4c ./USB_DEVICE/Target/usbd_conf.o
                0x08007cf4                HAL_PCD_SuspendCallback
 .text.HAL_PCD_ResumeCallback
                0x08007d40       0x1c ./USB_DEVICE/Target/usbd_conf.o
                0x08007d40                HAL_PCD_ResumeCallback
 .text.HAL_PCD_ISOOUTIncompleteCallback
                0x08007d5c       0x24 ./USB_DEVICE/Target/usbd_conf.o
                0x08007d5c                HAL_PCD_ISOOUTIncompleteCallback
 .text.HAL_PCD_ISOINIncompleteCallback
                0x08007d80       0x24 ./USB_DEVICE/Target/usbd_conf.o
                0x08007d80                HAL_PCD_ISOINIncompleteCallback
 .text.HAL_PCD_ConnectCallback
                0x08007da4       0x1c ./USB_DEVICE/Target/usbd_conf.o
                0x08007da4                HAL_PCD_ConnectCallback
 .text.HAL_PCD_DisconnectCallback
                0x08007dc0       0x1c ./USB_DEVICE/Target/usbd_conf.o
                0x08007dc0                HAL_PCD_DisconnectCallback
 .text.USBD_LL_Init
                0x08007ddc       0x98 ./USB_DEVICE/Target/usbd_conf.o
                0x08007ddc                USBD_LL_Init
 .text.USBD_LL_Start
                0x08007e74       0x36 ./USB_DEVICE/Target/usbd_conf.o
                0x08007e74                USBD_LL_Start
 .text.USBD_LL_OpenEP
                0x08007eaa       0x4c ./USB_DEVICE/Target/usbd_conf.o
                0x08007eaa                USBD_LL_OpenEP
 .text.USBD_LL_CloseEP
                0x08007ef6       0x3e ./USB_DEVICE/Target/usbd_conf.o
                0x08007ef6                USBD_LL_CloseEP
 .text.USBD_LL_StallEP
                0x08007f34       0x3e ./USB_DEVICE/Target/usbd_conf.o
                0x08007f34                USBD_LL_StallEP
 .text.USBD_LL_ClearStallEP
                0x08007f72       0x3e ./USB_DEVICE/Target/usbd_conf.o
                0x08007f72                USBD_LL_ClearStallEP
 .text.USBD_LL_IsStallEP
                0x08007fb0       0x58 ./USB_DEVICE/Target/usbd_conf.o
                0x08007fb0                USBD_LL_IsStallEP
 .text.USBD_LL_SetUSBAddress
                0x08008008       0x3e ./USB_DEVICE/Target/usbd_conf.o
                0x08008008                USBD_LL_SetUSBAddress
 .text.USBD_LL_Transmit
                0x08008046       0x42 ./USB_DEVICE/Target/usbd_conf.o
                0x08008046                USBD_LL_Transmit
 .text.USBD_LL_PrepareReceive
                0x08008088       0x42 ./USB_DEVICE/Target/usbd_conf.o
                0x08008088                USBD_LL_PrepareReceive
 .text.USBD_LL_GetRxDataSize
                0x080080ca       0x26 ./USB_DEVICE/Target/usbd_conf.o
                0x080080ca                USBD_LL_GetRxDataSize
 .text.USBD_static_malloc
                0x080080f0       0x1c ./USB_DEVICE/Target/usbd_conf.o
                0x080080f0                USBD_static_malloc
 .text.USBD_static_free
                0x0800810c       0x14 ./USB_DEVICE/Target/usbd_conf.o
                0x0800810c                USBD_static_free
 .text.USBD_Get_USB_Status
                0x08008120       0x58 ./USB_DEVICE/Target/usbd_conf.o
                0x08008120                USBD_Get_USB_Status
 .text.memset   0x08008178       0x10 D:/WorkSoftware/STM32CubeIDE_1.16.1/STM32CubeIDE/plugins/com.st.stm32cube.ide.mcu.externaltools.gnu-tools-for-stm32.12.3.rel1.win32_1.0.200.202406191623/tools/bin/../lib/gcc/arm-none-eabi/12.3.1/../../../../arm-none-eabi/lib/thumb/v7e-m+fp/hard\libc_nano.a(libc_a-memset.o)
                0x08008178                memset
 .text.__libc_init_array
                0x08008188       0x48 D:/WorkSoftware/STM32CubeIDE_1.16.1/STM32CubeIDE/plugins/com.st.stm32cube.ide.mcu.externaltools.gnu-tools-for-stm32.12.3.rel1.win32_1.0.200.202406191623/tools/bin/../lib/gcc/arm-none-eabi/12.3.1/../../../../arm-none-eabi/lib/thumb/v7e-m+fp/hard\libc_nano.a(libc_a-init.o)
                0x08008188                __libc_init_array
 *(.glue_7)
 .glue_7        0x080081d0        0x0 linker stubs
 *(.glue_7t)
 .glue_7t       0x080081d0        0x0 linker stubs
 *(.eh_frame)
 .eh_frame      0x080081d0        0x0 D:/WorkSoftware/STM32CubeIDE_1.16.1/STM32CubeIDE/plugins/com.st.stm32cube.ide.mcu.externaltools.gnu-tools-for-stm32.12.3.rel1.win32_1.0.200.202406191623/tools/bin/../lib/gcc/arm-none-eabi/12.3.1/thumb/v7e-m+fp/hard/crtbegin.o
 *(.init)
 .init          0x080081d0        0x4 D:/WorkSoftware/STM32CubeIDE_1.16.1/STM32CubeIDE/plugins/com.st.stm32cube.ide.mcu.externaltools.gnu-tools-for-stm32.12.3.rel1.win32_1.0.200.202406191623/tools/bin/../lib/gcc/arm-none-eabi/12.3.1/thumb/v7e-m+fp/hard/crti.o
                0x080081d0                _init
 .init          0x080081d4        0x8 D:/WorkSoftware/STM32CubeIDE_1.16.1/STM32CubeIDE/plugins/com.st.stm32cube.ide.mcu.externaltools.gnu-tools-for-stm32.12.3.rel1.win32_1.0.200.202406191623/tools/bin/../lib/gcc/arm-none-eabi/12.3.1/thumb/v7e-m+fp/hard/crtn.o
 *(.fini)
 .fini          0x080081dc        0x4 D:/WorkSoftware/STM32CubeIDE_1.16.1/STM32CubeIDE/plugins/com.st.stm32cube.ide.mcu.externaltools.gnu-tools-for-stm32.12.3.rel1.win32_1.0.200.202406191623/tools/bin/../lib/gcc/arm-none-eabi/12.3.1/thumb/v7e-m+fp/hard/crti.o
                0x080081dc                _fini
 .fini          0x080081e0        0x8 D:/WorkSoftware/STM32CubeIDE_1.16.1/STM32CubeIDE/plugins/com.st.stm32cube.ide.mcu.externaltools.gnu-tools-for-stm32.12.3.rel1.win32_1.0.200.202406191623/tools/bin/../lib/gcc/arm-none-eabi/12.3.1/thumb/v7e-m+fp/hard/crtn.o
                0x080081e8                        . = ALIGN (0x4)
                0x080081e8                        _etext = .

.vfp11_veneer   0x080081e8        0x0
 .vfp11_veneer  0x080081e8        0x0 linker stubs

.v4_bx          0x080081e8        0x0
 .v4_bx         0x080081e8        0x0 linker stubs

.iplt           0x080081e8        0x0
 .iplt          0x080081e8        0x0 D:/WorkSoftware/STM32CubeIDE_1.16.1/STM32CubeIDE/plugins/com.st.stm32cube.ide.mcu.externaltools.gnu-tools-for-stm32.12.3.rel1.win32_1.0.200.202406191623/tools/bin/../lib/gcc/arm-none-eabi/12.3.1/thumb/v7e-m+fp/hard/crtbegin.o

.rodata         0x080081e8       0x68
                0x080081e8                        . = ALIGN (0x4)
 *(.rodata)
 .rodata        0x080081e8       0x46 ./USB_DEVICE/App/usbd_desc.o
 *(.rodata*)
 *fill*         0x0800822e        0x2 
 .rodata.AHBPrescTable
                0x08008230       0x10 ./Core/Src/system_stm32f4xx.o
                0x08008230                AHBPrescTable
 .rodata.APBPrescTable
                0x08008240        0x8 ./Core/Src/system_stm32f4xx.o
                0x08008240                APBPrescTable
 .rodata.flagBitshiftOffset.0
                0x08008248        0x8 ./Drivers/STM32F4xx_HAL_Driver/Src/stm32f4xx_hal_dma.o
                0x08008250                        . = ALIGN (0x4)

.ARM.extab      0x08008250        0x0
                0x08008250                        . = ALIGN (0x4)
 *(.ARM.extab* .gnu.linkonce.armextab.*)
                0x08008250                        . = ALIGN (0x4)

.ARM            0x08008250        0x8
                0x08008250                        . = ALIGN (0x4)
                0x08008250                        __exidx_start = .
 *(.ARM.exidx*)
 .ARM.exidx     0x08008250        0x8 D:/WorkSoftware/STM32CubeIDE_1.16.1/STM32CubeIDE/plugins/com.st.stm32cube.ide.mcu.externaltools.gnu-tools-for-stm32.12.3.rel1.win32_1.0.200.202406191623/tools/bin/../lib/gcc/arm-none-eabi/12.3.1/thumb/v7e-m+fp/hard\libgcc.a(_udivmoddi4.o)
                0x08008258                        __exidx_end = .
                0x08008258                        . = ALIGN (0x4)

.preinit_array  0x08008258        0x0
                0x08008258                        . = ALIGN (0x4)
                0x08008258                        PROVIDE (__preinit_array_start = .)
 *(.preinit_array*)
                0x08008258                        PROVIDE (__preinit_array_end = .)
                0x08008258                        . = ALIGN (0x4)

.init_array     0x08008258        0x4
                0x08008258                        . = ALIGN (0x4)
                0x08008258                        PROVIDE (__init_array_start = .)
 *(SORT_BY_NAME(.init_array.*))
 *(.init_array*)
 .init_array    0x08008258        0x4 D:/WorkSoftware/STM32CubeIDE_1.16.1/STM32CubeIDE/plugins/com.st.stm32cube.ide.mcu.externaltools.gnu-tools-for-stm32.12.3.rel1.win32_1.0.200.202406191623/tools/bin/../lib/gcc/arm-none-eabi/12.3.1/thumb/v7e-m+fp/hard/crtbegin.o
                0x0800825c                        PROVIDE (__init_array_end = .)
                0x0800825c                        . = ALIGN (0x4)

.fini_array     0x0800825c        0x4
                0x0800825c                        . = ALIGN (0x4)
                [!provide]                        PROVIDE (__fini_array_start = .)
 *(SORT_BY_NAME(.fini_array.*))
 *(.fini_array*)
 .fini_array    0x0800825c        0x4 D:/WorkSoftware/STM32CubeIDE_1.16.1/STM32CubeIDE/plugins/com.st.stm32cube.ide.mcu.externaltools.gnu-tools-for-stm32.12.3.rel1.win32_1.0.200.202406191623/tools/bin/../lib/gcc/arm-none-eabi/12.3.1/thumb/v7e-m+fp/hard/crtbegin.o
                [!provide]                        PROVIDE (__fini_array_end = .)
                0x08008260                        . = ALIGN (0x4)
                0x08008260                        _sidata = LOADADDR (.data)

.rel.dyn        0x08008260        0x0
 .rel.iplt      0x08008260        0x0 D:/WorkSoftware/STM32CubeIDE_1.16.1/STM32CubeIDE/plugins/com.st.stm32cube.ide.mcu.externaltools.gnu-tools-for-stm32.12.3.rel1.win32_1.0.200.202406191623/tools/bin/../lib/gcc/arm-none-eabi/12.3.1/thumb/v7e-m+fp/hard/crtbegin.o

.data           0x20000000       0xfc load address 0x08008260
                0x20000000                        . = ALIGN (0x4)
                0x20000000                        _sdata = .
 *(.data)
 *(.data*)
 .data.SystemCoreClock
                0x20000000        0x4 ./Core/Src/system_stm32f4xx.o
                0x20000000                SystemCoreClock
 .data.uwTickPrio
                0x20000004        0x4 ./Drivers/STM32F4xx_HAL_Driver/Src/stm32f4xx_hal.o
                0x20000004                uwTickPrio
 .data.uwTickFreq
                0x20000008        0x1 ./Drivers/STM32F4xx_HAL_Driver/Src/stm32f4xx_hal.o
                0x20000008                uwTickFreq
 *fill*         0x20000009        0x3 
 .data.USBD_CDC_DeviceQualifierDesc
                0x2000000c        0xa ./Middlewares/ST/STM32_USB_Device_Library/Class/CDC/Src/usbd_cdc.o
 *fill*         0x20000016        0x2 
 .data.USBD_CDC
                0x20000018       0x38 ./Middlewares/ST/STM32_USB_Device_Library/Class/CDC/Src/usbd_cdc.o
                0x20000018                USBD_CDC
 .data.USBD_CDC_CfgDesc
                0x20000050       0x43 ./Middlewares/ST/STM32_USB_Device_Library/Class/CDC/Src/usbd_cdc.o
 .data.CDCInEpAdd
                0x20000093        0x1 ./Middlewares/ST/STM32_USB_Device_Library/Class/CDC/Src/usbd_cdc.o
 .data.CDCOutEpAdd
                0x20000094        0x1 ./Middlewares/ST/STM32_USB_Device_Library/Class/CDC/Src/usbd_cdc.o
 .data.CDCCmdEpAdd
                0x20000095        0x1 ./Middlewares/ST/STM32_USB_Device_Library/Class/CDC/Src/usbd_cdc.o
 *fill*         0x20000096        0x2 
 .data.USBD_Interface_fops_FS
                0x20000098       0x14 ./USB_DEVICE/App/usbd_cdc_if.o
                0x20000098                USBD_Interface_fops_FS
 .data.FS_Desc  0x200000ac       0x1c ./USB_DEVICE/App/usbd_desc.o
                0x200000ac                FS_Desc
 .data.USBD_FS_DeviceDesc
                0x200000c8       0x12 ./USB_DEVICE/App/usbd_desc.o
                0x200000c8                USBD_FS_DeviceDesc
 *fill*         0x200000da        0x2 
 .data.USBD_LangIDDesc
                0x200000dc        0x4 ./USB_DEVICE/App/usbd_desc.o
                0x200000dc                USBD_LangIDDesc
 .data.USBD_StringSerial
                0x200000e0       0x1a ./USB_DEVICE/App/usbd_desc.o
                0x200000e0                USBD_StringSerial
 *(.RamFunc)
 *(.RamFunc*)
                0x200000fc                        . = ALIGN (0x4)
 *fill*         0x200000fa        0x2 
                0x200000fc                        _edata = .

.igot.plt       0x200000fc        0x0 load address 0x0800835c
 .igot.plt      0x200000fc        0x0 D:/WorkSoftware/STM32CubeIDE_1.16.1/STM32CubeIDE/plugins/com.st.stm32cube.ide.mcu.externaltools.gnu-tools-for-stm32.12.3.rel1.win32_1.0.200.202406191623/tools/bin/../lib/gcc/arm-none-eabi/12.3.1/thumb/v7e-m+fp/hard/crtbegin.o
                0x200000fc                        . = ALIGN (0x4)

.bss            0x200000fc     0x1cf4 load address 0x0800835c
                0x200000fc                        _sbss = .
                0x200000fc                        __bss_start__ = _sbss
 *(.bss)
 .bss           0x200000fc       0x1c D:/WorkSoftware/STM32CubeIDE_1.16.1/STM32CubeIDE/plugins/com.st.stm32cube.ide.mcu.externaltools.gnu-tools-for-stm32.12.3.rel1.win32_1.0.200.202406191623/tools/bin/../lib/gcc/arm-none-eabi/12.3.1/thumb/v7e-m+fp/hard/crtbegin.o
 *(.bss*)
 .bss.hadc1     0x20000118       0x48 ./Core/Src/main.o
                0x20000118                hadc1
 .bss.hdma_adc1
                0x20000160       0x60 ./Core/Src/main.o
                0x20000160                hdma_adc1
 .bss.huart1    0x200001c0       0x48 ./Core/Src/main.o
                0x200001c0                huart1
 .bss.uwTick    0x20000208        0x4 ./Drivers/STM32F4xx_HAL_Driver/Src/stm32f4xx_hal.o
                0x20000208                uwTick
 .bss.cfgidx.0  0x2000020c        0x1 ./Middlewares/ST/STM32_USB_Device_Library/Core/Src/usbd_ctlreq.o
 *fill*         0x2000020d        0x3 
 .bss.hUsbDeviceFS
                0x20000210      0x2dc ./USB_DEVICE/App/usb_device.o
                0x20000210                hUsbDeviceFS
 .bss.UserRxBufferFS
                0x200004ec      0x800 ./USB_DEVICE/App/usbd_cdc_if.o
                0x200004ec                UserRxBufferFS
 .bss.UserTxBufferFS
                0x20000cec      0x800 ./USB_DEVICE/App/usbd_cdc_if.o
                0x20000cec                UserTxBufferFS
 .bss.USBD_StrDesc
                0x200014ec      0x200 ./USB_DEVICE/App/usbd_desc.o
                0x200014ec                USBD_StrDesc
 .bss.hpcd_USB_OTG_FS
                0x200016ec      0x4e4 ./USB_DEVICE/Target/usbd_conf.o
                0x200016ec                hpcd_USB_OTG_FS
 .bss.mem.0     0x20001bd0      0x220 ./USB_DEVICE/Target/usbd_conf.o
 *(COMMON)
                0x20001df0                        . = ALIGN (0x4)
                0x20001df0                        _ebss = .
                0x20001df0                        __bss_end__ = _ebss

._user_heap_stack
                0x20001df0      0x600 load address 0x0800835c
                0x20001df0                        . = ALIGN (0x8)
                [!provide]                        PROVIDE (end = .)
                0x20001df0                        PROVIDE (_end = .)
                0x20001ff0                        . = (. + _Min_Heap_Size)
 *fill*         0x20001df0      0x200 
                0x200023f0                        . = (. + _Min_Stack_Size)
 *fill*         0x20001ff0      0x400 
                0x200023f0                        . = ALIGN (0x8)

/DISCARD/
 libc.a(*)
 libm.a(*)
 libgcc.a(*)

.ARM.attributes
                0x00000000       0x30
 *(.ARM.attributes)
 .ARM.attributes
                0x00000000       0x22 D:/WorkSoftware/STM32CubeIDE_1.16.1/STM32CubeIDE/plugins/com.st.stm32cube.ide.mcu.externaltools.gnu-tools-for-stm32.12.3.rel1.win32_1.0.200.202406191623/tools/bin/../lib/gcc/arm-none-eabi/12.3.1/thumb/v7e-m+fp/hard/crti.o
 .ARM.attributes
                0x00000022       0x34 D:/WorkSoftware/STM32CubeIDE_1.16.1/STM32CubeIDE/plugins/com.st.stm32cube.ide.mcu.externaltools.gnu-tools-for-stm32.12.3.rel1.win32_1.0.200.202406191623/tools/bin/../lib/gcc/arm-none-eabi/12.3.1/thumb/v7e-m+fp/hard/crtbegin.o
 .ARM.attributes
                0x00000056       0x34 ./Core/Src/main.o
 .ARM.attributes
                0x0000008a       0x34 ./Core/Src/stm32f4xx_hal_msp.o
 .ARM.attributes
                0x000000be       0x34 ./Core/Src/stm32f4xx_it.o
 .ARM.attributes
                0x000000f2       0x34 ./Core/Src/system_stm32f4xx.o
 .ARM.attributes
                0x00000126       0x21 ./Core/Startup/startup_stm32f401retx.o
 .ARM.attributes
                0x00000147       0x34 ./Drivers/STM32F4xx_HAL_Driver/Src/stm32f4xx_hal.o
 .ARM.attributes
                0x0000017b       0x34 ./Drivers/STM32F4xx_HAL_Driver/Src/stm32f4xx_hal_adc.o
 .ARM.attributes
                0x000001af       0x34 ./Drivers/STM32F4xx_HAL_Driver/Src/stm32f4xx_hal_adc_ex.o
 .ARM.attributes
                0x000001e3       0x34 ./Drivers/STM32F4xx_HAL_Driver/Src/stm32f4xx_hal_cortex.o
 .ARM.attributes
                0x00000217       0x34 ./Drivers/STM32F4xx_HAL_Driver/Src/stm32f4xx_hal_dma.o
 .ARM.attributes
                0x0000024b       0x34 ./Drivers/STM32F4xx_HAL_Driver/Src/stm32f4xx_hal_gpio.o
 .ARM.attributes
                0x0000027f       0x34 ./Drivers/STM32F4xx_HAL_Driver/Src/stm32f4xx_hal_pcd.o
 .ARM.attributes
                0x000002b3       0x34 ./Drivers/STM32F4xx_HAL_Driver/Src/stm32f4xx_hal_pcd_ex.o
 .ARM.attributes
                0x000002e7       0x34 ./Drivers/STM32F4xx_HAL_Driver/Src/stm32f4xx_hal_rcc.o
 .ARM.attributes
                0x0000031b       0x34 ./Drivers/STM32F4xx_HAL_Driver/Src/stm32f4xx_hal_uart.o
 .ARM.attributes
                0x0000034f       0x34 ./Drivers/STM32F4xx_HAL_Driver/Src/stm32f4xx_ll_usb.o
 .ARM.attributes
                0x00000383       0x34 ./Middlewares/ST/STM32_USB_Device_Library/Class/CDC/Src/usbd_cdc.o
 .ARM.attributes
                0x000003b7       0x34 ./Middlewares/ST/STM32_USB_Device_Library/Core/Src/usbd_core.o
 .ARM.attributes
                0x000003eb       0x34 ./Middlewares/ST/STM32_USB_Device_Library/Core/Src/usbd_ctlreq.o
 .ARM.attributes
                0x0000041f       0x34 ./Middlewares/ST/STM32_USB_Device_Library/Core/Src/usbd_ioreq.o
 .ARM.attributes
                0x00000453       0x34 ./USB_DEVICE/App/usb_device.o
 .ARM.attributes
                0x00000487       0x34 ./USB_DEVICE/App/usbd_cdc_if.o
 .ARM.attributes
                0x000004bb       0x34 ./USB_DEVICE/App/usbd_desc.o
 .ARM.attributes
                0x000004ef       0x34 ./USB_DEVICE/Target/usbd_conf.o
 .ARM.attributes
                0x00000523       0x34 D:/WorkSoftware/STM32CubeIDE_1.16.1/STM32CubeIDE/plugins/com.st.stm32cube.ide.mcu.externaltools.gnu-tools-for-stm32.12.3.rel1.win32_1.0.200.202406191623/tools/bin/../lib/gcc/arm-none-eabi/12.3.1/../../../../arm-none-eabi/lib/thumb/v7e-m+fp/hard\libc_nano.a(libc_a-memset.o)
 .ARM.attributes
                0x00000557       0x34 D:/WorkSoftware/STM32CubeIDE_1.16.1/STM32CubeIDE/plugins/com.st.stm32cube.ide.mcu.externaltools.gnu-tools-for-stm32.12.3.rel1.win32_1.0.200.202406191623/tools/bin/../lib/gcc/arm-none-eabi/12.3.1/../../../../arm-none-eabi/lib/thumb/v7e-m+fp/hard\libc_nano.a(libc_a-init.o)
 .ARM.attributes
                0x0000058b       0x22 D:/WorkSoftware/STM32CubeIDE_1.16.1/STM32CubeIDE/plugins/com.st.stm32cube.ide.mcu.externaltools.gnu-tools-for-stm32.12.3.rel1.win32_1.0.200.202406191623/tools/bin/../lib/gcc/arm-none-eabi/12.3.1/thumb/v7e-m+fp/hard\libgcc.a(_aeabi_uldivmod.o)
 .ARM.attributes
                0x000005ad       0x34 D:/WorkSoftware/STM32CubeIDE_1.16.1/STM32CubeIDE/plugins/com.st.stm32cube.ide.mcu.externaltools.gnu-tools-for-stm32.12.3.rel1.win32_1.0.200.202406191623/tools/bin/../lib/gcc/arm-none-eabi/12.3.1/thumb/v7e-m+fp/hard\libgcc.a(_udivmoddi4.o)
 .ARM.attributes
                0x000005e1       0x22 D:/WorkSoftware/STM32CubeIDE_1.16.1/STM32CubeIDE/plugins/com.st.stm32cube.ide.mcu.externaltools.gnu-tools-for-stm32.12.3.rel1.win32_1.0.200.202406191623/tools/bin/../lib/gcc/arm-none-eabi/12.3.1/thumb/v7e-m+fp/hard\libgcc.a(_dvmd_tls.o)
 .ARM.attributes
                0x00000603       0x22 D:/WorkSoftware/STM32CubeIDE_1.16.1/STM32CubeIDE/plugins/com.st.stm32cube.ide.mcu.externaltools.gnu-tools-for-stm32.12.3.rel1.win32_1.0.200.202406191623/tools/bin/../lib/gcc/arm-none-eabi/12.3.1/thumb/v7e-m+fp/hard/crtn.o
OUTPUT(Single_Transfer.elf elf32-littlearm)
LOAD linker stubs
LOAD D:/WorkSoftware/STM32CubeIDE_1.16.1/STM32CubeIDE/plugins/com.st.stm32cube.ide.mcu.externaltools.gnu-tools-for-stm32.12.3.rel1.win32_1.0.200.202406191623/tools/bin/../lib/gcc/arm-none-eabi/12.3.1/../../../../arm-none-eabi/lib/thumb/v7e-m+fp/hard\libc.a
LOAD D:/WorkSoftware/STM32CubeIDE_1.16.1/STM32CubeIDE/plugins/com.st.stm32cube.ide.mcu.externaltools.gnu-tools-for-stm32.12.3.rel1.win32_1.0.200.202406191623/tools/bin/../lib/gcc/arm-none-eabi/12.3.1/../../../../arm-none-eabi/lib/thumb/v7e-m+fp/hard\libm.a
LOAD D:/WorkSoftware/STM32CubeIDE_1.16.1/STM32CubeIDE/plugins/com.st.stm32cube.ide.mcu.externaltools.gnu-tools-for-stm32.12.3.rel1.win32_1.0.200.202406191623/tools/bin/../lib/gcc/arm-none-eabi/12.3.1/thumb/v7e-m+fp/hard\libgcc.a

.debug_info     0x00000000    0x13eff
 .debug_info    0x00000000     0x10f7 ./Core/Src/main.o
 .debug_info    0x000010f7      0xe51 ./Core/Src/stm32f4xx_hal_msp.o
 .debug_info    0x00001f48      0xb2a ./Core/Src/stm32f4xx_it.o
 .debug_info    0x00002a72      0x53e ./Core/Src/system_stm32f4xx.o
 .debug_info    0x00002fb0       0x30 ./Core/Startup/startup_stm32f401retx.o
 .debug_info    0x00002fe0      0x8bb ./Drivers/STM32F4xx_HAL_Driver/Src/stm32f4xx_hal.o
 .debug_info    0x0000389b      0xcd1 ./Drivers/STM32F4xx_HAL_Driver/Src/stm32f4xx_hal_adc.o
 .debug_info    0x0000456c      0xb56 ./Drivers/STM32F4xx_HAL_Driver/Src/stm32f4xx_hal_adc_ex.o
 .debug_info    0x000050c2      0xcf6 ./Drivers/STM32F4xx_HAL_Driver/Src/stm32f4xx_hal_cortex.o
 .debug_info    0x00005db8      0x8e6 ./Drivers/STM32F4xx_HAL_Driver/Src/stm32f4xx_hal_dma.o
 .debug_info    0x0000669e      0x6f9 ./Drivers/STM32F4xx_HAL_Driver/Src/stm32f4xx_hal_gpio.o
 .debug_info    0x00006d97     0x1577 ./Drivers/STM32F4xx_HAL_Driver/Src/stm32f4xx_hal_pcd.o
 .debug_info    0x0000830e      0x6ea ./Drivers/STM32F4xx_HAL_Driver/Src/stm32f4xx_hal_pcd_ex.o
 .debug_info    0x000089f8      0x8f1 ./Drivers/STM32F4xx_HAL_Driver/Src/stm32f4xx_hal_rcc.o
 .debug_info    0x000092e9     0x2f56 ./Drivers/STM32F4xx_HAL_Driver/Src/stm32f4xx_hal_uart.o
 .debug_info    0x0000c23f     0x1993 ./Drivers/STM32F4xx_HAL_Driver/Src/stm32f4xx_ll_usb.o
 .debug_info    0x0000dbd2     0x12a3 ./Middlewares/ST/STM32_USB_Device_Library/Class/CDC/Src/usbd_cdc.o
 .debug_info    0x0000ee75      0xe05 ./Middlewares/ST/STM32_USB_Device_Library/Core/Src/usbd_core.o
 .debug_info    0x0000fc7a      0xade ./Middlewares/ST/STM32_USB_Device_Library/Core/Src/usbd_ctlreq.o
 .debug_info    0x00010758      0x755 ./Middlewares/ST/STM32_USB_Device_Library/Core/Src/usbd_ioreq.o
 .debug_info    0x00010ead      0x701 ./USB_DEVICE/App/usb_device.o
 .debug_info    0x000115ae      0x8fa ./USB_DEVICE/App/usbd_cdc_if.o
 .debug_info    0x00011ea8      0x458 ./USB_DEVICE/App/usbd_desc.o
 .debug_info    0x00012300     0x1bff ./USB_DEVICE/Target/usbd_conf.o

.debug_abbrev   0x00000000     0x3500
 .debug_abbrev  0x00000000      0x2a6 ./Core/Src/main.o
 .debug_abbrev  0x000002a6      0x20a ./Core/Src/stm32f4xx_hal_msp.o
 .debug_abbrev  0x000004b0      0x1bf ./Core/Src/stm32f4xx_it.o
 .debug_abbrev  0x0000066f      0x11a ./Core/Src/system_stm32f4xx.o
 .debug_abbrev  0x00000789       0x24 ./Core/Startup/startup_stm32f401retx.o
 .debug_abbrev  0x000007ad      0x24b ./Drivers/STM32F4xx_HAL_Driver/Src/stm32f4xx_hal.o
 .debug_abbrev  0x000009f8      0x20e ./Drivers/STM32F4xx_HAL_Driver/Src/stm32f4xx_hal_adc.o
 .debug_abbrev  0x00000c06      0x22c ./Drivers/STM32F4xx_HAL_Driver/Src/stm32f4xx_hal_adc_ex.o
 .debug_abbrev  0x00000e32      0x31d ./Drivers/STM32F4xx_HAL_Driver/Src/stm32f4xx_hal_cortex.o
 .debug_abbrev  0x0000114f      0x221 ./Drivers/STM32F4xx_HAL_Driver/Src/stm32f4xx_hal_dma.o
 .debug_abbrev  0x00001370      0x1d3 ./Drivers/STM32F4xx_HAL_Driver/Src/stm32f4xx_hal_gpio.o
 .debug_abbrev  0x00001543      0x2b6 ./Drivers/STM32F4xx_HAL_Driver/Src/stm32f4xx_hal_pcd.o
 .debug_abbrev  0x000017f9      0x1da ./Drivers/STM32F4xx_HAL_Driver/Src/stm32f4xx_hal_pcd_ex.o
 .debug_abbrev  0x000019d3      0x2b6 ./Drivers/STM32F4xx_HAL_Driver/Src/stm32f4xx_hal_rcc.o
 .debug_abbrev  0x00001c89      0x31b ./Drivers/STM32F4xx_HAL_Driver/Src/stm32f4xx_hal_uart.o
 .debug_abbrev  0x00001fa4      0x2b3 ./Drivers/STM32F4xx_HAL_Driver/Src/stm32f4xx_ll_usb.o
 .debug_abbrev  0x00002257      0x2d2 ./Middlewares/ST/STM32_USB_Device_Library/Class/CDC/Src/usbd_cdc.o
 .debug_abbrev  0x00002529      0x27c ./Middlewares/ST/STM32_USB_Device_Library/Core/Src/usbd_core.o
 .debug_abbrev  0x000027a5      0x26f ./Middlewares/ST/STM32_USB_Device_Library/Core/Src/usbd_ctlreq.o
 .debug_abbrev  0x00002a14      0x19a ./Middlewares/ST/STM32_USB_Device_Library/Core/Src/usbd_ioreq.o
 .debug_abbrev  0x00002bae      0x195 ./USB_DEVICE/App/usb_device.o
 .debug_abbrev  0x00002d43      0x29d ./USB_DEVICE/App/usbd_cdc_if.o
 .debug_abbrev  0x00002fe0      0x1e1 ./USB_DEVICE/App/usbd_desc.o
 .debug_abbrev  0x000031c1      0x33f ./USB_DEVICE/Target/usbd_conf.o

.debug_aranges  0x00000000      0xfa8
 .debug_aranges
                0x00000000       0x50 ./Core/Src/main.o
 .debug_aranges
                0x00000050       0x40 ./Core/Src/stm32f4xx_hal_msp.o
 .debug_aranges
                0x00000090       0x78 ./Core/Src/stm32f4xx_it.o
 .debug_aranges
                0x00000108       0x28 ./Core/Src/system_stm32f4xx.o
 .debug_aranges
                0x00000130       0x28 ./Core/Startup/startup_stm32f401retx.o
 .debug_aranges
                0x00000158       0xf0 ./Drivers/STM32F4xx_HAL_Driver/Src/stm32f4xx_hal.o
 .debug_aranges
                0x00000248       0xe8 ./Drivers/STM32F4xx_HAL_Driver/Src/stm32f4xx_hal_adc.o
 .debug_aranges
                0x00000330       0x90 ./Drivers/STM32F4xx_HAL_Driver/Src/stm32f4xx_hal_adc_ex.o
 .debug_aranges
                0x000003c0      0x130 ./Drivers/STM32F4xx_HAL_Driver/Src/stm32f4xx_hal_cortex.o
 .debug_aranges
                0x000004f0       0x90 ./Drivers/STM32F4xx_HAL_Driver/Src/stm32f4xx_hal_dma.o
 .debug_aranges
                0x00000580       0x58 ./Drivers/STM32F4xx_HAL_Driver/Src/stm32f4xx_hal_gpio.o
 .debug_aranges
                0x000005d8      0x148 ./Drivers/STM32F4xx_HAL_Driver/Src/stm32f4xx_hal_pcd.o
 .debug_aranges
                0x00000720       0x38 ./Drivers/STM32F4xx_HAL_Driver/Src/stm32f4xx_hal_pcd_ex.o
 .debug_aranges
                0x00000758       0x88 ./Drivers/STM32F4xx_HAL_Driver/Src/stm32f4xx_hal_rcc.o
 .debug_aranges
                0x000007e0      0x208 ./Drivers/STM32F4xx_HAL_Driver/Src/stm32f4xx_hal_uart.o
 .debug_aranges
                0x000009e8      0x1a0 ./Drivers/STM32F4xx_HAL_Driver/Src/stm32f4xx_ll_usb.o
 .debug_aranges
                0x00000b88       0x90 ./Middlewares/ST/STM32_USB_Device_Library/Class/CDC/Src/usbd_cdc.o
 .debug_aranges
                0x00000c18       0xd8 ./Middlewares/ST/STM32_USB_Device_Library/Core/Src/usbd_core.o
 .debug_aranges
                0x00000cf0       0x90 ./Middlewares/ST/STM32_USB_Device_Library/Core/Src/usbd_ctlreq.o
 .debug_aranges
                0x00000d80       0x50 ./Middlewares/ST/STM32_USB_Device_Library/Core/Src/usbd_ioreq.o
 .debug_aranges
                0x00000dd0       0x20 ./USB_DEVICE/App/usb_device.o
 .debug_aranges
                0x00000df0       0x48 ./USB_DEVICE/App/usbd_cdc_if.o
 .debug_aranges
                0x00000e38       0x60 ./USB_DEVICE/App/usbd_desc.o
 .debug_aranges
                0x00000e98      0x110 ./USB_DEVICE/Target/usbd_conf.o

.debug_rnglists
                0x00000000      0xbdf
 .debug_rnglists
                0x00000000       0x3a ./Core/Src/main.o
 .debug_rnglists
                0x0000003a       0x2d ./Core/Src/stm32f4xx_hal_msp.o
 .debug_rnglists
                0x00000067       0x55 ./Core/Src/stm32f4xx_it.o
 .debug_rnglists
                0x000000bc       0x1a ./Core/Src/system_stm32f4xx.o
 .debug_rnglists
                0x000000d6       0x19 ./Core/Startup/startup_stm32f401retx.o
 .debug_rnglists
                0x000000ef       0xaf ./Drivers/STM32F4xx_HAL_Driver/Src/stm32f4xx_hal.o
 .debug_rnglists
                0x0000019e       0xb5 ./Drivers/STM32F4xx_HAL_Driver/Src/stm32f4xx_hal_adc.o
 .debug_rnglists
                0x00000253       0x71 ./Drivers/STM32F4xx_HAL_Driver/Src/stm32f4xx_hal_adc_ex.o
 .debug_rnglists
                0x000002c4       0xe0 ./Drivers/STM32F4xx_HAL_Driver/Src/stm32f4xx_hal_cortex.o
 .debug_rnglists
                0x000003a4       0x70 ./Drivers/STM32F4xx_HAL_Driver/Src/stm32f4xx_hal_dma.o
 .debug_rnglists
                0x00000414       0x3f ./Drivers/STM32F4xx_HAL_Driver/Src/stm32f4xx_hal_gpio.o
 .debug_rnglists
                0x00000453       0xfa ./Drivers/STM32F4xx_HAL_Driver/Src/stm32f4xx_hal_pcd.o
 .debug_rnglists
                0x0000054d       0x26 ./Drivers/STM32F4xx_HAL_Driver/Src/stm32f4xx_hal_pcd_ex.o
 .debug_rnglists
                0x00000573       0x66 ./Drivers/STM32F4xx_HAL_Driver/Src/stm32f4xx_hal_rcc.o
 .debug_rnglists
                0x000005d9      0x1bc ./Drivers/STM32F4xx_HAL_Driver/Src/stm32f4xx_hal_uart.o
 .debug_rnglists
                0x00000795      0x147 ./Drivers/STM32F4xx_HAL_Driver/Src/stm32f4xx_ll_usb.o
 .debug_rnglists
                0x000008dc       0x6c ./Middlewares/ST/STM32_USB_Device_Library/Class/CDC/Src/usbd_cdc.o
 .debug_rnglists
                0x00000948       0xa1 ./Middlewares/ST/STM32_USB_Device_Library/Core/Src/usbd_core.o
 .debug_rnglists
                0x000009e9       0x6e ./Middlewares/ST/STM32_USB_Device_Library/Core/Src/usbd_ctlreq.o
 .debug_rnglists
                0x00000a57       0x37 ./Middlewares/ST/STM32_USB_Device_Library/Core/Src/usbd_ioreq.o
 .debug_rnglists
                0x00000a8e       0x13 ./USB_DEVICE/App/usb_device.o
 .debug_rnglists
                0x00000aa1       0x32 ./USB_DEVICE/App/usbd_cdc_if.o
 .debug_rnglists
                0x00000ad3       0x43 ./USB_DEVICE/App/usbd_desc.o
 .debug_rnglists
                0x00000b16       0xc9 ./USB_DEVICE/Target/usbd_conf.o

.debug_macro    0x00000000    0x19987
 .debug_macro   0x00000000      0x379 ./Core/Src/main.o
 .debug_macro   0x00000379      0xab4 ./Core/Src/main.o
 .debug_macro   0x00000e2d      0x2a1 ./Core/Src/main.o
 .debug_macro   0x000010ce       0x2e ./Core/Src/main.o
 .debug_macro   0x000010fc       0x28 ./Core/Src/main.o
 .debug_macro   0x00001124       0x22 ./Core/Src/main.o
 .debug_macro   0x00001146       0x8e ./Core/Src/main.o
 .debug_macro   0x000011d4       0x51 ./Core/Src/main.o
 .debug_macro   0x00001225      0x103 ./Core/Src/main.o
 .debug_macro   0x00001328       0x6a ./Core/Src/main.o
 .debug_macro   0x00001392      0x1df ./Core/Src/main.o
 .debug_macro   0x00001571       0x1c ./Core/Src/main.o
 .debug_macro   0x0000158d       0x22 ./Core/Src/main.o
 .debug_macro   0x000015af       0xfb ./Core/Src/main.o
 .debug_macro   0x000016aa     0x1011 ./Core/Src/main.o
 .debug_macro   0x000026bb      0x11f ./Core/Src/main.o
 .debug_macro   0x000027da     0xb86c ./Core/Src/main.o
 .debug_macro   0x0000e046       0x6d ./Core/Src/main.o
 .debug_macro   0x0000e0b3     0x369a ./Core/Src/main.o
 .debug_macro   0x0001174d      0x189 ./Core/Src/main.o
 .debug_macro   0x000118d6       0x5c ./Core/Src/main.o
 .debug_macro   0x00011932      0x416 ./Core/Src/main.o
 .debug_macro   0x00011d48      0x9e9 ./Core/Src/main.o
 .debug_macro   0x00012731      0x115 ./Core/Src/main.o
 .debug_macro   0x00012846       0xf8 ./Core/Src/main.o
 .debug_macro   0x0001293e       0xa5 ./Core/Src/main.o
 .debug_macro   0x000129e3      0x15f ./Core/Src/main.o
 .debug_macro   0x00012b42      0x287 ./Core/Src/main.o
 .debug_macro   0x00012dc9       0x5f ./Core/Src/main.o
 .debug_macro   0x00012e28      0x236 ./Core/Src/main.o
 .debug_macro   0x0001305e      0x9e1 ./Core/Src/main.o
 .debug_macro   0x00013a3f      0x38b ./Core/Src/main.o
 .debug_macro   0x00013dca      0x176 ./Core/Src/main.o
 .debug_macro   0x00013f40       0xf9 ./Core/Src/main.o
 .debug_macro   0x00014039      0x132 ./Core/Src/main.o
 .debug_macro   0x0001416b      0x264 ./Core/Src/main.o
 .debug_macro   0x000143cf       0x2e ./Core/Src/main.o
 .debug_macro   0x000143fd      0x127 ./Core/Src/main.o
 .debug_macro   0x00014524       0x85 ./Core/Src/main.o
 .debug_macro   0x000145a9       0x89 ./Core/Src/main.o
 .debug_macro   0x00014632      0x2aa ./Core/Src/main.o
 .debug_macro   0x000148dc      0x293 ./Core/Src/main.o
 .debug_macro   0x00014b6f       0xba ./Core/Src/main.o
 .debug_macro   0x00014c29      0x126 ./Core/Src/main.o
 .debug_macro   0x00014d4f       0x40 ./Core/Src/main.o
 .debug_macro   0x00014d8f       0x61 ./Core/Src/main.o
 .debug_macro   0x00014df0       0x2a ./Core/Src/main.o
 .debug_macro   0x00014e1a       0x43 ./Core/Src/main.o
 .debug_macro   0x00014e5d       0x34 ./Core/Src/main.o
 .debug_macro   0x00014e91       0x16 ./Core/Src/main.o
 .debug_macro   0x00014ea7       0x35 ./Core/Src/main.o
 .debug_macro   0x00014edc      0x369 ./Core/Src/main.o
 .debug_macro   0x00015245       0x10 ./Core/Src/main.o
 .debug_macro   0x00015255       0x16 ./Core/Src/main.o
 .debug_macro   0x0001526b       0x43 ./Core/Src/main.o
 .debug_macro   0x000152ae       0x34 ./Core/Src/main.o
 .debug_macro   0x000152e2       0x10 ./Core/Src/main.o
 .debug_macro   0x000152f2       0x58 ./Core/Src/main.o
 .debug_macro   0x0001534a       0x8e ./Core/Src/main.o
 .debug_macro   0x000153d8       0x1c ./Core/Src/main.o
 .debug_macro   0x000153f4      0x177 ./Core/Src/main.o
 .debug_macro   0x0001556b       0x16 ./Core/Src/main.o
 .debug_macro   0x00015581       0x16 ./Core/Src/main.o
 .debug_macro   0x00015597      0x146 ./Core/Src/main.o
 .debug_macro   0x000156dd       0x16 ./Core/Src/main.o
 .debug_macro   0x000156f3       0x16 ./Core/Src/main.o
 .debug_macro   0x00015709       0x29 ./Core/Src/main.o
 .debug_macro   0x00015732       0x16 ./Core/Src/main.o
 .debug_macro   0x00015748       0x20 ./Core/Src/main.o
 .debug_macro   0x00015768       0x65 ./Core/Src/main.o
 .debug_macro   0x000157cd      0x20f ./Core/Src/main.o
 .debug_macro   0x000159dc      0x215 ./Core/Src/stm32f4xx_hal_msp.o
 .debug_macro   0x00015bf1      0x21f ./Core/Src/stm32f4xx_it.o
 .debug_macro   0x00015e10      0x206 ./Core/Src/system_stm32f4xx.o
 .debug_macro   0x00016016      0x266 ./Drivers/STM32F4xx_HAL_Driver/Src/stm32f4xx_hal.o
 .debug_macro   0x0001627c      0x207 ./Drivers/STM32F4xx_HAL_Driver/Src/stm32f4xx_hal_adc.o
 .debug_macro   0x00016483      0x206 ./Drivers/STM32F4xx_HAL_Driver/Src/stm32f4xx_hal_adc_ex.o
 .debug_macro   0x00016689      0x206 ./Drivers/STM32F4xx_HAL_Driver/Src/stm32f4xx_hal_cortex.o
 .debug_macro   0x0001688f      0x20c ./Drivers/STM32F4xx_HAL_Driver/Src/stm32f4xx_hal_dma.o
 .debug_macro   0x00016a9b      0x20c ./Drivers/STM32F4xx_HAL_Driver/Src/stm32f4xx_hal_gpio.o
 .debug_macro   0x00016ca7      0x212 ./Drivers/STM32F4xx_HAL_Driver/Src/stm32f4xx_hal_pcd.o
 .debug_macro   0x00016eb9      0x206 ./Drivers/STM32F4xx_HAL_Driver/Src/stm32f4xx_hal_pcd_ex.o
 .debug_macro   0x000170bf      0x22a ./Drivers/STM32F4xx_HAL_Driver/Src/stm32f4xx_hal_rcc.o
 .debug_macro   0x000172e9      0x207 ./Drivers/STM32F4xx_HAL_Driver/Src/stm32f4xx_hal_uart.o
 .debug_macro   0x000174f0      0x206 ./Drivers/STM32F4xx_HAL_Driver/Src/stm32f4xx_ll_usb.o
 .debug_macro   0x000176f6      0x3a4 ./Middlewares/ST/STM32_USB_Device_Library/Class/CDC/Src/usbd_cdc.o
 .debug_macro   0x00017a9a       0x9e ./Middlewares/ST/STM32_USB_Device_Library/Class/CDC/Src/usbd_cdc.o
 .debug_macro   0x00017b38      0x10b ./Middlewares/ST/STM32_USB_Device_Library/Class/CDC/Src/usbd_cdc.o
 .debug_macro   0x00017c43       0x56 ./Middlewares/ST/STM32_USB_Device_Library/Class/CDC/Src/usbd_cdc.o
 .debug_macro   0x00017c99       0x95 ./Middlewares/ST/STM32_USB_Device_Library/Class/CDC/Src/usbd_cdc.o
 .debug_macro   0x00017d2e      0x38b ./Middlewares/ST/STM32_USB_Device_Library/Core/Src/usbd_core.o
 .debug_macro   0x000180b9      0x215 ./Middlewares/ST/STM32_USB_Device_Library/Core/Src/usbd_core.o
 .debug_macro   0x000182ce      0x395 ./Middlewares/ST/STM32_USB_Device_Library/Core/Src/usbd_ctlreq.o
 .debug_macro   0x00018663      0x391 ./Middlewares/ST/STM32_USB_Device_Library/Core/Src/usbd_ioreq.o
 .debug_macro   0x000189f4      0x3c4 ./USB_DEVICE/App/usb_device.o
 .debug_macro   0x00018db8       0x46 ./USB_DEVICE/App/usb_device.o
 .debug_macro   0x00018dfe       0x22 ./USB_DEVICE/App/usb_device.o
 .debug_macro   0x00018e20       0x16 ./USB_DEVICE/App/usb_device.o
 .debug_macro   0x00018e36      0x3af ./USB_DEVICE/App/usbd_cdc_if.o
 .debug_macro   0x000191e5       0x10 ./USB_DEVICE/App/usbd_cdc_if.o
 .debug_macro   0x000191f5      0x3ce ./USB_DEVICE/App/usbd_desc.o
 .debug_macro   0x000195c3       0x1c ./USB_DEVICE/App/usbd_desc.o
 .debug_macro   0x000195df      0x3a8 ./USB_DEVICE/Target/usbd_conf.o

.debug_line     0x00000000    0x16117
 .debug_line    0x00000000      0xc2f ./Core/Src/main.o
 .debug_line    0x00000c2f      0x862 ./Core/Src/stm32f4xx_hal_msp.o
 .debug_line    0x00001491      0x8ae ./Core/Src/stm32f4xx_it.o
 .debug_line    0x00001d3f      0x828 ./Core/Src/system_stm32f4xx.o
 .debug_line    0x00002567       0x7a ./Core/Startup/startup_stm32f401retx.o
 .debug_line    0x000025e1      0xa91 ./Drivers/STM32F4xx_HAL_Driver/Src/stm32f4xx_hal.o
 .debug_line    0x00003072     0x124d ./Drivers/STM32F4xx_HAL_Driver/Src/stm32f4xx_hal_adc.o
 .debug_line    0x000042bf      0xf8f ./Drivers/STM32F4xx_HAL_Driver/Src/stm32f4xx_hal_adc_ex.o
 .debug_line    0x0000524e      0xd83 ./Drivers/STM32F4xx_HAL_Driver/Src/stm32f4xx_hal_cortex.o
 .debug_line    0x00005fd1     0x1001 ./Drivers/STM32F4xx_HAL_Driver/Src/stm32f4xx_hal_dma.o
 .debug_line    0x00006fd2      0xbe1 ./Drivers/STM32F4xx_HAL_Driver/Src/stm32f4xx_hal_gpio.o
 .debug_line    0x00007bb3     0x157a ./Drivers/STM32F4xx_HAL_Driver/Src/stm32f4xx_hal_pcd.o
 .debug_line    0x0000912d      0x86e ./Drivers/STM32F4xx_HAL_Driver/Src/stm32f4xx_hal_pcd_ex.o
 .debug_line    0x0000999b      0xe1c ./Drivers/STM32F4xx_HAL_Driver/Src/stm32f4xx_hal_rcc.o
 .debug_line    0x0000a7b7     0x2963 ./Drivers/STM32F4xx_HAL_Driver/Src/stm32f4xx_hal_uart.o
 .debug_line    0x0000d11a     0x1e10 ./Drivers/STM32F4xx_HAL_Driver/Src/stm32f4xx_ll_usb.o
 .debug_line    0x0000ef2a     0x1020 ./Middlewares/ST/STM32_USB_Device_Library/Class/CDC/Src/usbd_cdc.o
 .debug_line    0x0000ff4a     0x109a ./Middlewares/ST/STM32_USB_Device_Library/Core/Src/usbd_core.o
 .debug_line    0x00010fe4     0x12aa ./Middlewares/ST/STM32_USB_Device_Library/Core/Src/usbd_ctlreq.o
 .debug_line    0x0001228e      0xbb4 ./Middlewares/ST/STM32_USB_Device_Library/Core/Src/usbd_ioreq.o
 .debug_line    0x00012e42      0xb70 ./USB_DEVICE/App/usb_device.o
 .debug_line    0x000139b2      0xbd3 ./USB_DEVICE/App/usbd_cdc_if.o
 .debug_line    0x00014585      0xc39 ./USB_DEVICE/App/usbd_desc.o
 .debug_line    0x000151be      0xf59 ./USB_DEVICE/Target/usbd_conf.o

.debug_str      0x00000000    0x94ea2
 .debug_str     0x00000000    0x90b8e ./Core/Src/main.o
                              0x90f52 (size before relaxing)
 .debug_str     0x00090b8e       0xbd ./Core/Src/stm32f4xx_hal_msp.o
                              0x8cafd (size before relaxing)
 .debug_str     0x00090c4b      0x49e ./Core/Src/stm32f4xx_it.o
                              0x8c77e (size before relaxing)
 .debug_str     0x000910e9       0xdb ./Core/Src/system_stm32f4xx.o
                              0x8bfdf (size before relaxing)
 .debug_str     0x000911c4       0x44 ./Core/Startup/startup_stm32f401retx.o
                                 0x87 (size before relaxing)
 .debug_str     0x00091208      0x60d ./Drivers/STM32F4xx_HAL_Driver/Src/stm32f4xx_hal.o
                              0x8ca01 (size before relaxing)
 .debug_str     0x00091815      0x2ad ./Drivers/STM32F4xx_HAL_Driver/Src/stm32f4xx_hal_adc.o
                              0x8c5ba (size before relaxing)
 .debug_str     0x00091ac2      0x2df ./Drivers/STM32F4xx_HAL_Driver/Src/stm32f4xx_hal_adc_ex.o
                              0x8c60e (size before relaxing)
 .debug_str     0x00091da1      0x36b ./Drivers/STM32F4xx_HAL_Driver/Src/stm32f4xx_hal_cortex.o
                              0x8c76b (size before relaxing)
 .debug_str     0x0009210c      0x2cf ./Drivers/STM32F4xx_HAL_Driver/Src/stm32f4xx_hal_dma.o
                              0x8c3e7 (size before relaxing)
 .debug_str     0x000923db      0x121 ./Drivers/STM32F4xx_HAL_Driver/Src/stm32f4xx_hal_gpio.o
                              0x8c15a (size before relaxing)
 .debug_str     0x000924fc      0x831 ./Drivers/STM32F4xx_HAL_Driver/Src/stm32f4xx_hal_pcd.o
                              0x8caab (size before relaxing)
 .debug_str     0x00092d2d      0x115 ./Drivers/STM32F4xx_HAL_Driver/Src/stm32f4xx_hal_pcd_ex.o
                              0x8c39b (size before relaxing)
 .debug_str     0x00092e42      0x21f ./Drivers/STM32F4xx_HAL_Driver/Src/stm32f4xx_hal_rcc.o
                              0x8c413 (size before relaxing)
 .debug_str     0x00093061      0x618 ./Drivers/STM32F4xx_HAL_Driver/Src/stm32f4xx_hal_uart.o
                              0x8c9e2 (size before relaxing)
 .debug_str     0x00093679      0x4b0 ./Drivers/STM32F4xx_HAL_Driver/Src/stm32f4xx_ll_usb.o
                              0x8c986 (size before relaxing)
 .debug_str     0x00093b29      0xa1e ./Middlewares/ST/STM32_USB_Device_Library/Class/CDC/Src/usbd_cdc.o
                              0x91062 (size before relaxing)
 .debug_str     0x00094547      0x35c ./Middlewares/ST/STM32_USB_Device_Library/Core/Src/usbd_core.o
                              0x909bb (size before relaxing)
 .debug_str     0x000948a3      0x139 ./Middlewares/ST/STM32_USB_Device_Library/Core/Src/usbd_ctlreq.o
                              0x907e6 (size before relaxing)
 .debug_str     0x000949dc       0x51 ./Middlewares/ST/STM32_USB_Device_Library/Core/Src/usbd_ioreq.o
                              0x906bb (size before relaxing)
 .debug_str     0x00094a2d      0x105 ./USB_DEVICE/App/usb_device.o
                              0x90a6e (size before relaxing)
 .debug_str     0x00094b32       0x9a ./USB_DEVICE/App/usbd_cdc_if.o
                              0x90aae (size before relaxing)
 .debug_str     0x00094bcc      0x26e ./USB_DEVICE/App/usbd_desc.o
                              0x905bb (size before relaxing)
 .debug_str     0x00094e3a       0x68 ./USB_DEVICE/Target/usbd_conf.o
                              0x91760 (size before relaxing)

.comment        0x00000000       0x43
 .comment       0x00000000       0x43 ./Core/Src/main.o
                                 0x44 (size before relaxing)
 .comment       0x00000043       0x44 ./Core/Src/stm32f4xx_hal_msp.o
 .comment       0x00000043       0x44 ./Core/Src/stm32f4xx_it.o
 .comment       0x00000043       0x44 ./Core/Src/system_stm32f4xx.o
 .comment       0x00000043       0x44 ./Drivers/STM32F4xx_HAL_Driver/Src/stm32f4xx_hal.o
 .comment       0x00000043       0x44 ./Drivers/STM32F4xx_HAL_Driver/Src/stm32f4xx_hal_adc.o
 .comment       0x00000043       0x44 ./Drivers/STM32F4xx_HAL_Driver/Src/stm32f4xx_hal_adc_ex.o
 .comment       0x00000043       0x44 ./Drivers/STM32F4xx_HAL_Driver/Src/stm32f4xx_hal_cortex.o
 .comment       0x00000043       0x44 ./Drivers/STM32F4xx_HAL_Driver/Src/stm32f4xx_hal_dma.o
 .comment       0x00000043       0x44 ./Drivers/STM32F4xx_HAL_Driver/Src/stm32f4xx_hal_gpio.o
 .comment       0x00000043       0x44 ./Drivers/STM32F4xx_HAL_Driver/Src/stm32f4xx_hal_pcd.o
 .comment       0x00000043       0x44 ./Drivers/STM32F4xx_HAL_Driver/Src/stm32f4xx_hal_pcd_ex.o
 .comment       0x00000043       0x44 ./Drivers/STM32F4xx_HAL_Driver/Src/stm32f4xx_hal_rcc.o
 .comment       0x00000043       0x44 ./Drivers/STM32F4xx_HAL_Driver/Src/stm32f4xx_hal_uart.o
 .comment       0x00000043       0x44 ./Drivers/STM32F4xx_HAL_Driver/Src/stm32f4xx_ll_usb.o
 .comment       0x00000043       0x44 ./Middlewares/ST/STM32_USB_Device_Library/Class/CDC/Src/usbd_cdc.o
 .comment       0x00000043       0x44 ./Middlewares/ST/STM32_USB_Device_Library/Core/Src/usbd_core.o
 .comment       0x00000043       0x44 ./Middlewares/ST/STM32_USB_Device_Library/Core/Src/usbd_ctlreq.o
 .comment       0x00000043       0x44 ./Middlewares/ST/STM32_USB_Device_Library/Core/Src/usbd_ioreq.o
 .comment       0x00000043       0x44 ./USB_DEVICE/App/usb_device.o
 .comment       0x00000043       0x44 ./USB_DEVICE/App/usbd_cdc_if.o
 .comment       0x00000043       0x44 ./USB_DEVICE/App/usbd_desc.o
 .comment       0x00000043       0x44 ./USB_DEVICE/Target/usbd_conf.o

.debug_frame    0x00000000     0x3fe8
 .debug_frame   0x00000000       0xf0 ./Core/Src/main.o
 .debug_frame   0x000000f0       0xc8 ./Core/Src/stm32f4xx_hal_msp.o
 .debug_frame   0x000001b8      0x158 ./Core/Src/stm32f4xx_it.o
 .debug_frame   0x00000310       0x58 ./Core/Src/system_stm32f4xx.o
 .debug_frame   0x00000368      0x374 ./Drivers/STM32F4xx_HAL_Driver/Src/stm32f4xx_hal.o
 .debug_frame   0x000006dc      0x3fc ./Drivers/STM32F4xx_HAL_Driver/Src/stm32f4xx_hal_adc.o
 .debug_frame   0x00000ad8      0x250 ./Drivers/STM32F4xx_HAL_Driver/Src/stm32f4xx_hal_adc_ex.o
 .debug_frame   0x00000d28      0x508 ./Drivers/STM32F4xx_HAL_Driver/Src/stm32f4xx_hal_cortex.o
 .debug_frame   0x00001230      0x250 ./Drivers/STM32F4xx_HAL_Driver/Src/stm32f4xx_hal_dma.o
 .debug_frame   0x00001480      0x14c ./Drivers/STM32F4xx_HAL_Driver/Src/stm32f4xx_hal_gpio.o
 .debug_frame   0x000015cc      0x5b8 ./Drivers/STM32F4xx_HAL_Driver/Src/stm32f4xx_hal_pcd.o
 .debug_frame   0x00001b84       0xb0 ./Drivers/STM32F4xx_HAL_Driver/Src/stm32f4xx_hal_pcd_ex.o
 .debug_frame   0x00001c34      0x1f4 ./Drivers/STM32F4xx_HAL_Driver/Src/stm32f4xx_hal_rcc.o
 .debug_frame   0x00001e28      0x954 ./Drivers/STM32F4xx_HAL_Driver/Src/stm32f4xx_hal_uart.o
 .debug_frame   0x0000277c      0x7c0 ./Drivers/STM32F4xx_HAL_Driver/Src/stm32f4xx_ll_usb.o
 .debug_frame   0x00002f3c      0x23c ./Middlewares/ST/STM32_USB_Device_Library/Class/CDC/Src/usbd_cdc.o
 .debug_frame   0x00003178      0x390 ./Middlewares/ST/STM32_USB_Device_Library/Core/Src/usbd_core.o
 .debug_frame   0x00003508      0x23c ./Middlewares/ST/STM32_USB_Device_Library/Core/Src/usbd_ctlreq.o
 .debug_frame   0x00003744      0x10c ./Middlewares/ST/STM32_USB_Device_Library/Core/Src/usbd_ioreq.o
 .debug_frame   0x00003850       0x2c ./USB_DEVICE/App/usb_device.o
 .debug_frame   0x0000387c       0xe4 ./USB_DEVICE/App/usbd_cdc_if.o
 .debug_frame   0x00003960      0x160 ./USB_DEVICE/App/usbd_desc.o
 .debug_frame   0x00003ac0      0x47c ./USB_DEVICE/Target/usbd_conf.o
 .debug_frame   0x00003f3c       0x20 D:/WorkSoftware/STM32CubeIDE_1.16.1/STM32CubeIDE/plugins/com.st.stm32cube.ide.mcu.externaltools.gnu-tools-for-stm32.12.3.rel1.win32_1.0.200.202406191623/tools/bin/../lib/gcc/arm-none-eabi/12.3.1/../../../../arm-none-eabi/lib/thumb/v7e-m+fp/hard\libc_nano.a(libc_a-memset.o)
 .debug_frame   0x00003f5c       0x2c D:/WorkSoftware/STM32CubeIDE_1.16.1/STM32CubeIDE/plugins/com.st.stm32cube.ide.mcu.externaltools.gnu-tools-for-stm32.12.3.rel1.win32_1.0.200.202406191623/tools/bin/../lib/gcc/arm-none-eabi/12.3.1/../../../../arm-none-eabi/lib/thumb/v7e-m+fp/hard\libc_nano.a(libc_a-init.o)
 .debug_frame   0x00003f88       0x2c D:/WorkSoftware/STM32CubeIDE_1.16.1/STM32CubeIDE/plugins/com.st.stm32cube.ide.mcu.externaltools.gnu-tools-for-stm32.12.3.rel1.win32_1.0.200.202406191623/tools/bin/../lib/gcc/arm-none-eabi/12.3.1/thumb/v7e-m+fp/hard\libgcc.a(_aeabi_uldivmod.o)
 .debug_frame   0x00003fb4       0x34 D:/WorkSoftware/STM32CubeIDE_1.16.1/STM32CubeIDE/plugins/com.st.stm32cube.ide.mcu.externaltools.gnu-tools-for-stm32.12.3.rel1.win32_1.0.200.202406191623/tools/bin/../lib/gcc/arm-none-eabi/12.3.1/thumb/v7e-m+fp/hard\libgcc.a(_udivmoddi4.o)

.debug_line_str
                0x00000000       0x6b
 .debug_line_str
                0x00000000       0x6b ./Core/Startup/startup_stm32f401retx.o
