../Drivers/STM32WBxx_HAL_Driver/Inc/stm32wbxx_ll_bus.h:364:22:LL_AHB1_GRP1_EnableClock	24	static
../Drivers/STM32WBxx_HAL_Driver/Inc/stm32wbxx_ll_bus.h:539:22:LL_AHB2_GRP1_EnableClock	24	static
../Core/Src/main.c:110:6:HAL_TIM_PeriodElapsedCallback	24	static
../Core/Src/main.c:134:5:main	32	static
../Core/Src/main.c:243:6:SystemClock_Config	112	static
../Core/Src/main.c:293:6:PeriphCommonClock_Config	88	static
../Core/Src/main.c:325:13:MX_ADC1_Init	32	static
../Core/Src/main.c:392:13:MX_I2C1_Init	8	static
../Core/Src/main.c:440:13:MX_TIM2_Init	40	static
../Core/Src/main.c:483:13:MX_DMA_Init	8	static
../Core/Src/main.c:502:13:MX_GPIO_Init	8	static
../Core/Src/main.c:517:6:prepare_data_packet_both	24	static
../Core/Src/main.c:532:6:prepare_data_packet_audio	24	static
../Core/Src/main.c:541:6:prepare_data_packet_IMU	24	static
../Core/Src/main.c:550:6:send_packet_joystick	24	static
../Core/Src/main.c:560:6:move_square	16	static
../Core/Src/main.c:587:6:Error_Handler	4	static,ignoring_inline_asm
