../Drivers/STM32WBxx_HAL_Driver/Inc/stm32wbxx_ll_bus.h:364:22:LL_AHB1_GRP1_EnableClock	24	static
../Drivers/STM32WBxx_HAL_Driver/Inc/stm32wbxx_ll_bus.h:539:22:LL_AHB2_GRP1_EnableClock	24	static
../Core/Src/main.c:110:6:HAL_TIM_PeriodElapsedCallback	24	static
../Core/Src/main.c:134:5:main	8	static
../Core/Src/main.c:244:6:SystemClock_Config	112	static
../Core/Src/main.c:294:6:PeriphCommonClock_Config	88	static
../Core/Src/main.c:326:13:MX_ADC1_Init	32	static
../Core/Src/main.c:393:13:MX_I2C1_Init	8	static
../Core/Src/main.c:441:13:MX_TIM2_Init	40	static
../Core/Src/main.c:484:13:MX_DMA_Init	8	static
../Core/Src/main.c:503:13:MX_GPIO_Init	32	static
../Core/Src/main.c:529:6:prepare_data_packet_both	24	static
../Core/Src/main.c:544:6:prepare_data_packet_audio	24	static
../Core/Src/main.c:553:6:prepare_data_packet_IMU	24	static
../Core/Src/main.c:562:6:send_packet_joystick	24	static
../Core/Src/main.c:572:6:move_square	16	static
../Core/Src/main.c:599:6:Error_Handler	4	static,ignoring_inline_asm
