../Drivers/STM32WBxx_HAL_Driver/Inc/stm32wbxx_ll_bus.h:364:22:LL_AHB1_GRP1_EnableClock	24	static
../Drivers/STM32WBxx_HAL_Driver/Inc/stm32wbxx_ll_bus.h:539:22:LL_AHB2_GRP1_EnableClock	24	static
../Core/Src/main.c:83:6:HAL_TIM_PeriodElapsedCallback	24	static
../Core/Src/main.c:100:5:main	8	static
../Core/Src/main.c:171:6:SystemClock_Config	112	static
../Core/Src/main.c:221:6:PeriphCommonClock_Config	88	static
../Core/Src/main.c:253:13:MX_ADC1_Init	32	static
../Core/Src/main.c:320:13:MX_I2C1_Init	8	static
../Core/Src/main.c:368:13:MX_TIM2_Init	40	static
../Core/Src/main.c:413:13:MX_USART1_UART_Init	8	static
../Core/Src/main.c:459:13:MX_DMA_Init	8	static
../Core/Src/main.c:478:13:MX_GPIO_Init	32	static
../Core/Src/main.c:522:6:update_data_packet_audio_buffered	24	static
../Core/Src/main.c:540:6:Error_Handler	4	static,ignoring_inline_asm
