Archive member included to satisfy reference by file (symbol)

D:/WorkSoftware/STM32CubeIDE_1.16.1/STM32CubeIDE/plugins/com.st.stm32cube.ide.mcu.externaltools.gnu-tools-for-stm32.12.3.rel1.win32_1.0.200.202406191623/tools/bin/../lib/gcc/arm-none-eabi/12.3.1/../../../../arm-none-eabi/lib/thumb/v7e-m+fp/hard\libc_nano.a(libc_a-exit.o)
                              D:/WorkSoftware/STM32CubeIDE_1.16.1/STM32CubeIDE/plugins/com.st.stm32cube.ide.mcu.externaltools.gnu-tools-for-stm32.12.3.rel1.win32_1.0.200.202406191623/tools/bin/../lib/gcc/arm-none-eabi/12.3.1/../../../../arm-none-eabi/lib/thumb/v7e-m+fp/hard/crt0.o (exit)
D:/WorkSoftware/STM32CubeIDE_1.16.1/STM32CubeIDE/plugins/com.st.stm32cube.ide.mcu.externaltools.gnu-tools-for-stm32.12.3.rel1.win32_1.0.200.202406191623/tools/bin/../lib/gcc/arm-none-eabi/12.3.1/../../../../arm-none-eabi/lib/thumb/v7e-m+fp/hard\libc_nano.a(libc_a-findfp.o)
                              D:/WorkSoftware/STM32CubeIDE_1.16.1/STM32CubeIDE/plugins/com.st.stm32cube.ide.mcu.externaltools.gnu-tools-for-stm32.12.3.rel1.win32_1.0.200.202406191623/tools/bin/../lib/gcc/arm-none-eabi/12.3.1/../../../../arm-none-eabi/lib/thumb/v7e-m+fp/hard\libc_nano.a(libc_a-exit.o) (__stdio_exit_handler)
D:/WorkSoftware/STM32CubeIDE_1.16.1/STM32CubeIDE/plugins/com.st.stm32cube.ide.mcu.externaltools.gnu-tools-for-stm32.12.3.rel1.win32_1.0.200.202406191623/tools/bin/../lib/gcc/arm-none-eabi/12.3.1/../../../../arm-none-eabi/lib/thumb/v7e-m+fp/hard\libc_nano.a(libc_a-fwalk.o)
                              D:/WorkSoftware/STM32CubeIDE_1.16.1/STM32CubeIDE/plugins/com.st.stm32cube.ide.mcu.externaltools.gnu-tools-for-stm32.12.3.rel1.win32_1.0.200.202406191623/tools/bin/../lib/gcc/arm-none-eabi/12.3.1/../../../../arm-none-eabi/lib/thumb/v7e-m+fp/hard\libc_nano.a(libc_a-findfp.o) (_fwalk_sglue)
D:/WorkSoftware/STM32CubeIDE_1.16.1/STM32CubeIDE/plugins/com.st.stm32cube.ide.mcu.externaltools.gnu-tools-for-stm32.12.3.rel1.win32_1.0.200.202406191623/tools/bin/../lib/gcc/arm-none-eabi/12.3.1/../../../../arm-none-eabi/lib/thumb/v7e-m+fp/hard\libc_nano.a(libc_a-printf.o)
                              ./Middlewares/ST/STM32_USB_Device_Library/Core/Src/usbd_core.o (printf)
D:/WorkSoftware/STM32CubeIDE_1.16.1/STM32CubeIDE/plugins/com.st.stm32cube.ide.mcu.externaltools.gnu-tools-for-stm32.12.3.rel1.win32_1.0.200.202406191623/tools/bin/../lib/gcc/arm-none-eabi/12.3.1/../../../../arm-none-eabi/lib/thumb/v7e-m+fp/hard\libc_nano.a(libc_a-putchar.o)
                              ./Middlewares/ST/STM32_USB_Device_Library/Core/Src/usbd_core.o (putchar)
D:/WorkSoftware/STM32CubeIDE_1.16.1/STM32CubeIDE/plugins/com.st.stm32cube.ide.mcu.externaltools.gnu-tools-for-stm32.12.3.rel1.win32_1.0.200.202406191623/tools/bin/../lib/gcc/arm-none-eabi/12.3.1/../../../../arm-none-eabi/lib/thumb/v7e-m+fp/hard\libc_nano.a(libc_a-stdio.o)
                              D:/WorkSoftware/STM32CubeIDE_1.16.1/STM32CubeIDE/plugins/com.st.stm32cube.ide.mcu.externaltools.gnu-tools-for-stm32.12.3.rel1.win32_1.0.200.202406191623/tools/bin/../lib/gcc/arm-none-eabi/12.3.1/../../../../arm-none-eabi/lib/thumb/v7e-m+fp/hard\libc_nano.a(libc_a-findfp.o) (__sread)
D:/WorkSoftware/STM32CubeIDE_1.16.1/STM32CubeIDE/plugins/com.st.stm32cube.ide.mcu.externaltools.gnu-tools-for-stm32.12.3.rel1.win32_1.0.200.202406191623/tools/bin/../lib/gcc/arm-none-eabi/12.3.1/../../../../arm-none-eabi/lib/thumb/v7e-m+fp/hard\libc_nano.a(libc_a-memset.o)
                              D:/WorkSoftware/STM32CubeIDE_1.16.1/STM32CubeIDE/plugins/com.st.stm32cube.ide.mcu.externaltools.gnu-tools-for-stm32.12.3.rel1.win32_1.0.200.202406191623/tools/bin/../lib/gcc/arm-none-eabi/12.3.1/../../../../arm-none-eabi/lib/thumb/v7e-m+fp/hard/crt0.o (memset)
D:/WorkSoftware/STM32CubeIDE_1.16.1/STM32CubeIDE/plugins/com.st.stm32cube.ide.mcu.externaltools.gnu-tools-for-stm32.12.3.rel1.win32_1.0.200.202406191623/tools/bin/../lib/gcc/arm-none-eabi/12.3.1/../../../../arm-none-eabi/lib/thumb/v7e-m+fp/hard\libc_nano.a(libc_a-closer.o)
                              D:/WorkSoftware/STM32CubeIDE_1.16.1/STM32CubeIDE/plugins/com.st.stm32cube.ide.mcu.externaltools.gnu-tools-for-stm32.12.3.rel1.win32_1.0.200.202406191623/tools/bin/../lib/gcc/arm-none-eabi/12.3.1/../../../../arm-none-eabi/lib/thumb/v7e-m+fp/hard\libc_nano.a(libc_a-stdio.o) (_close_r)
D:/WorkSoftware/STM32CubeIDE_1.16.1/STM32CubeIDE/plugins/com.st.stm32cube.ide.mcu.externaltools.gnu-tools-for-stm32.12.3.rel1.win32_1.0.200.202406191623/tools/bin/../lib/gcc/arm-none-eabi/12.3.1/../../../../arm-none-eabi/lib/thumb/v7e-m+fp/hard\libc_nano.a(libc_a-reent.o)
                              D:/WorkSoftware/STM32CubeIDE_1.16.1/STM32CubeIDE/plugins/com.st.stm32cube.ide.mcu.externaltools.gnu-tools-for-stm32.12.3.rel1.win32_1.0.200.202406191623/tools/bin/../lib/gcc/arm-none-eabi/12.3.1/../../../../arm-none-eabi/lib/thumb/v7e-m+fp/hard\libc_nano.a(libc_a-closer.o) (errno)
[...]
Memory Configuration

Name             Origin             Length             Attributes
FLASH            0x08000000         0x00080000         xr
RAM              0x20000008         0x0002fff8         xrw
RAM_SHARED       0x20030000         0x00002800         xrw
*default*        0x00000000         0xffffffff

Linker script and memory map

LOAD D:/WorkSoftware/STM32CubeIDE_1.16.1/STM32CubeIDE/plugins/com.st.stm32cube.ide.mcu.externaltools.gnu-tools-for-stm32.12.3.rel1.win32_1.0.200.202406191623/tools/bin/../lib/gcc/arm-none-eabi/12.3.1/thumb/v7e-m+fp/hard/crti.o
LOAD D:/WorkSoftware/STM32CubeIDE_1.16.1/STM32CubeIDE/plugins/com.st.stm32cube.ide.mcu.externaltools.gnu-tools-for-stm32.12.3.rel1.win32_1.0.200.202406191623/tools/bin/../lib/gcc/arm-none-eabi/12.3.1/thumb/v7e-m+fp/hard/crtbegin.o
LOAD D:/WorkSoftware/STM32CubeIDE_1.16.1/STM32CubeIDE/plugins/com.st.stm32cube.ide.mcu.externaltools.gnu-tools-for-stm32.12.3.rel1.win32_1.0.200.202406191623/tools/bin/../lib/gcc/arm-none-eabi/12.3.1/../../../../arm-none-eabi/lib/thumb/v7e-m+fp/hard/crt0.o
LOAD ./Core/Src/bmi160.o
LOAD ./Core/Src/bmi160_wrapper.o
LOAD ./Core/Src/common_porting.o
LOAD ./Core/Src/main.o
LOAD ./Core/Src/stm32wbxx_hal_msp.o
LOAD ./Core/Src/stm32wbxx_it.o
LOAD ./Core/Src/syscalls.o
LOAD ./Core/Src/sysmem.o
LOAD ./Core/Src/system_stm32wbxx.o
LOAD ./Core/Startup/startup_stm32wb55rgvx.o
LOAD ./Drivers/BSP/P-NUCLEO-WB55.Nucleo/stm32wbxx_nucleo.o
LOAD ./Drivers/STM32WBxx_HAL_Driver/Src/stm32wbxx_hal.o
LOAD ./Drivers/STM32WBxx_HAL_Driver/Src/stm32wbxx_hal_adc.o
LOAD ./Drivers/STM32WBxx_HAL_Driver/Src/stm32wbxx_hal_adc_ex.o
LOAD ./Drivers/STM32WBxx_HAL_Driver/Src/stm32wbxx_hal_cortex.o
LOAD ./Drivers/STM32WBxx_HAL_Driver/Src/stm32wbxx_hal_dma.o
LOAD ./Drivers/STM32WBxx_HAL_Driver/Src/stm32wbxx_hal_dma_ex.o
LOAD ./Drivers/STM32WBxx_HAL_Driver/Src/stm32wbxx_hal_exti.o
LOAD ./Drivers/STM32WBxx_HAL_Driver/Src/stm32wbxx_hal_flash.o
LOAD ./Drivers/STM32WBxx_HAL_Driver/Src/stm32wbxx_hal_flash_ex.o
LOAD ./Drivers/STM32WBxx_HAL_Driver/Src/stm32wbxx_hal_gpio.o
LOAD ./Drivers/STM32WBxx_HAL_Driver/Src/stm32wbxx_hal_hsem.o
LOAD ./Drivers/STM32WBxx_HAL_Driver/Src/stm32wbxx_hal_i2c.o
LOAD ./Drivers/STM32WBxx_HAL_Driver/Src/stm32wbxx_hal_i2c_ex.o
LOAD ./Drivers/STM32WBxx_HAL_Driver/Src/stm32wbxx_hal_pcd.o
LOAD ./Drivers/STM32WBxx_HAL_Driver/Src/stm32wbxx_hal_pcd_ex.o
LOAD ./Drivers/STM32WBxx_HAL_Driver/Src/stm32wbxx_hal_pwr.o
LOAD ./Drivers/STM32WBxx_HAL_Driver/Src/stm32wbxx_hal_pwr_ex.o
LOAD ./Drivers/STM32WBxx_HAL_Driver/Src/stm32wbxx_hal_rcc.o
LOAD ./Drivers/STM32WBxx_HAL_Driver/Src/stm32wbxx_hal_rcc_ex.o
LOAD ./Drivers/STM32WBxx_HAL_Driver/Src/stm32wbxx_hal_tim.o
LOAD ./Drivers/STM32WBxx_HAL_Driver/Src/stm32wbxx_hal_tim_ex.o
LOAD ./Drivers/STM32WBxx_HAL_Driver/Src/stm32wbxx_hal_uart.o
LOAD ./Drivers/STM32WBxx_HAL_Driver/Src/stm32wbxx_hal_uart_ex.o
LOAD ./Drivers/STM32WBxx_HAL_Driver/Src/stm32wbxx_hal_usart.o
LOAD ./Drivers/STM32WBxx_HAL_Driver/Src/stm32wbxx_hal_usart_ex.o
LOAD ./Drivers/STM32WBxx_HAL_Driver/Src/stm32wbxx_ll_adc.o
LOAD ./Drivers/STM32WBxx_HAL_Driver/Src/stm32wbxx_ll_rcc.o
LOAD ./Drivers/STM32WBxx_HAL_Driver/Src/stm32wbxx_ll_usb.o
LOAD ./Middlewares/ST/STM32_USB_Device_Library/Class/CDC/Src/usbd_cdc.o
LOAD ./Middlewares/ST/STM32_USB_Device_Library/Core/Src/usbd_core.o
LOAD ./Middlewares/ST/STM32_USB_Device_Library/Core/Src/usbd_ctlreq.o
LOAD ./Middlewares/ST/STM32_USB_Device_Library/Core/Src/usbd_ioreq.o
LOAD ./USB_Device/App/usb_device.o
LOAD ./USB_Device/App/usbd_cdc_if.o
LOAD ./USB_Device/App/usbd_desc.o
LOAD ./USB_Device/Target/usbd_conf.o
START GROUP
LOAD D:/WorkSoftware/STM32CubeIDE_1.16.1/STM32CubeIDE/plugins/com.st.stm32cube.ide.mcu.externaltools.gnu-tools-for-stm32.12.3.rel1.win32_1.0.200.202406191623/tools/bin/../lib/gcc/arm-none-eabi/12.3.1/../../../../arm-none-eabi/lib/thumb/v7e-m+fp/hard\libc_nano.a
LOAD D:/WorkSoftware/STM32CubeIDE_1.16.1/STM32CubeIDE/plugins/com.st.stm32cube.ide.mcu.externaltools.gnu-tools-for-stm32.12.3.rel1.win32_1.0.200.202406191623/tools/bin/../lib/gcc/arm-none-eabi/12.3.1/../../../../arm-none-eabi/lib/thumb/v7e-m+fp/hard\libm.a
END GROUP
START GROUP
LOAD D:/WorkSoftware/STM32CubeIDE_1.16.1/STM32CubeIDE/plugins/com.st.stm32cube.ide.mcu.externaltools.gnu-tools-for-stm32.12.3.rel1.win32_1.0.200.202406191623/tools/bin/../lib/gcc/arm-none-eabi/12.3.1/thumb/v7e-m+fp/hard\libgcc.a
LOAD D:/WorkSoftware/STM32CubeIDE_1.16.1/STM32CubeIDE/plugins/com.st.stm32cube.ide.mcu.externaltools.gnu-tools-for-stm32.12.3.rel1.win32_1.0.200.202406191623/tools/bin/../lib/gcc/arm-none-eabi/12.3.1/../../../../arm-none-eabi/lib/thumb/v7e-m+fp/hard\libc_nano.a
END GROUP
START GROUP
LOAD D:/WorkSoftware/STM32CubeIDE_1.16.1/STM32CubeIDE/plugins/com.st.stm32cube.ide.mcu.externaltools.gnu-tools-for-stm32.12.3.rel1.win32_1.0.200.202406191623/tools/bin/../lib/gcc/arm-none-eabi/12.3.1/thumb/v7e-m+fp/hard\libgcc.a
LOAD D:/WorkSoftware/STM32CubeIDE_1.16.1/STM32CubeIDE/plugins/com.st.stm32cube.ide.mcu.externaltools.gnu-tools-for-stm32.12.3.rel1.win32_1.0.200.202406191623/tools/bin/../lib/gcc/arm-none-eabi/12.3.1/../../../../arm-none-eabi/lib/thumb/v7e-m+fp/hard\libc_nano.a
LOAD D:/WorkSoftware/STM32CubeIDE_1.16.1/STM32CubeIDE/plugins/com.st.stm32cube.ide.mcu.externaltools.gnu-tools-for-stm32.12.3.rel1.win32_1.0.200.202406191623/tools/bin/../lib/gcc/arm-none-eabi/12.3.1/../../../../arm-none-eabi/lib/thumb/v7e-m+fp/hard\libnosys.a
END GROUP
START GROUP
LOAD D:/WorkSoftware/STM32CubeIDE_1.16.1/STM32CubeIDE/plugins/com.st.stm32cube.ide.mcu.externaltools.gnu-tools-for-stm32.12.3.rel1.win32_1.0.200.202406191623/tools/bin/../lib/gcc/arm-none-eabi/12.3.1/thumb/v7e-m+fp/hard\libgcc.a
LOAD D:/WorkSoftware/STM32CubeIDE_1.16.1/STM32CubeIDE/plugins/com.st.stm32cube.ide.mcu.externaltools.gnu-tools-for-stm32.12.3.rel1.win32_1.0.200.202406191623/tools/bin/../lib/gcc/arm-none-eabi/12.3.1/../../../../arm-none-eabi/lib/thumb/v7e-m+fp/hard\libc_nano.a
LOAD D:/WorkSoftware/STM32CubeIDE_1.16.1/STM32CubeIDE/plugins/com.st.stm32cube.ide.mcu.externaltools.gnu-tools-for-stm32.12.3.rel1.win32_1.0.200.202406191623/tools/bin/../lib/gcc/arm-none-eabi/12.3.1/../../../../arm-none-eabi/lib/thumb/v7e-m+fp/hard\libnosys.a
END GROUP
LOAD D:/WorkSoftware/STM32CubeIDE_1.16.1/STM32CubeIDE/plugins/com.st.stm32cube.ide.mcu.externaltools.gnu-tools-for-stm32.12.3.rel1.win32_1.0.200.202406191623/tools/bin/../lib/gcc/arm-none-eabi/12.3.1/thumb/v7e-m+fp/hard/crtend.o
LOAD D:/WorkSoftware/STM32CubeIDE_1.16.1/STM32CubeIDE/plugins/com.st.stm32cube.ide.mcu.externaltools.gnu-tools-for-stm32.12.3.rel1.win32_1.0.200.202406191623/tools/bin/../lib/gcc/arm-none-eabi/12.3.1/thumb/v7e-m+fp/hard/crtn.o
                0x20030000                        _estack = (ORIGIN (RAM) + LENGTH (RAM))
                0x00000200                        _Min_Heap_Size = 0x200
                0x00000400                        _Min_Stack_Size = 0x400

.isr_vector     0x08000000      0x13c
                0x08000000                        . = ALIGN (0x4)
 *(.isr_vector)
 .isr_vector    0x08000000      0x13c ./Core/Startup/startup_stm32wb55rgvx.o
                0x08000000                g_pfnVectors
                0x0800013c                        . = ALIGN (0x4)

.text           0x08000140    0x13384
                0x08000140                        . = ALIGN (0x4)
 *(.text)
 .text          0x08000140       0x40 D:/WorkSoftware/STM32CubeIDE_1.16.1/STM32CubeIDE/plugins/com.st.stm32cube.ide.mcu.externaltools.gnu-tools-for-stm32.12.3.rel1.win32_1.0.200.202406191623/tools/bin/../lib/gcc/arm-none-eabi/12.3.1/thumb/v7e-m+fp/hard/crtbegin.o
 .text          0x08000180       0xa0 D:/WorkSoftware/STM32CubeIDE_1.16.1/STM32CubeIDE/plugins/com.st.stm32cube.ide.mcu.externaltools.gnu-tools-for-stm32.12.3.rel1.win32_1.0.200.202406191623/tools/bin/../lib/gcc/arm-none-eabi/12.3.1/../../../../arm-none-eabi/lib/thumb/v7e-m+fp/hard\libc_nano.a(libc_a-memchr.o)
                0x08000180                memchr
 .text          0x08000220      0x254 D:/WorkSoftware/STM32CubeIDE_1.16.1/STM32CubeIDE/plugins/com.st.stm32cube.ide.mcu.externaltools.gnu-tools-for-stm32.12.3.rel1.win32_1.0.200.202406191623/tools/bin/../lib/gcc/arm-none-eabi/12.3.1/thumb/v7e-m+fp/hard\libgcc.a(_arm_muldf3.o)
                0x08000220                __muldf3
                0x08000220                __aeabi_dmul
 .text          0x08000474      0x378 D:/WorkSoftware/STM32CubeIDE_1.16.1/STM32CubeIDE/plugins/com.st.stm32cube.ide.mcu.externaltools.gnu-tools-for-stm32.12.3.rel1.win32_1.0.200.202406191623/tools/bin/../lib/gcc/arm-none-eabi/12.3.1/thumb/v7e-m+fp/hard\libgcc.a(_arm_addsubdf3.o)
                0x08000474                __aeabi_drsub
                0x0800047c                __aeabi_dsub
                0x0800047c                __subdf3
                0x08000480                __aeabi_dadd
                0x08000480                __adddf3
                0x080006f8                __floatunsidf
                0x080006f8                __aeabi_ui2d
                0x08000718                __floatsidf
                0x08000718                __aeabi_i2d
                0x0800073c                __aeabi_f2d
                0x0800073c                __extendsfdf2
                0x08000780                __floatundidf
                0x08000780                __aeabi_ul2d
                0x08000790                __floatdidf
                0x08000790                __aeabi_l2d
 .text          0x080007ec       0xa0 D:/WorkSoftware/STM32CubeIDE_1.16.1/STM32CubeIDE/plugins/com.st.stm32cube.ide.mcu.externaltools.gnu-tools-for-stm32.12.3.rel1.win32_1.0.200.202406191623/tools/bin/../lib/gcc/arm-none-eabi/12.3.1/thumb/v7e-m+fp/hard\libgcc.a(_arm_truncdfsf2.o)
                0x080007ec                __truncdfsf2
                0x080007ec                __aeabi_d2f
 .text          0x0800088c       0x30 D:/WorkSoftware/STM32CubeIDE_1.16.1/STM32CubeIDE/plugins/com.st.stm32cube.ide.mcu.externaltools.gnu-tools-for-stm32.12.3.rel1.win32_1.0.200.202406191623/tools/bin/../lib/gcc/arm-none-eabi/12.3.1/thumb/v7e-m+fp/hard\libgcc.a(_aeabi_uldivmod.o)
                0x0800088c                __aeabi_uldivmod
 .text          0x080008bc      0x2bc D:/WorkSoftware/STM32CubeIDE_1.16.1/STM32CubeIDE/plugins/com.st.stm32cube.ide.mcu.externaltools.gnu-tools-for-stm32.12.3.rel1.win32_1.0.200.202406191623/tools/bin/../lib/gcc/arm-none-eabi/12.3.1/thumb/v7e-m+fp/hard\libgcc.a(_udivmoddi4.o)
                0x080008bc                __udivmoddi4
 .text          0x08000b78        0x4 D:/WorkSoftware/STM32CubeIDE_1.16.1/STM32CubeIDE/plugins/com.st.stm32cube.ide.mcu.externaltools.gnu-tools-for-stm32.12.3.rel1.win32_1.0.200.202406191623/tools/bin/../lib/gcc/arm-none-eabi/12.3.1/thumb/v7e-m+fp/hard\libgcc.a(_dvmd_tls.o)
                0x08000b78                __aeabi_idiv0
                0x08000b78                __aeabi_ldiv0
 *(.text*)
 .text.bmi160_get_regs
                0x08000b7c       0x66 ./Core/Src/bmi160.o
                0x08000b7c                bmi160_get_regs
 .text.bmi160_set_regs
                0x08000be2       0xc6 ./Core/Src/bmi160.o
                0x08000be2                bmi160_set_regs
 .text.bmi160_init
                0x08000ca8       0x9c ./Core/Src/bmi160.o
                0x08000ca8                bmi160_init
 .text.bmi160_soft_reset
                0x08000d44       0x76 ./Core/Src/bmi160.o
                0x08000d44                bmi160_soft_reset
 .text.bmi160_set_sens_conf
                0x08000dba       0x6c ./Core/Src/bmi160.o
                0x08000dba                bmi160_set_sens_conf
 .text.bmi160_set_power_mode
                0x08000e26       0x48 ./Core/Src/bmi160.o
                0x08000e26                bmi160_set_power_mode
 .text.bmi160_get_sensor_data
                0x08000e6e       0xce ./Core/Src/bmi160.o
                0x08000e6e                bmi160_get_sensor_data
 .text.bmi160_set_int_config
                0x08000f3c      0x118 ./Core/Src/bmi160.o
                0x08000f3c                bmi160_set_int_config
 .text.bmi160_start_foc
                0x08001054      0x102 ./Core/Src/bmi160.o
                0x08001054                bmi160_start_foc
 .text.bmi160_get_offsets
                0x08001156       0xf6 ./Core/Src/bmi160.o
                0x08001156                bmi160_get_offsets
 .text.set_accel_any_motion_int
                0x0800124c       0x5c ./Core/Src/bmi160.o
 .text.set_accel_tap_int
                0x080012a8       0x72 ./Core/Src/bmi160.o
 .text.set_accel_gyro_data_ready_int
                0x0800131a       0x66 ./Core/Src/bmi160.o
 .text.set_accel_sig_motion_int
                0x08001380       0x5c ./Core/Src/bmi160.o
 .text.set_accel_no_motion_int
                0x080013dc       0x5c ./Core/Src/bmi160.o
 .text.set_accel_step_detect_int
                0x08001438       0x82 ./Core/Src/bmi160.o
 .text.set_accel_orientation_int
                0x080014ba       0x82 ./Core/Src/bmi160.o
 .text.set_accel_flat_detect_int
                0x0800153c       0x82 ./Core/Src/bmi160.o
 .text.set_accel_low_g_int
                0x080015be       0x96 ./Core/Src/bmi160.o
 .text.set_accel_high_g_int
                0x08001654       0x96 ./Core/Src/bmi160.o
 .text.set_intr_pin_config
                0x080016ea       0x36 ./Core/Src/bmi160.o
 .text.null_ptr_check
                0x08001720       0x40 ./Core/Src/bmi160.o
 .text.default_param_settg
                0x08001760       0x54 ./Core/Src/bmi160.o
 .text.set_accel_conf
                0x080017b4       0x7e ./Core/Src/bmi160.o
 .text.check_accel_config
                0x08001832       0x66 ./Core/Src/bmi160.o
 .text.process_accel_odr
                0x08001898       0x68 ./Core/Src/bmi160.o
 .text.process_accel_bw
                0x08001900       0x6a ./Core/Src/bmi160.o
 .text.process_accel_range
                0x0800196a       0x68 ./Core/Src/bmi160.o
 .text.check_invalid_settg
                0x080019d2       0x6a ./Core/Src/bmi160.o
 .text.set_gyro_conf
                0x08001a3c       0x7e ./Core/Src/bmi160.o
 .text.check_gyro_config
                0x08001aba       0x66 ./Core/Src/bmi160.o
 .text.process_gyro_odr
                0x08001b20       0x68 ./Core/Src/bmi160.o
 .text.process_gyro_bw
                0x08001b88       0x5e ./Core/Src/bmi160.o
 .text.process_gyro_range
                0x08001be6       0x68 ./Core/Src/bmi160.o
 .text.set_accel_pwr
                0x08001c4e       0x84 ./Core/Src/bmi160.o
 .text.process_under_sampling
                0x08001cd2       0xaa ./Core/Src/bmi160.o
 .text.set_gyro_pwr
                0x08001d7c       0x88 ./Core/Src/bmi160.o
 .text.get_accel_data
                0x08001e04      0x194 ./Core/Src/bmi160.o
 .text.get_gyro_data
                0x08001f98      0x292 ./Core/Src/bmi160.o
 .text.get_accel_gyro_data
                0x0800222a      0x27c ./Core/Src/bmi160.o
 .text.enable_accel_any_motion_int
                0x080024a6       0xdc ./Core/Src/bmi160.o
 .text.disable_sig_motion_int
                0x08002582       0x62 ./Core/Src/bmi160.o
 .text.map_feature_interrupt
                0x080025e4      0x134 ./Core/Src/bmi160.o
 .text.map_hardware_interrupt
                0x08002718      0x110 ./Core/Src/bmi160.o
 .text.config_any_motion_src
                0x08002828       0x6c ./Core/Src/bmi160.o
 .text.config_any_dur_threshold
                0x08002894       0x82 ./Core/Src/bmi160.o
 .text.config_any_motion_int_settg
                0x08002916       0x72 ./Core/Src/bmi160.o
 .text.enable_data_ready_int
                0x08002988       0x5a ./Core/Src/bmi160.o
 .text.enable_no_motion_int
                0x080029e2       0xaa ./Core/Src/bmi160.o
 .text.config_no_motion_int_settg
                0x08002a8c       0x60 ./Core/Src/bmi160.o
 .text.config_no_motion_data_src
                0x08002aec       0x6c ./Core/Src/bmi160.o
 .text.config_no_motion_dur_thr
                0x08002b58       0xdc ./Core/Src/bmi160.o
 .text.enable_sig_motion_int
                0x08002c34       0x82 ./Core/Src/bmi160.o
 .text.config_sig_motion_int_settg
                0x08002cb6       0x60 ./Core/Src/bmi160.o
 .text.config_sig_motion_data_src
                0x08002d16       0x6c ./Core/Src/bmi160.o
 .text.config_sig_dur_threshold
                0x08002d82       0xde ./Core/Src/bmi160.o
 .text.enable_step_detect_int
                0x08002e60       0x72 ./Core/Src/bmi160.o
 .text.config_step_detect
                0x08002ed2      0x100 ./Core/Src/bmi160.o
 .text.enable_tap_int
                0x08002fd2       0xa6 ./Core/Src/bmi160.o
 .text.config_tap_int_settg
                0x08003078       0x62 ./Core/Src/bmi160.o
 .text.config_tap_data_src
                0x080030da       0x72 ./Core/Src/bmi160.o
 .text.config_tap_param
                0x0800314c      0x134 ./Core/Src/bmi160.o
 .text.enable_orient_int
                0x08003280       0x72 ./Core/Src/bmi160.o
 .text.config_orient_int_settg
                0x080032f2      0x11e ./Core/Src/bmi160.o
 .text.enable_flat_int
                0x08003410       0x6c ./Core/Src/bmi160.o
 .text.config_flat_int_settg
                0x0800347c       0xb8 ./Core/Src/bmi160.o
 .text.enable_low_g_int
                0x08003534       0x72 ./Core/Src/bmi160.o
 .text.config_low_g_data_src
                0x080035a6       0x6c ./Core/Src/bmi160.o
 *fill*         0x08003612        0x2 
 .text.config_low_g_int_settg
                0x08003614       0xb0 ./Core/Src/bmi160.o
 .text.enable_high_g_int
                0x080036c4       0xb6 ./Core/Src/bmi160.o
 .text.config_high_g_data_src
                0x0800377a       0x6c ./Core/Src/bmi160.o
 *fill*         0x080037e6        0x2 
 .text.config_high_g_int_settg
                0x080037e8       0x8c ./Core/Src/bmi160.o
 .text.config_int_out_ctrl
                0x08003874      0x18a ./Core/Src/bmi160.o
 .text.config_int_latch
                0x080039fe       0xc6 ./Core/Src/bmi160.o
 .text.set_fifo_full_int
                0x08003ac4       0x62 ./Core/Src/bmi160.o
 .text.enable_fifo_full_int
                0x08003b26       0x6c ./Core/Src/bmi160.o
 .text.set_fifo_watermark_int
                0x08003b92       0x62 ./Core/Src/bmi160.o
 .text.enable_fifo_wtm_int
                0x08003bf4       0x6c ./Core/Src/bmi160.o
 .text.get_foc_status
                0x08003c60       0x40 ./Core/Src/bmi160.o
 .text.configure_offset_enable
                0x08003ca0       0x94 ./Core/Src/bmi160.o
 .text.trigger_foc
                0x08003d34       0xc0 ./Core/Src/bmi160.o
 .text.BMI160_init
                0x08003df4      0x180 ./Core/Src/bmi160_wrapper.o
                0x08003df4                BMI160_init
 .text.start_foc
                0x08003f74       0x64 ./Core/Src/bmi160_wrapper.o
                0x08003f74                start_foc
 .text.bmi160ReadAccelGyro
                0x08003fd8      0x108 ./Core/Src/bmi160_wrapper.o
                0x08003fd8                bmi160ReadAccelGyro
 .text.set_bmi160_Ares
                0x080040e0       0x58 ./Core/Src/bmi160_wrapper.o
                0x080040e0                set_bmi160_Ares
 .text.set_bmi160_Gres
                0x08004138       0x64 ./Core/Src/bmi160_wrapper.o
                0x08004138                set_bmi160_Gres
 .text.get_bmi160_Ares
                0x0800419c       0x6c ./Core/Src/bmi160_wrapper.o
                0x0800419c                get_bmi160_Ares
 .text.get_bmi160_Gres
                0x08004208       0x88 ./Core/Src/bmi160_wrapper.o
                0x08004208                get_bmi160_Gres
 .text.SensorAPI_I2Cx_Read
                0x08004290       0x44 ./Core/Src/common_porting.o
                0x08004290                SensorAPI_I2Cx_Read
 .text.SensorAPI_I2Cx_Write
                0x080042d4       0x54 ./Core/Src/common_porting.o
                0x080042d4                SensorAPI_I2Cx_Write
 .text.LL_AHB1_GRP1_EnableClock
                0x08004328       0x32 ./Core/Src/main.o
 .text.LL_AHB2_GRP1_EnableClock
                0x0800435a       0x32 ./Core/Src/main.o
 .text.HAL_TIM_PeriodElapsedCallback
                0x0800438c       0x54 ./Core/Src/main.o
                0x0800438c                HAL_TIM_PeriodElapsedCallback
 .text.main     0x080043e0      0x220 ./Core/Src/main.o
                0x080043e0                main
 .text.SystemClock_Config
                0x08004600       0xc8 ./Core/Src/main.o
                0x08004600                SystemClock_Config
 .text.PeriphCommonClock_Config
                0x080046c8       0x62 ./Core/Src/main.o
                0x080046c8                PeriphCommonClock_Config
 *fill*         0x0800472a        0x2 
 .text.MX_ADC1_Init
                0x0800472c       0xe8 ./Core/Src/main.o
 .text.MX_I2C1_Init
                0x08004814       0x80 ./Core/Src/main.o
 .text.MX_TIM2_Init
                0x08004894       0x9c ./Core/Src/main.o
 .text.MX_DMA_Init
                0x08004930       0x24 ./Core/Src/main.o
 .text.MX_GPIO_Init
                0x08004954       0x58 ./Core/Src/main.o
 .text.prepare_data_packet_both
                0x080049ac       0x56 ./Core/Src/main.o
                0x080049ac                prepare_data_packet_both
 .text.Error_Handler
                0x08004a02        0xc ./Core/Src/main.o
                0x08004a02                Error_Handler
 .text.LL_AHB2_GRP1_EnableClock
                0x08004a0e       0x32 ./Core/Src/stm32wbxx_hal_msp.o
 .text.LL_APB1_GRP1_EnableClock
                0x08004a40       0x32 ./Core/Src/stm32wbxx_hal_msp.o
 .text.HAL_MspInit
                0x08004a72        0xe ./Core/Src/stm32wbxx_hal_msp.o
                0x08004a72                HAL_MspInit
 .text.HAL_ADC_MspInit
                0x08004a80       0xc8 ./Core/Src/stm32wbxx_hal_msp.o
                0x08004a80                HAL_ADC_MspInit
 .text.HAL_I2C_MspInit
                0x08004b48       0xb0 ./Core/Src/stm32wbxx_hal_msp.o
                0x08004b48                HAL_I2C_MspInit
 .text.HAL_TIM_Base_MspInit
                0x08004bf8       0x30 ./Core/Src/stm32wbxx_hal_msp.o
                0x08004bf8                HAL_TIM_Base_MspInit
 .text.NMI_Handler
                0x08004c28        0x8 ./Core/Src/stm32wbxx_it.o
                0x08004c28                NMI_Handler
 .text.HardFault_Handler
                0x08004c30        0x8 ./Core/Src/stm32wbxx_it.o
                0x08004c30                HardFault_Handler
 .text.MemManage_Handler
                0x08004c38        0x8 ./Core/Src/stm32wbxx_it.o
                0x08004c38                MemManage_Handler
 .text.BusFault_Handler
                0x08004c40        0x8 ./Core/Src/stm32wbxx_it.o
                0x08004c40                BusFault_Handler
 .text.UsageFault_Handler
                0x08004c48        0x8 ./Core/Src/stm32wbxx_it.o
                0x08004c48                UsageFault_Handler
 .text.SVC_Handler
                0x08004c50        0xe ./Core/Src/stm32wbxx_it.o
                0x08004c50                SVC_Handler
 .text.DebugMon_Handler
                0x08004c5e        0xe ./Core/Src/stm32wbxx_it.o
                0x08004c5e                DebugMon_Handler
 .text.PendSV_Handler
                0x08004c6c        0xe ./Core/Src/stm32wbxx_it.o
                0x08004c6c                PendSV_Handler
 .text.SysTick_Handler
                0x08004c7a        0xc ./Core/Src/stm32wbxx_it.o
                0x08004c7a                SysTick_Handler
 .text.EXTI0_IRQHandler
                0x08004c86        0xe ./Core/Src/stm32wbxx_it.o
                0x08004c86                EXTI0_IRQHandler
 .text.EXTI1_IRQHandler
                0x08004c94        0xe ./Core/Src/stm32wbxx_it.o
                0x08004c94                EXTI1_IRQHandler
 .text.EXTI4_IRQHandler
                0x08004ca2        0xe ./Core/Src/stm32wbxx_it.o
                0x08004ca2                EXTI4_IRQHandler
 .text.DMA1_Channel1_IRQHandler
                0x08004cb0       0x14 ./Core/Src/stm32wbxx_it.o
                0x08004cb0                DMA1_Channel1_IRQHandler
 .text.ADC1_IRQHandler
                0x08004cc4       0x14 ./Core/Src/stm32wbxx_it.o
                0x08004cc4                ADC1_IRQHandler
 .text.USB_HP_IRQHandler
                0x08004cd8       0x14 ./Core/Src/stm32wbxx_it.o
                0x08004cd8                USB_HP_IRQHandler
 .text.USB_LP_IRQHandler
                0x08004cec       0x14 ./Core/Src/stm32wbxx_it.o
                0x08004cec                USB_LP_IRQHandler
 .text.TIM2_IRQHandler
                0x08004d00       0x14 ./Core/Src/stm32wbxx_it.o
                0x08004d00                TIM2_IRQHandler
 .text.I2C1_EV_IRQHandler
                0x08004d14       0x14 ./Core/Src/stm32wbxx_it.o
                0x08004d14                I2C1_EV_IRQHandler
 .text.I2C1_ER_IRQHandler
                0x08004d28       0x14 ./Core/Src/stm32wbxx_it.o
                0x08004d28                I2C1_ER_IRQHandler
 .text._read    0x08004d3c       0x3a ./Core/Src/syscalls.o
                0x08004d3c                _read
 .text._write   0x08004d76       0x38 ./Core/Src/syscalls.o
                0x08004d76                _write
 .text._close   0x08004dae       0x18 ./Core/Src/syscalls.o
                0x08004dae                _close
 .text._fstat   0x08004dc6       0x20 ./Core/Src/syscalls.o
                0x08004dc6                _fstat
 .text._isatty  0x08004de6       0x16 ./Core/Src/syscalls.o
                0x08004de6                _isatty
 .text._lseek   0x08004dfc       0x1a ./Core/Src/syscalls.o
                0x08004dfc                _lseek
 *fill*         0x08004e16        0x2 
 .text._sbrk    0x08004e18       0x6c ./Core/Src/sysmem.o
                0x08004e18                _sbrk
 .text.SystemInit
                0x08004e84       0xa4 ./Core/Src/system_stm32wbxx.o
                0x08004e84                SystemInit
 .text.data_initializers
                0x08004f28       0x18 ./Core/Startup/startup_stm32wb55rgvx.o
 .text.Reset_Handler
                0x08004f40       0x58 ./Core/Startup/startup_stm32wb55rgvx.o
                0x08004f40                Reset_Handler
 .text.Default_Handler
                0x08004f98        0x2 ./Core/Startup/startup_stm32wb55rgvx.o
                0x08004f98                RTC_Alarm_IRQHandler
                0x08004f98                EXTI2_IRQHandler
                0x08004f98                TIM1_CC_IRQHandler
                0x08004f98                TSC_IRQHandler
                0x08004f98                EXTI3_IRQHandler
                0x08004f98                LPTIM2_IRQHandler
                0x08004f98                I2C3_ER_IRQHandler
                0x08004f98                FPU_IRQHandler
                0x08004f98                TIM1_UP_TIM16_IRQHandler
                0x08004f98                AES1_IRQHandler
                0x08004f98                SPI1_IRQHandler
                0x08004f98                PWR_SOTF_BLEACT_802ACT_RFPHASE_IRQHandler
                0x08004f98                DMA2_Channel2_IRQHandler
                0x08004f98                DMA1_Channel4_IRQHandler
                0x08004f98                PKA_IRQHandler
                0x08004f98                DMA1_Channel7_IRQHandler
                0x08004f98                LCD_IRQHandler
                0x08004f98                IPCC_C1_TX_IRQHandler
                0x08004f98                DMA2_Channel1_IRQHandler
                0x08004f98                QUADSPI_IRQHandler
                0x08004f98                DMAMUX1_OVR_IRQHandler
                0x08004f98                DMA1_Channel6_IRQHandler
                0x08004f98                DMA2_Channel4_IRQHandler
                0x08004f98                RCC_IRQHandler
                0x08004f98                Default_Handler
                0x08004f98                DMA2_Channel7_IRQHandler
                0x08004f98                EXTI15_10_IRQHandler
                0x08004f98                IPCC_C1_RX_IRQHandler
                0x08004f98                C2SEV_PWR_C2H_IRQHandler
                0x08004f98                AES2_IRQHandler
                0x08004f98                I2C3_EV_IRQHandler
                0x08004f98                EXTI9_5_IRQHandler
                0x08004f98                RTC_WKUP_IRQHandler
                0x08004f98                PVD_PVM_IRQHandler
                0x08004f98                SPI2_IRQHandler
                0x08004f98                DMA2_Channel5_IRQHandler
                0x08004f98                CRS_IRQHandler
                0x08004f98                DMA1_Channel5_IRQHandler
                0x08004f98                RNG_IRQHandler
                0x08004f98                TIM1_TRG_COM_TIM17_IRQHandler
                0x08004f98                TAMP_STAMP_LSECSS_IRQHandler
                0x08004f98                DMA1_Channel3_IRQHandler
                0x08004f98                COMP_IRQHandler
                0x08004f98                HSEM_IRQHandler
                0x08004f98                WWDG_IRQHandler
                0x08004f98                LPUART1_IRQHandler
                0x08004f98                DMA2_Channel6_IRQHandler
                0x08004f98                TIM1_BRK_IRQHandler
                0x08004f98                DMA1_Channel2_IRQHandler
                0x08004f98                FLASH_IRQHandler
                0x08004f98                USART1_IRQHandler
                0x08004f98                LPTIM1_IRQHandler
                0x08004f98                SAI1_IRQHandler
                0x08004f98                DMA2_Channel3_IRQHandler
 .text.LL_AHB2_GRP1_EnableClock
                0x08004f9a       0x32 ./Drivers/BSP/P-NUCLEO-WB55.Nucleo/stm32wbxx_nucleo.o
 .text.LL_APB2_GRP1_EnableClock
                0x08004fcc       0x32 ./Drivers/BSP/P-NUCLEO-WB55.Nucleo/stm32wbxx_nucleo.o
 *fill*         0x08004ffe        0x2 
 .text.BSP_LED_Init
                0x08005000       0x74 ./Drivers/BSP/P-NUCLEO-WB55.Nucleo/stm32wbxx_nucleo.o
                0x08005000                BSP_LED_Init
 .text.BSP_PB_Init
                0x08005074       0xe0 ./Drivers/BSP/P-NUCLEO-WB55.Nucleo/stm32wbxx_nucleo.o
                0x08005074                BSP_PB_Init
 .text.BSP_COM_Init
                0x08005154       0x60 ./Drivers/BSP/P-NUCLEO-WB55.Nucleo/stm32wbxx_nucleo.o
                0x08005154                BSP_COM_Init
 .text.MX_LPUART1_Init
                0x080051b4       0x64 ./Drivers/BSP/P-NUCLEO-WB55.Nucleo/stm32wbxx_nucleo.o
                0x080051b4                MX_LPUART1_Init
 .text.__io_putchar
                0x08005218       0x38 ./Drivers/BSP/P-NUCLEO-WB55.Nucleo/stm32wbxx_nucleo.o
                0x08005218                __io_putchar
 .text.COM1_MspInit
                0x08005250       0x60 ./Drivers/BSP/P-NUCLEO-WB55.Nucleo/stm32wbxx_nucleo.o
 .text.HAL_Init
                0x080052b0       0x40 ./Drivers/STM32WBxx_HAL_Driver/Src/stm32wbxx_hal.o
                0x080052b0                HAL_Init
 .text.HAL_InitTick
                0x080052f0       0x74 ./Drivers/STM32WBxx_HAL_Driver/Src/stm32wbxx_hal.o
                0x080052f0                HAL_InitTick
 .text.HAL_IncTick
                0x08005364       0x28 ./Drivers/STM32WBxx_HAL_Driver/Src/stm32wbxx_hal.o
                0x08005364                HAL_IncTick
 .text.HAL_GetTick
                0x0800538c       0x18 ./Drivers/STM32WBxx_HAL_Driver/Src/stm32wbxx_hal.o
                0x0800538c                HAL_GetTick
 .text.HAL_GetTickPrio
                0x080053a4       0x18 ./Drivers/STM32WBxx_HAL_Driver/Src/stm32wbxx_hal.o
                0x080053a4                HAL_GetTickPrio
 .text.HAL_Delay
                0x080053bc       0x48 ./Drivers/STM32WBxx_HAL_Driver/Src/stm32wbxx_hal.o
                0x080053bc                HAL_Delay
 .text.LL_ADC_SetCommonClock
                0x08005404       0x26 ./Drivers/STM32WBxx_HAL_Driver/Src/stm32wbxx_hal_adc.o
 .text.LL_ADC_SetCommonPathInternalCh
                0x0800542a       0x26 ./Drivers/STM32WBxx_HAL_Driver/Src/stm32wbxx_hal_adc.o
 .text.LL_ADC_GetCommonPathInternalCh
                0x08005450       0x1c ./Drivers/STM32WBxx_HAL_Driver/Src/stm32wbxx_hal_adc.o
 .text.LL_ADC_SetOffset
                0x0800546c       0x48 ./Drivers/STM32WBxx_HAL_Driver/Src/stm32wbxx_hal_adc.o
 .text.LL_ADC_GetOffsetChannel
                0x080054b4       0x2c ./Drivers/STM32WBxx_HAL_Driver/Src/stm32wbxx_hal_adc.o
 .text.LL_ADC_SetOffsetState
                0x080054e0       0x36 ./Drivers/STM32WBxx_HAL_Driver/Src/stm32wbxx_hal_adc.o
 .text.LL_ADC_REG_IsTriggerSourceSWStart
                0x08005516       0x26 ./Drivers/STM32WBxx_HAL_Driver/Src/stm32wbxx_hal_adc.o
 .text.LL_ADC_REG_SetSequencerRanks
                0x0800553c       0x58 ./Drivers/STM32WBxx_HAL_Driver/Src/stm32wbxx_hal_adc.o
 .text.LL_ADC_REG_GetDMATransfer
                0x08005594       0x1c ./Drivers/STM32WBxx_HAL_Driver/Src/stm32wbxx_hal_adc.o
 .text.LL_ADC_INJ_IsTriggerSourceSWStart
                0x080055b0       0x26 ./Drivers/STM32WBxx_HAL_Driver/Src/stm32wbxx_hal_adc.o
 .text.LL_ADC_SetChannelSamplingTime
                0x080055d6       0x56 ./Drivers/STM32WBxx_HAL_Driver/Src/stm32wbxx_hal_adc.o
 .text.LL_ADC_SetChannelSingleDiff
                0x0800562c       0x48 ./Drivers/STM32WBxx_HAL_Driver/Src/stm32wbxx_hal_adc.o
 .text.LL_ADC_DisableDeepPowerDown
                0x08005674       0x24 ./Drivers/STM32WBxx_HAL_Driver/Src/stm32wbxx_hal_adc.o
 .text.LL_ADC_IsDeepPowerDownEnabled
                0x08005698       0x28 ./Drivers/STM32WBxx_HAL_Driver/Src/stm32wbxx_hal_adc.o
 .text.LL_ADC_EnableInternalRegulator
                0x080056c0       0x28 ./Drivers/STM32WBxx_HAL_Driver/Src/stm32wbxx_hal_adc.o
 .text.LL_ADC_IsInternalRegulatorEnabled
                0x080056e8       0x28 ./Drivers/STM32WBxx_HAL_Driver/Src/stm32wbxx_hal_adc.o
 .text.LL_ADC_Enable
                0x08005710       0x28 ./Drivers/STM32WBxx_HAL_Driver/Src/stm32wbxx_hal_adc.o
 .text.LL_ADC_IsEnabled
                0x08005738       0x26 ./Drivers/STM32WBxx_HAL_Driver/Src/stm32wbxx_hal_adc.o
 .text.LL_ADC_REG_StartConversion
                0x0800575e       0x28 ./Drivers/STM32WBxx_HAL_Driver/Src/stm32wbxx_hal_adc.o
 .text.LL_ADC_REG_IsConversionOngoing
                0x08005786       0x26 ./Drivers/STM32WBxx_HAL_Driver/Src/stm32wbxx_hal_adc.o
 .text.LL_ADC_INJ_IsConversionOngoing
                0x080057ac       0x26 ./Drivers/STM32WBxx_HAL_Driver/Src/stm32wbxx_hal_adc.o
 *fill*         0x080057d2        0x2 
 .text.HAL_ADC_Init
                0x080057d4      0x298 ./Drivers/STM32WBxx_HAL_Driver/Src/stm32wbxx_hal_adc.o
                0x080057d4                HAL_ADC_Init
 .text.HAL_ADC_Start_DMA
                0x08005a6c      0x108 ./Drivers/STM32WBxx_HAL_Driver/Src/stm32wbxx_hal_adc.o
                0x08005a6c                HAL_ADC_Start_DMA
 .text.HAL_ADC_IRQHandler
                0x08005b74      0x36c ./Drivers/STM32WBxx_HAL_Driver/Src/stm32wbxx_hal_adc.o
                0x08005b74                HAL_ADC_IRQHandler
 .text.HAL_ADC_ConvCpltCallback
                0x08005ee0       0x14 ./Drivers/STM32WBxx_HAL_Driver/Src/stm32wbxx_hal_adc.o
                0x08005ee0                HAL_ADC_ConvCpltCallback
 .text.HAL_ADC_ConvHalfCpltCallback
                0x08005ef4       0x14 ./Drivers/STM32WBxx_HAL_Driver/Src/stm32wbxx_hal_adc.o
                0x08005ef4                HAL_ADC_ConvHalfCpltCallback
 .text.HAL_ADC_LevelOutOfWindowCallback
                0x08005f08       0x14 ./Drivers/STM32WBxx_HAL_Driver/Src/stm32wbxx_hal_adc.o
                0x08005f08                HAL_ADC_LevelOutOfWindowCallback
 .text.HAL_ADC_ErrorCallback
                0x08005f1c       0x14 ./Drivers/STM32WBxx_HAL_Driver/Src/stm32wbxx_hal_adc.o
                0x08005f1c                HAL_ADC_ErrorCallback
 .text.HAL_ADC_ConfigChannel
                0x08005f30      0x78c ./Drivers/STM32WBxx_HAL_Driver/Src/stm32wbxx_hal_adc.o
                0x08005f30                HAL_ADC_ConfigChannel
 .text.ADC_Enable
                0x080066bc       0xf4 ./Drivers/STM32WBxx_HAL_Driver/Src/stm32wbxx_hal_adc.o
                0x080066bc                ADC_Enable
 .text.ADC_DMAConvCplt
                0x080067b0       0xd8 ./Drivers/STM32WBxx_HAL_Driver/Src/stm32wbxx_hal_adc.o
                0x080067b0                ADC_DMAConvCplt
 .text.ADC_DMAHalfConvCplt
                0x08006888       0x1c ./Drivers/STM32WBxx_HAL_Driver/Src/stm32wbxx_hal_adc.o
                0x08006888                ADC_DMAHalfConvCplt
 .text.ADC_DMAError
                0x080068a4       0x34 ./Drivers/STM32WBxx_HAL_Driver/Src/stm32wbxx_hal_adc.o
                0x080068a4                ADC_DMAError
 .text.HAL_ADCEx_InjectedConvCpltCallback
                0x080068d8       0x14 ./Drivers/STM32WBxx_HAL_Driver/Src/stm32wbxx_hal_adc_ex.o
                0x080068d8                HAL_ADCEx_InjectedConvCpltCallback
 .text.HAL_ADCEx_InjectedQueueOverflowCallback
                0x080068ec       0x14 ./Drivers/STM32WBxx_HAL_Driver/Src/stm32wbxx_hal_adc_ex.o
                0x080068ec                HAL_ADCEx_InjectedQueueOverflowCallback
 .text.HAL_ADCEx_LevelOutOfWindow2Callback
                0x08006900       0x14 ./Drivers/STM32WBxx_HAL_Driver/Src/stm32wbxx_hal_adc_ex.o
                0x08006900                HAL_ADCEx_LevelOutOfWindow2Callback
 .text.HAL_ADCEx_LevelOutOfWindow3Callback
                0x08006914       0x14 ./Drivers/STM32WBxx_HAL_Driver/Src/stm32wbxx_hal_adc_ex.o
                0x08006914                HAL_ADCEx_LevelOutOfWindow3Callback
 .text.HAL_ADCEx_EndOfSamplingCallback
                0x08006928       0x14 ./Drivers/STM32WBxx_HAL_Driver/Src/stm32wbxx_hal_adc_ex.o
                0x08006928                HAL_ADCEx_EndOfSamplingCallback
 .text.__NVIC_SetPriorityGrouping
                0x0800693c       0x48 ./Drivers/STM32WBxx_HAL_Driver/Src/stm32wbxx_hal_cortex.o
 .text.__NVIC_GetPriorityGrouping
                0x08006984       0x1c ./Drivers/STM32WBxx_HAL_Driver/Src/stm32wbxx_hal_cortex.o
 .text.__NVIC_EnableIRQ
                0x080069a0       0x3c ./Drivers/STM32WBxx_HAL_Driver/Src/stm32wbxx_hal_cortex.o
 .text.__NVIC_SetPriority
                0x080069dc       0x54 ./Drivers/STM32WBxx_HAL_Driver/Src/stm32wbxx_hal_cortex.o
 .text.NVIC_EncodePriority
                0x08006a30       0x66 ./Drivers/STM32WBxx_HAL_Driver/Src/stm32wbxx_hal_cortex.o
 *fill*         0x08006a96        0x2 
 .text.SysTick_Config
                0x08006a98       0x44 ./Drivers/STM32WBxx_HAL_Driver/Src/stm32wbxx_hal_cortex.o
 .text.HAL_NVIC_SetPriorityGrouping
                0x08006adc       0x16 ./Drivers/STM32WBxx_HAL_Driver/Src/stm32wbxx_hal_cortex.o
                0x08006adc                HAL_NVIC_SetPriorityGrouping
 .text.HAL_NVIC_SetPriority
                0x08006af2       0x34 ./Drivers/STM32WBxx_HAL_Driver/Src/stm32wbxx_hal_cortex.o
                0x08006af2                HAL_NVIC_SetPriority
 .text.HAL_NVIC_EnableIRQ
                0x08006b26       0x1c ./Drivers/STM32WBxx_HAL_Driver/Src/stm32wbxx_hal_cortex.o
                0x08006b26                HAL_NVIC_EnableIRQ
 .text.HAL_SYSTICK_Config
                0x08006b42       0x18 ./Drivers/STM32WBxx_HAL_Driver/Src/stm32wbxx_hal_cortex.o
                0x08006b42                HAL_SYSTICK_Config
 *fill*         0x08006b5a        0x2 
 .text.HAL_DMA_Init
                0x08006b5c      0x150 ./Drivers/STM32WBxx_HAL_Driver/Src/stm32wbxx_hal_dma.o
                0x08006b5c                HAL_DMA_Init
 .text.HAL_DMA_Start_IT
                0x08006cac       0xf6 ./Drivers/STM32WBxx_HAL_Driver/Src/stm32wbxx_hal_dma.o
                0x08006cac                HAL_DMA_Start_IT
 .text.HAL_DMA_Abort_IT
                0x08006da2       0xbe ./Drivers/STM32WBxx_HAL_Driver/Src/stm32wbxx_hal_dma.o
                0x08006da2                HAL_DMA_Abort_IT
 .text.HAL_DMA_IRQHandler
                0x08006e60      0x15e ./Drivers/STM32WBxx_HAL_Driver/Src/stm32wbxx_hal_dma.o
                0x08006e60                HAL_DMA_IRQHandler
 .text.HAL_DMA_GetState
                0x08006fbe       0x1c ./Drivers/STM32WBxx_HAL_Driver/Src/stm32wbxx_hal_dma.o
                0x08006fbe                HAL_DMA_GetState
 .text.DMA_SetConfig
                0x08006fda       0x7c ./Drivers/STM32WBxx_HAL_Driver/Src/stm32wbxx_hal_dma.o
 *fill*         0x08007056        0x2 
 .text.DMA_CalcDMAMUXChannelBaseAndMask
                0x08007058       0x7c ./Drivers/STM32WBxx_HAL_Driver/Src/stm32wbxx_hal_dma.o
 .text.DMA_CalcDMAMUXRequestGenBaseAndMask
                0x080070d4       0x4c ./Drivers/STM32WBxx_HAL_Driver/Src/stm32wbxx_hal_dma.o
 .text.HAL_GPIO_Init
                0x08007120      0x2e0 ./Drivers/STM32WBxx_HAL_Driver/Src/stm32wbxx_hal_gpio.o
                0x08007120                HAL_GPIO_Init
 .text.HAL_GPIO_WritePin
                0x08007400       0x30 ./Drivers/STM32WBxx_HAL_Driver/Src/stm32wbxx_hal_gpio.o
                0x08007400                HAL_GPIO_WritePin
 .text.HAL_GPIO_TogglePin
                0x08007430       0x34 ./Drivers/STM32WBxx_HAL_Driver/Src/stm32wbxx_hal_gpio.o
                0x08007430                HAL_GPIO_TogglePin
 .text.HAL_GPIO_EXTI_IRQHandler
                0x08007464       0x30 ./Drivers/STM32WBxx_HAL_Driver/Src/stm32wbxx_hal_gpio.o
                0x08007464                HAL_GPIO_EXTI_IRQHandler
 .text.HAL_GPIO_EXTI_Callback
                0x08007494       0x16 ./Drivers/STM32WBxx_HAL_Driver/Src/stm32wbxx_hal_gpio.o
                0x08007494                HAL_GPIO_EXTI_Callback
 .text.HAL_I2C_Init
                0x080074aa      0x136 ./Drivers/STM32WBxx_HAL_Driver/Src/stm32wbxx_hal_i2c.o
                0x080074aa                HAL_I2C_Init
 .text.HAL_I2C_Master_Transmit
                0x080075e0      0x230 ./Drivers/STM32WBxx_HAL_Driver/Src/stm32wbxx_hal_i2c.o
                0x080075e0                HAL_I2C_Master_Transmit
 .text.HAL_I2C_Master_Receive
                0x08007810      0x1ec ./Drivers/STM32WBxx_HAL_Driver/Src/stm32wbxx_hal_i2c.o
                0x08007810                HAL_I2C_Master_Receive
 .text.HAL_I2C_EV_IRQHandler
                0x080079fc       0x34 ./Drivers/STM32WBxx_HAL_Driver/Src/stm32wbxx_hal_i2c.o
                0x080079fc                HAL_I2C_EV_IRQHandler
 .text.HAL_I2C_ER_IRQHandler
                0x08007a30       0xb6 ./Drivers/STM32WBxx_HAL_Driver/Src/stm32wbxx_hal_i2c.o
                0x08007a30                HAL_I2C_ER_IRQHandler
 .text.HAL_I2C_SlaveTxCpltCallback
                0x08007ae6       0x14 ./Drivers/STM32WBxx_HAL_Driver/Src/stm32wbxx_hal_i2c.o
                0x08007ae6                HAL_I2C_SlaveTxCpltCallback
 .text.HAL_I2C_SlaveRxCpltCallback
                0x08007afa       0x14 ./Drivers/STM32WBxx_HAL_Driver/Src/stm32wbxx_hal_i2c.o
                0x08007afa                HAL_I2C_SlaveRxCpltCallback
 .text.HAL_I2C_AddrCallback
                0x08007b0e       0x1c ./Drivers/STM32WBxx_HAL_Driver/Src/stm32wbxx_hal_i2c.o
                0x08007b0e                HAL_I2C_AddrCallback
 .text.HAL_I2C_ListenCpltCallback
                0x08007b2a       0x14 ./Drivers/STM32WBxx_HAL_Driver/Src/stm32wbxx_hal_i2c.o
                0x08007b2a                HAL_I2C_ListenCpltCallback
 .text.HAL_I2C_ErrorCallback
                0x08007b3e       0x14 ./Drivers/STM32WBxx_HAL_Driver/Src/stm32wbxx_hal_i2c.o
                0x08007b3e                HAL_I2C_ErrorCallback
 .text.HAL_I2C_AbortCpltCallback
                0x08007b52       0x14 ./Drivers/STM32WBxx_HAL_Driver/Src/stm32wbxx_hal_i2c.o
                0x08007b52                HAL_I2C_AbortCpltCallback
 .text.I2C_Slave_ISR_IT
                0x08007b66      0x1f2 ./Drivers/STM32WBxx_HAL_Driver/Src/stm32wbxx_hal_i2c.o
 .text.I2C_ITAddrCplt
                0x08007d58      0x108 ./Drivers/STM32WBxx_HAL_Driver/Src/stm32wbxx_hal_i2c.o
 .text.I2C_ITSlaveSeqCplt
                0x08007e60       0xb8 ./Drivers/STM32WBxx_HAL_Driver/Src/stm32wbxx_hal_i2c.o
 .text.I2C_ITSlaveCplt
                0x08007f18      0x2c8 ./Drivers/STM32WBxx_HAL_Driver/Src/stm32wbxx_hal_i2c.o
 .text.I2C_ITListenCplt
                0x080081e0       0xa8 ./Drivers/STM32WBxx_HAL_Driver/Src/stm32wbxx_hal_i2c.o
 .text.I2C_ITError
                0x08008288      0x1e0 ./Drivers/STM32WBxx_HAL_Driver/Src/stm32wbxx_hal_i2c.o
 .text.I2C_TreatErrorCallback
                0x08008468       0x4e ./Drivers/STM32WBxx_HAL_Driver/Src/stm32wbxx_hal_i2c.o
 .text.I2C_Flush_TXDR
                0x080084b6       0x48 ./Drivers/STM32WBxx_HAL_Driver/Src/stm32wbxx_hal_i2c.o
 .text.I2C_DMAAbort
                0x080084fe       0x3c ./Drivers/STM32WBxx_HAL_Driver/Src/stm32wbxx_hal_i2c.o
 .text.I2C_WaitOnFlagUntilTimeout
                0x0800853a       0xb2 ./Drivers/STM32WBxx_HAL_Driver/Src/stm32wbxx_hal_i2c.o
 .text.I2C_WaitOnTXISFlagUntilTimeout
                0x080085ec       0x8e ./Drivers/STM32WBxx_HAL_Driver/Src/stm32wbxx_hal_i2c.o
 .text.I2C_WaitOnSTOPFlagUntilTimeout
                0x0800867a       0x86 ./Drivers/STM32WBxx_HAL_Driver/Src/stm32wbxx_hal_i2c.o
 .text.I2C_WaitOnRXNEFlagUntilTimeout
                0x08008700      0x118 ./Drivers/STM32WBxx_HAL_Driver/Src/stm32wbxx_hal_i2c.o
 .text.I2C_IsErrorOccurred
                0x08008818      0x1c0 ./Drivers/STM32WBxx_HAL_Driver/Src/stm32wbxx_hal_i2c.o
 .text.I2C_TransferConfig
                0x080089d8       0x64 ./Drivers/STM32WBxx_HAL_Driver/Src/stm32wbxx_hal_i2c.o
 .text.I2C_Disable_IRQ
                0x08008a3c       0xbc ./Drivers/STM32WBxx_HAL_Driver/Src/stm32wbxx_hal_i2c.o
 .text.HAL_I2CEx_ConfigAnalogFilter
                0x08008af8       0x96 ./Drivers/STM32WBxx_HAL_Driver/Src/stm32wbxx_hal_i2c_ex.o
                0x08008af8                HAL_I2CEx_ConfigAnalogFilter
 .text.HAL_I2CEx_ConfigDigitalFilter
                0x08008b8e       0x98 ./Drivers/STM32WBxx_HAL_Driver/Src/stm32wbxx_hal_i2c_ex.o
                0x08008b8e                HAL_I2CEx_ConfigDigitalFilter
 .text.HAL_PCD_Init
                0x08008c26      0x19c ./Drivers/STM32WBxx_HAL_Driver/Src/stm32wbxx_hal_pcd.o
                0x08008c26                HAL_PCD_Init
 .text.HAL_PCD_Start
                0x08008dc2       0x44 ./Drivers/STM32WBxx_HAL_Driver/Src/stm32wbxx_hal_pcd.o
                0x08008dc2                HAL_PCD_Start
 .text.HAL_PCD_IRQHandler
                0x08008e06      0x24e ./Drivers/STM32WBxx_HAL_Driver/Src/stm32wbxx_hal_pcd.o
                0x08008e06                HAL_PCD_IRQHandler
 .text.HAL_PCD_SetAddress
                0x08009054       0x48 ./Drivers/STM32WBxx_HAL_Driver/Src/stm32wbxx_hal_pcd.o
                0x08009054                HAL_PCD_SetAddress
 .text.HAL_PCD_EP_Open
                0x0800909c       0xba ./Drivers/STM32WBxx_HAL_Driver/Src/stm32wbxx_hal_pcd.o
                0x0800909c                HAL_PCD_EP_Open
 .text.HAL_PCD_EP_Close
                0x08009156       0x90 ./Drivers/STM32WBxx_HAL_Driver/Src/stm32wbxx_hal_pcd.o
                0x08009156                HAL_PCD_EP_Close
 .text.HAL_PCD_EP_Receive
                0x080091e6       0x62 ./Drivers/STM32WBxx_HAL_Driver/Src/stm32wbxx_hal_pcd.o
                0x080091e6                HAL_PCD_EP_Receive
 .text.HAL_PCD_EP_GetRxCount
                0x08009248       0x30 ./Drivers/STM32WBxx_HAL_Driver/Src/stm32wbxx_hal_pcd.o
                0x08009248                HAL_PCD_EP_GetRxCount
 .text.HAL_PCD_EP_Transmit
                0x08009278       0x6e ./Drivers/STM32WBxx_HAL_Driver/Src/stm32wbxx_hal_pcd.o
                0x08009278                HAL_PCD_EP_Transmit
 .text.HAL_PCD_EP_SetStall
                0x080092e6       0xa4 ./Drivers/STM32WBxx_HAL_Driver/Src/stm32wbxx_hal_pcd.o
                0x080092e6                HAL_PCD_EP_SetStall
 .text.HAL_PCD_EP_ClrStall
                0x0800938a       0xa8 ./Drivers/STM32WBxx_HAL_Driver/Src/stm32wbxx_hal_pcd.o
                0x0800938a                HAL_PCD_EP_ClrStall
 .text.PCD_EP_ISR_Handler
                0x08009432      0x782 ./Drivers/STM32WBxx_HAL_Driver/Src/stm32wbxx_hal_pcd.o
 .text.HAL_PCD_EP_DB_Receive
                0x08009bb4      0x212 ./Drivers/STM32WBxx_HAL_Driver/Src/stm32wbxx_hal_pcd.o
 .text.HAL_PCD_EP_DB_Transmit
                0x08009dc6      0x7ec ./Drivers/STM32WBxx_HAL_Driver/Src/stm32wbxx_hal_pcd.o
 .text.HAL_PCDEx_PMAConfig
                0x0800a5b2       0x86 ./Drivers/STM32WBxx_HAL_Driver/Src/stm32wbxx_hal_pcd_ex.o
                0x0800a5b2                HAL_PCDEx_PMAConfig
 .text.HAL_PCDEx_ActivateLPM
                0x0800a638       0x54 ./Drivers/STM32WBxx_HAL_Driver/Src/stm32wbxx_hal_pcd_ex.o
                0x0800a638                HAL_PCDEx_ActivateLPM
 .text.HAL_PWR_EnableBkUpAccess
                0x0800a68c       0x20 ./Drivers/STM32WBxx_HAL_Driver/Src/stm32wbxx_hal_pwr.o
                0x0800a68c                HAL_PWR_EnableBkUpAccess
 .text.HAL_PWREx_GetVoltageRange
                0x0800a6ac       0x1c ./Drivers/STM32WBxx_HAL_Driver/Src/stm32wbxx_hal_pwr_ex.o
                0x0800a6ac                HAL_PWREx_GetVoltageRange
 .text.HAL_PWREx_EnableVddUSB
                0x0800a6c8       0x20 ./Drivers/STM32WBxx_HAL_Driver/Src/stm32wbxx_hal_pwr_ex.o
                0x0800a6c8                HAL_PWREx_EnableVddUSB
 .text.LL_RCC_HSE_IsEnabledDiv2
                0x0800a6e8       0x24 ./Drivers/STM32WBxx_HAL_Driver/Src/stm32wbxx_hal_rcc.o
 .text.LL_RCC_HSE_Enable
                0x0800a70c       0x1e ./Drivers/STM32WBxx_HAL_Driver/Src/stm32wbxx_hal_rcc.o
 .text.LL_RCC_HSE_Disable
                0x0800a72a       0x1e ./Drivers/STM32WBxx_HAL_Driver/Src/stm32wbxx_hal_rcc.o
 .text.LL_RCC_HSE_IsReady
                0x0800a748       0x24 ./Drivers/STM32WBxx_HAL_Driver/Src/stm32wbxx_hal_rcc.o
 .text.LL_RCC_HSI_Enable
                0x0800a76c       0x1e ./Drivers/STM32WBxx_HAL_Driver/Src/stm32wbxx_hal_rcc.o
 .text.LL_RCC_HSI_Disable
                0x0800a78a       0x1e ./Drivers/STM32WBxx_HAL_Driver/Src/stm32wbxx_hal_rcc.o
 .text.LL_RCC_HSI_IsReady
                0x0800a7a8       0x24 ./Drivers/STM32WBxx_HAL_Driver/Src/stm32wbxx_hal_rcc.o
 .text.LL_RCC_HSI_SetCalibTrimming
                0x0800a7cc       0x2a ./Drivers/STM32WBxx_HAL_Driver/Src/stm32wbxx_hal_rcc.o
 .text.LL_RCC_HSI48_Enable
                0x0800a7f6       0x22 ./Drivers/STM32WBxx_HAL_Driver/Src/stm32wbxx_hal_rcc.o
 .text.LL_RCC_HSI48_Disable
                0x0800a818       0x22 ./Drivers/STM32WBxx_HAL_Driver/Src/stm32wbxx_hal_rcc.o
 .text.LL_RCC_HSI48_IsReady
                0x0800a83a       0x24 ./Drivers/STM32WBxx_HAL_Driver/Src/stm32wbxx_hal_rcc.o
 .text.LL_RCC_LSE_Enable
                0x0800a85e       0x22 ./Drivers/STM32WBxx_HAL_Driver/Src/stm32wbxx_hal_rcc.o
 .text.LL_RCC_LSE_Disable
                0x0800a880       0x22 ./Drivers/STM32WBxx_HAL_Driver/Src/stm32wbxx_hal_rcc.o
 .text.LL_RCC_LSE_EnableBypass
                0x0800a8a2       0x22 ./Drivers/STM32WBxx_HAL_Driver/Src/stm32wbxx_hal_rcc.o
 .text.LL_RCC_LSE_DisableBypass
                0x0800a8c4       0x22 ./Drivers/STM32WBxx_HAL_Driver/Src/stm32wbxx_hal_rcc.o
 .text.LL_RCC_LSE_IsReady
                0x0800a8e6       0x24 ./Drivers/STM32WBxx_HAL_Driver/Src/stm32wbxx_hal_rcc.o
 .text.LL_RCC_LSI1_Enable
                0x0800a90a       0x22 ./Drivers/STM32WBxx_HAL_Driver/Src/stm32wbxx_hal_rcc.o
 .text.LL_RCC_LSI1_Disable
                0x0800a92c       0x22 ./Drivers/STM32WBxx_HAL_Driver/Src/stm32wbxx_hal_rcc.o
 .text.LL_RCC_LSI1_IsReady
                0x0800a94e       0x24 ./Drivers/STM32WBxx_HAL_Driver/Src/stm32wbxx_hal_rcc.o
 .text.LL_RCC_LSI2_Enable
                0x0800a972       0x22 ./Drivers/STM32WBxx_HAL_Driver/Src/stm32wbxx_hal_rcc.o
 .text.LL_RCC_LSI2_Disable
                0x0800a994       0x22 ./Drivers/STM32WBxx_HAL_Driver/Src/stm32wbxx_hal_rcc.o
 .text.LL_RCC_LSI2_IsReady
                0x0800a9b6       0x24 ./Drivers/STM32WBxx_HAL_Driver/Src/stm32wbxx_hal_rcc.o
 .text.LL_RCC_LSI2_SetTrimming
                0x0800a9da       0x2e ./Drivers/STM32WBxx_HAL_Driver/Src/stm32wbxx_hal_rcc.o
 .text.LL_RCC_MSI_Enable
                0x0800aa08       0x1e ./Drivers/STM32WBxx_HAL_Driver/Src/stm32wbxx_hal_rcc.o
 .text.LL_RCC_MSI_Disable
                0x0800aa26       0x1e ./Drivers/STM32WBxx_HAL_Driver/Src/stm32wbxx_hal_rcc.o
 .text.LL_RCC_MSI_IsReady
                0x0800aa44       0x22 ./Drivers/STM32WBxx_HAL_Driver/Src/stm32wbxx_hal_rcc.o
 .text.LL_RCC_MSI_SetRange
                0x0800aa66       0x28 ./Drivers/STM32WBxx_HAL_Driver/Src/stm32wbxx_hal_rcc.o
 .text.LL_RCC_MSI_GetRange
                0x0800aa8e       0x2a ./Drivers/STM32WBxx_HAL_Driver/Src/stm32wbxx_hal_rcc.o
 .text.LL_RCC_MSI_SetCalibTrimming
                0x0800aab8       0x2a ./Drivers/STM32WBxx_HAL_Driver/Src/stm32wbxx_hal_rcc.o
 .text.LL_RCC_SetSysClkSource
                0x0800aae2       0x28 ./Drivers/STM32WBxx_HAL_Driver/Src/stm32wbxx_hal_rcc.o
 .text.LL_RCC_GetSysClkSource
                0x0800ab0a       0x18 ./Drivers/STM32WBxx_HAL_Driver/Src/stm32wbxx_hal_rcc.o
 .text.LL_RCC_SetAHBPrescaler
                0x0800ab22       0x28 ./Drivers/STM32WBxx_HAL_Driver/Src/stm32wbxx_hal_rcc.o
 .text.LL_C2_RCC_SetAHBPrescaler
                0x0800ab4a       0x2c ./Drivers/STM32WBxx_HAL_Driver/Src/stm32wbxx_hal_rcc.o
 .text.LL_RCC_SetAHB4Prescaler
                0x0800ab76       0x2e ./Drivers/STM32WBxx_HAL_Driver/Src/stm32wbxx_hal_rcc.o
 .text.LL_RCC_SetAPB1Prescaler
                0x0800aba4       0x28 ./Drivers/STM32WBxx_HAL_Driver/Src/stm32wbxx_hal_rcc.o
 .text.LL_RCC_SetAPB2Prescaler
                0x0800abcc       0x28 ./Drivers/STM32WBxx_HAL_Driver/Src/stm32wbxx_hal_rcc.o
 .text.LL_RCC_GetAHBPrescaler
                0x0800abf4       0x18 ./Drivers/STM32WBxx_HAL_Driver/Src/stm32wbxx_hal_rcc.o
 .text.LL_RCC_GetAHB4Prescaler
                0x0800ac0c       0x1c ./Drivers/STM32WBxx_HAL_Driver/Src/stm32wbxx_hal_rcc.o
 .text.LL_RCC_GetAPB1Prescaler
                0x0800ac28       0x18 ./Drivers/STM32WBxx_HAL_Driver/Src/stm32wbxx_hal_rcc.o
 .text.LL_RCC_GetAPB2Prescaler
                0x0800ac40       0x18 ./Drivers/STM32WBxx_HAL_Driver/Src/stm32wbxx_hal_rcc.o
 .text.LL_RCC_PLL_Enable
                0x0800ac58       0x1e ./Drivers/STM32WBxx_HAL_Driver/Src/stm32wbxx_hal_rcc.o
 .text.LL_RCC_PLL_Disable
                0x0800ac76       0x1e ./Drivers/STM32WBxx_HAL_Driver/Src/stm32wbxx_hal_rcc.o
 .text.LL_RCC_PLL_IsReady
                0x0800ac94       0x24 ./Drivers/STM32WBxx_HAL_Driver/Src/stm32wbxx_hal_rcc.o
 .text.LL_RCC_PLL_GetN
                0x0800acb8       0x1a ./Drivers/STM32WBxx_HAL_Driver/Src/stm32wbxx_hal_rcc.o
 .text.LL_RCC_PLL_GetR
                0x0800acd2       0x18 ./Drivers/STM32WBxx_HAL_Driver/Src/stm32wbxx_hal_rcc.o
 .text.LL_RCC_PLL_GetDivider
                0x0800acea       0x18 ./Drivers/STM32WBxx_HAL_Driver/Src/stm32wbxx_hal_rcc.o
 .text.LL_RCC_PLL_GetMainSource
                0x0800ad02       0x18 ./Drivers/STM32WBxx_HAL_Driver/Src/stm32wbxx_hal_rcc.o
 .text.LL_RCC_IsActiveFlag_HPRE
                0x0800ad1a       0x24 ./Drivers/STM32WBxx_HAL_Driver/Src/stm32wbxx_hal_rcc.o
 .text.LL_RCC_IsActiveFlag_C2HPRE
                0x0800ad3e       0x26 ./Drivers/STM32WBxx_HAL_Driver/Src/stm32wbxx_hal_rcc.o
 .text.LL_RCC_IsActiveFlag_SHDHPRE
                0x0800ad64       0x26 ./Drivers/STM32WBxx_HAL_Driver/Src/stm32wbxx_hal_rcc.o
 .text.LL_RCC_IsActiveFlag_PPRE1
                0x0800ad8a       0x24 ./Drivers/STM32WBxx_HAL_Driver/Src/stm32wbxx_hal_rcc.o
 .text.LL_RCC_IsActiveFlag_PPRE2
                0x0800adae       0x24 ./Drivers/STM32WBxx_HAL_Driver/Src/stm32wbxx_hal_rcc.o
 *fill*         0x0800add2        0x2 
 .text.HAL_RCC_OscConfig
                0x0800add4      0x6e8 ./Drivers/STM32WBxx_HAL_Driver/Src/stm32wbxx_hal_rcc.o
                0x0800add4                HAL_RCC_OscConfig
 .text.HAL_RCC_ClockConfig
                0x0800b4bc      0x280 ./Drivers/STM32WBxx_HAL_Driver/Src/stm32wbxx_hal_rcc.o
                0x0800b4bc                HAL_RCC_ClockConfig
 .text.HAL_RCC_GetSysClockFreq
                0x0800b73c       0xd8 ./Drivers/STM32WBxx_HAL_Driver/Src/stm32wbxx_hal_rcc.o
                0x0800b73c                HAL_RCC_GetSysClockFreq
 .text.HAL_RCC_GetHCLKFreq
                0x0800b814       0x28 ./Drivers/STM32WBxx_HAL_Driver/Src/stm32wbxx_hal_rcc.o
                0x0800b814                HAL_RCC_GetHCLKFreq
 .text.HAL_RCC_GetPCLK1Freq
                0x0800b83c       0x2c ./Drivers/STM32WBxx_HAL_Driver/Src/stm32wbxx_hal_rcc.o
                0x0800b83c                HAL_RCC_GetPCLK1Freq
 .text.HAL_RCC_GetPCLK2Freq
                0x0800b868       0x2c ./Drivers/STM32WBxx_HAL_Driver/Src/stm32wbxx_hal_rcc.o
                0x0800b868                HAL_RCC_GetPCLK2Freq
 .text.RCC_SetFlashLatencyFromMSIRange
                0x0800b894       0x70 ./Drivers/STM32WBxx_HAL_Driver/Src/stm32wbxx_hal_rcc.o
 .text.RCC_SetFlashLatency
                0x0800b904       0xf8 ./Drivers/STM32WBxx_HAL_Driver/Src/stm32wbxx_hal_rcc.o
 .text.LL_RCC_LSE_IsEnabled
                0x0800b9fc       0x24 ./Drivers/STM32WBxx_HAL_Driver/Src/stm32wbxx_hal_rcc_ex.o
 .text.LL_RCC_LSE_IsReady
                0x0800ba20       0x24 ./Drivers/STM32WBxx_HAL_Driver/Src/stm32wbxx_hal_rcc_ex.o
 .text.LL_RCC_SetRFWKPClockSource
                0x0800ba44       0x2c ./Drivers/STM32WBxx_HAL_Driver/Src/stm32wbxx_hal_rcc_ex.o
 .text.LL_RCC_SetSMPSClockSource
                0x0800ba70       0x28 ./Drivers/STM32WBxx_HAL_Driver/Src/stm32wbxx_hal_rcc_ex.o
 .text.LL_RCC_SetSMPSPrescaler
                0x0800ba98       0x28 ./Drivers/STM32WBxx_HAL_Driver/Src/stm32wbxx_hal_rcc_ex.o
 .text.LL_RCC_SetUSARTClockSource
                0x0800bac0       0x2c ./Drivers/STM32WBxx_HAL_Driver/Src/stm32wbxx_hal_rcc_ex.o
 .text.LL_RCC_SetLPUARTClockSource
                0x0800baec       0x2c ./Drivers/STM32WBxx_HAL_Driver/Src/stm32wbxx_hal_rcc_ex.o
 .text.LL_RCC_SetI2CClockSource
                0x0800bb18       0x3a ./Drivers/STM32WBxx_HAL_Driver/Src/stm32wbxx_hal_rcc_ex.o
 .text.LL_RCC_SetLPTIMClockSource
                0x0800bb52       0x34 ./Drivers/STM32WBxx_HAL_Driver/Src/stm32wbxx_hal_rcc_ex.o
 .text.LL_RCC_SetSAIClockSource
                0x0800bb86       0x2c ./Drivers/STM32WBxx_HAL_Driver/Src/stm32wbxx_hal_rcc_ex.o
 .text.LL_RCC_SetRNGClockSource
                0x0800bbb2       0x2c ./Drivers/STM32WBxx_HAL_Driver/Src/stm32wbxx_hal_rcc_ex.o
 .text.LL_RCC_SetCLK48ClockSource
                0x0800bbde       0x2c ./Drivers/STM32WBxx_HAL_Driver/Src/stm32wbxx_hal_rcc_ex.o
 .text.LL_RCC_SetUSBClockSource
                0x0800bc0a       0x16 ./Drivers/STM32WBxx_HAL_Driver/Src/stm32wbxx_hal_rcc_ex.o
 .text.LL_RCC_SetADCClockSource
                0x0800bc20       0x2c ./Drivers/STM32WBxx_HAL_Driver/Src/stm32wbxx_hal_rcc_ex.o
 .text.LL_RCC_SetRTCClockSource
                0x0800bc4c       0x2c ./Drivers/STM32WBxx_HAL_Driver/Src/stm32wbxx_hal_rcc_ex.o
 .text.LL_RCC_GetRTCClockSource
                0x0800bc78       0x1a ./Drivers/STM32WBxx_HAL_Driver/Src/stm32wbxx_hal_rcc_ex.o
 .text.LL_RCC_ForceBackupDomainReset
                0x0800bc92       0x22 ./Drivers/STM32WBxx_HAL_Driver/Src/stm32wbxx_hal_rcc_ex.o
 .text.LL_RCC_ReleaseBackupDomainReset
                0x0800bcb4       0x22 ./Drivers/STM32WBxx_HAL_Driver/Src/stm32wbxx_hal_rcc_ex.o
 .text.LL_RCC_PLLSAI1_Enable
                0x0800bcd6       0x1e ./Drivers/STM32WBxx_HAL_Driver/Src/stm32wbxx_hal_rcc_ex.o
 .text.LL_RCC_PLLSAI1_Disable
                0x0800bcf4       0x1e ./Drivers/STM32WBxx_HAL_Driver/Src/stm32wbxx_hal_rcc_ex.o
 .text.LL_RCC_PLLSAI1_IsReady
                0x0800bd12       0x24 ./Drivers/STM32WBxx_HAL_Driver/Src/stm32wbxx_hal_rcc_ex.o
 .text.HAL_RCCEx_PeriphCLKConfig
                0x0800bd36      0x2ec ./Drivers/STM32WBxx_HAL_Driver/Src/stm32wbxx_hal_rcc_ex.o
                0x0800bd36                HAL_RCCEx_PeriphCLKConfig
 .text.RCCEx_PLLSAI1_ConfigNP
                0x0800c022       0xb6 ./Drivers/STM32WBxx_HAL_Driver/Src/stm32wbxx_hal_rcc_ex.o
 .text.RCCEx_PLLSAI1_ConfigNQ
                0x0800c0d8       0xb6 ./Drivers/STM32WBxx_HAL_Driver/Src/stm32wbxx_hal_rcc_ex.o
 .text.RCCEx_PLLSAI1_ConfigNR
                0x0800c18e       0xb6 ./Drivers/STM32WBxx_HAL_Driver/Src/stm32wbxx_hal_rcc_ex.o
 .text.HAL_TIM_Base_Init
                0x0800c244       0xae ./Drivers/STM32WBxx_HAL_Driver/Src/stm32wbxx_hal_tim.o
                0x0800c244                HAL_TIM_Base_Init
 *fill*         0x0800c2f2        0x2 
 .text.HAL_TIM_Base_Start_IT
                0x0800c2f4       0x9c ./Drivers/STM32WBxx_HAL_Driver/Src/stm32wbxx_hal_tim.o
                0x0800c2f4                HAL_TIM_Base_Start_IT
 .text.HAL_TIM_IRQHandler
                0x0800c390      0x20e ./Drivers/STM32WBxx_HAL_Driver/Src/stm32wbxx_hal_tim.o
                0x0800c390                HAL_TIM_IRQHandler
 .text.HAL_TIM_ConfigClockSource
                0x0800c59e      0x192 ./Drivers/STM32WBxx_HAL_Driver/Src/stm32wbxx_hal_tim.o
                0x0800c59e                HAL_TIM_ConfigClockSource
 .text.HAL_TIM_OC_DelayElapsedCallback
                0x0800c730       0x14 ./Drivers/STM32WBxx_HAL_Driver/Src/stm32wbxx_hal_tim.o
                0x0800c730                HAL_TIM_OC_DelayElapsedCallback
 .text.HAL_TIM_IC_CaptureCallback
                0x0800c744       0x14 ./Drivers/STM32WBxx_HAL_Driver/Src/stm32wbxx_hal_tim.o
                0x0800c744                HAL_TIM_IC_CaptureCallback
 .text.HAL_TIM_PWM_PulseFinishedCallback
                0x0800c758       0x14 ./Drivers/STM32WBxx_HAL_Driver/Src/stm32wbxx_hal_tim.o
                0x0800c758                HAL_TIM_PWM_PulseFinishedCallback
 .text.HAL_TIM_TriggerCallback
                0x0800c76c       0x14 ./Drivers/STM32WBxx_HAL_Driver/Src/stm32wbxx_hal_tim.o
                0x0800c76c                HAL_TIM_TriggerCallback
 .text.TIM_Base_SetConfig
                0x0800c780       0xe0 ./Drivers/STM32WBxx_HAL_Driver/Src/stm32wbxx_hal_tim.o
                0x0800c780                TIM_Base_SetConfig
 .text.TIM_TI1_ConfigInputStage
                0x0800c860       0x5e ./Drivers/STM32WBxx_HAL_Driver/Src/stm32wbxx_hal_tim.o
 .text.TIM_TI2_ConfigInputStage
                0x0800c8be       0x60 ./Drivers/STM32WBxx_HAL_Driver/Src/stm32wbxx_hal_tim.o
 .text.TIM_ITRx_SetConfig
                0x0800c91e       0x3a ./Drivers/STM32WBxx_HAL_Driver/Src/stm32wbxx_hal_tim.o
 .text.TIM_ETR_SetConfig
                0x0800c958       0x40 ./Drivers/STM32WBxx_HAL_Driver/Src/stm32wbxx_hal_tim.o
                0x0800c958                TIM_ETR_SetConfig
 .text.HAL_TIMEx_MasterConfigSynchronization
                0x0800c998       0xc0 ./Drivers/STM32WBxx_HAL_Driver/Src/stm32wbxx_hal_tim_ex.o
                0x0800c998                HAL_TIMEx_MasterConfigSynchronization
 .text.HAL_TIMEx_CommutCallback
                0x0800ca58       0x14 ./Drivers/STM32WBxx_HAL_Driver/Src/stm32wbxx_hal_tim_ex.o
                0x0800ca58                HAL_TIMEx_CommutCallback
 .text.HAL_TIMEx_BreakCallback
                0x0800ca6c       0x14 ./Drivers/STM32WBxx_HAL_Driver/Src/stm32wbxx_hal_tim_ex.o
                0x0800ca6c                HAL_TIMEx_BreakCallback
 .text.HAL_TIMEx_Break2Callback
                0x0800ca80       0x14 ./Drivers/STM32WBxx_HAL_Driver/Src/stm32wbxx_hal_tim_ex.o
                0x0800ca80                HAL_TIMEx_Break2Callback
 .text.LL_RCC_GetUSARTClockSource
                0x0800ca94       0x20 ./Drivers/STM32WBxx_HAL_Driver/Src/stm32wbxx_hal_uart.o
 .text.LL_RCC_GetLPUARTClockSource
                0x0800cab4       0x20 ./Drivers/STM32WBxx_HAL_Driver/Src/stm32wbxx_hal_uart.o
 .text.HAL_UART_Init
                0x0800cad4       0xa0 ./Drivers/STM32WBxx_HAL_Driver/Src/stm32wbxx_hal_uart.o
                0x0800cad4                HAL_UART_Init
 .text.HAL_UART_MspInit
                0x0800cb74       0x14 ./Drivers/STM32WBxx_HAL_Driver/Src/stm32wbxx_hal_uart.o
                0x0800cb74                HAL_UART_MspInit
 .text.HAL_UART_Transmit
                0x0800cb88      0x11c ./Drivers/STM32WBxx_HAL_Driver/Src/stm32wbxx_hal_uart.o
                0x0800cb88                HAL_UART_Transmit
 .text.UART_SetConfig
                0x0800cca4      0x450 ./Drivers/STM32WBxx_HAL_Driver/Src/stm32wbxx_hal_uart.o
                0x0800cca4                UART_SetConfig
 .text.UART_AdvFeatureConfig
                0x0800d0f4      0x144 ./Drivers/STM32WBxx_HAL_Driver/Src/stm32wbxx_hal_uart.o
                0x0800d0f4                UART_AdvFeatureConfig
 .text.UART_CheckIdleState
                0x0800d238      0x154 ./Drivers/STM32WBxx_HAL_Driver/Src/stm32wbxx_hal_uart.o
                0x0800d238                UART_CheckIdleState
 .text.UART_WaitOnFlagUntilTimeout
                0x0800d38c       0xda ./Drivers/STM32WBxx_HAL_Driver/Src/stm32wbxx_hal_uart.o
                0x0800d38c                UART_WaitOnFlagUntilTimeout
 .text.UART_EndRxTransfer
                0x0800d466       0xcc ./Drivers/STM32WBxx_HAL_Driver/Src/stm32wbxx_hal_uart.o
 .text.USB_EnableGlobalInt
                0x0800d532       0x2e ./Drivers/STM32WBxx_HAL_Driver/Src/stm32wbxx_ll_usb.o
                0x0800d532                USB_EnableGlobalInt
 .text.USB_DisableGlobalInt
                0x0800d560       0x36 ./Drivers/STM32WBxx_HAL_Driver/Src/stm32wbxx_ll_usb.o
                0x0800d560                USB_DisableGlobalInt
 .text.USB_DevInit
                0x0800d596       0x3c ./Drivers/STM32WBxx_HAL_Driver/Src/stm32wbxx_ll_usb.o
                0x0800d596                USB_DevInit
 *fill*         0x0800d5d2        0x2 
 .text.USB_ActivateEndpoint
                0x0800d5d4      0x788 ./Drivers/STM32WBxx_HAL_Driver/Src/stm32wbxx_ll_usb.o
                0x0800d5d4                USB_ActivateEndpoint
 .text.USB_DeactivateEndpoint
                0x0800dd5c      0x3da ./Drivers/STM32WBxx_HAL_Driver/Src/stm32wbxx_ll_usb.o
                0x0800dd5c                USB_DeactivateEndpoint
 .text.USB_EPStartXfer
                0x0800e136     0x1762 ./Drivers/STM32WBxx_HAL_Driver/Src/stm32wbxx_ll_usb.o
                0x0800e136                USB_EPStartXfer
 .text.USB_EPSetStall
                0x0800f898       0xa2 ./Drivers/STM32WBxx_HAL_Driver/Src/stm32wbxx_ll_usb.o
                0x0800f898                USB_EPSetStall
 .text.USB_EPClearStall
                0x0800f93a      0x15c ./Drivers/STM32WBxx_HAL_Driver/Src/stm32wbxx_ll_usb.o
                0x0800f93a                USB_EPClearStall
 .text.USB_SetDevAddress
                0x0800fa96       0x28 ./Drivers/STM32WBxx_HAL_Driver/Src/stm32wbxx_ll_usb.o
                0x0800fa96                USB_SetDevAddress
 .text.USB_DevConnect
                0x0800fabe       0x2e ./Drivers/STM32WBxx_HAL_Driver/Src/stm32wbxx_ll_usb.o
                0x0800fabe                USB_DevConnect
 .text.USB_ReadInterrupts
                0x0800faec       0x20 ./Drivers/STM32WBxx_HAL_Driver/Src/stm32wbxx_ll_usb.o
                0x0800faec                USB_ReadInterrupts
 .text.USB_WritePMA
                0x0800fb0c       0x84 ./Drivers/STM32WBxx_HAL_Driver/Src/stm32wbxx_ll_usb.o
                0x0800fb0c                USB_WritePMA
 .text.USB_ReadPMA
                0x0800fb90       0x98 ./Drivers/STM32WBxx_HAL_Driver/Src/stm32wbxx_ll_usb.o
                0x0800fb90                USB_ReadPMA
 .text.USBD_CDC_Init
                0x0800fc28      0x1f0 ./Middlewares/ST/STM32_USB_Device_Library/Class/CDC/Src/usbd_cdc.o
 .text.USBD_CDC_DeInit
                0x0800fe18      0x104 ./Middlewares/ST/STM32_USB_Device_Library/Class/CDC/Src/usbd_cdc.o
 .text.USBD_CDC_Setup
                0x0800ff1c      0x1b8 ./Middlewares/ST/STM32_USB_Device_Library/Class/CDC/Src/usbd_cdc.o
 .text.USBD_CDC_DataIn
                0x080100d4       0xfe ./Middlewares/ST/STM32_USB_Device_Library/Class/CDC/Src/usbd_cdc.o
 .text.USBD_CDC_DataOut
                0x080101d2       0x70 ./Middlewares/ST/STM32_USB_Device_Library/Class/CDC/Src/usbd_cdc.o
 .text.USBD_CDC_EP0_RxReady
                0x08010242       0x74 ./Middlewares/ST/STM32_USB_Device_Library/Class/CDC/Src/usbd_cdc.o
 *fill*         0x080102b6        0x2 
 .text.USBD_CDC_GetFSCfgDesc
                0x080102b8       0x70 ./Middlewares/ST/STM32_USB_Device_Library/Class/CDC/Src/usbd_cdc.o
 .text.USBD_CDC_GetHSCfgDesc
                0x08010328       0x70 ./Middlewares/ST/STM32_USB_Device_Library/Class/CDC/Src/usbd_cdc.o
 .text.USBD_CDC_GetOtherSpeedCfgDesc
                0x08010398       0x70 ./Middlewares/ST/STM32_USB_Device_Library/Class/CDC/Src/usbd_cdc.o
 .text.USBD_CDC_GetDeviceQualifierDescriptor
                0x08010408       0x20 ./Middlewares/ST/STM32_USB_Device_Library/Class/CDC/Src/usbd_cdc.o
                0x08010408                USBD_CDC_GetDeviceQualifierDescriptor
 .text.USBD_CDC_RegisterInterface
                0x08010428       0x34 ./Middlewares/ST/STM32_USB_Device_Library/Class/CDC/Src/usbd_cdc.o
                0x08010428                USBD_CDC_RegisterInterface
 .text.USBD_CDC_SetTxBuffer
                0x0801045c       0x44 ./Middlewares/ST/STM32_USB_Device_Library/Class/CDC/Src/usbd_cdc.o
                0x0801045c                USBD_CDC_SetTxBuffer
 .text.USBD_CDC_SetRxBuffer
                0x080104a0       0x3a ./Middlewares/ST/STM32_USB_Device_Library/Class/CDC/Src/usbd_cdc.o
                0x080104a0                USBD_CDC_SetRxBuffer
 *fill*         0x080104da        0x2 
 .text.USBD_CDC_TransmitPacket
                0x080104dc       0x80 ./Middlewares/ST/STM32_USB_Device_Library/Class/CDC/Src/usbd_cdc.o
                0x080104dc                USBD_CDC_TransmitPacket
 .text.USBD_CDC_ReceivePacket
                0x0801055c       0x6c ./Middlewares/ST/STM32_USB_Device_Library/Class/CDC/Src/usbd_cdc.o
                0x0801055c                USBD_CDC_ReceivePacket
 .text.USBD_Init
                0x080105c8       0x7c ./Middlewares/ST/STM32_USB_Device_Library/Core/Src/usbd_core.o
                0x080105c8                USBD_Init
 .text.USBD_RegisterClass
                0x08010644       0x88 ./Middlewares/ST/STM32_USB_Device_Library/Core/Src/usbd_core.o
                0x08010644                USBD_RegisterClass
 .text.USBD_Start
                0x080106cc       0x18 ./Middlewares/ST/STM32_USB_Device_Library/Core/Src/usbd_core.o
                0x080106cc                USBD_Start
 .text.USBD_RunTestMode
                0x080106e4       0x16 ./Middlewares/ST/STM32_USB_Device_Library/Core/Src/usbd_core.o
                0x080106e4                USBD_RunTestMode
 .text.USBD_SetClassConfig
                0x080106fa       0x38 ./Middlewares/ST/STM32_USB_Device_Library/Core/Src/usbd_core.o
                0x080106fa                USBD_SetClassConfig
 .text.USBD_ClrClassConfig
                0x08010732       0x34 ./Middlewares/ST/STM32_USB_Device_Library/Core/Src/usbd_core.o
                0x08010732                USBD_ClrClassConfig
 .text.USBD_LL_SetupStage
                0x08010766       0xaa ./Middlewares/ST/STM32_USB_Device_Library/Core/Src/usbd_core.o
                0x08010766                USBD_LL_SetupStage
 .text.USBD_LL_DataOutStage
                0x08010810      0x166 ./Middlewares/ST/STM32_USB_Device_Library/Core/Src/usbd_core.o
                0x08010810                USBD_LL_DataOutStage
 .text.USBD_LL_DataInStage
                0x08010976      0x164 ./Middlewares/ST/STM32_USB_Device_Library/Core/Src/usbd_core.o
                0x08010976                USBD_LL_DataInStage
 .text.USBD_LL_Reset
                0x08010ada       0xa4 ./Middlewares/ST/STM32_USB_Device_Library/Core/Src/usbd_core.o
                0x08010ada                USBD_LL_Reset
 .text.USBD_LL_SetSpeed
                0x08010b7e       0x20 ./Middlewares/ST/STM32_USB_Device_Library/Core/Src/usbd_core.o
                0x08010b7e                USBD_LL_SetSpeed
 .text.USBD_LL_Suspend
                0x08010b9e       0x38 ./Middlewares/ST/STM32_USB_Device_Library/Core/Src/usbd_core.o
                0x08010b9e                USBD_LL_Suspend
 .text.USBD_LL_Resume
                0x08010bd6       0x30 ./Middlewares/ST/STM32_USB_Device_Library/Core/Src/usbd_core.o
                0x08010bd6                USBD_LL_Resume
 .text.USBD_LL_SOF
                0x08010c06       0x40 ./Middlewares/ST/STM32_USB_Device_Library/Core/Src/usbd_core.o
                0x08010c06                USBD_LL_SOF
 .text.USBD_CoreFindIF
                0x08010c46       0x1a ./Middlewares/ST/STM32_USB_Device_Library/Core/Src/usbd_core.o
                0x08010c46                USBD_CoreFindIF
 .text.USBD_CoreFindEP
                0x08010c60       0x1a ./Middlewares/ST/STM32_USB_Device_Library/Core/Src/usbd_core.o
                0x08010c60                USBD_CoreFindEP
 .text.USBD_GetEpDesc
                0x08010c7a       0x70 ./Middlewares/ST/STM32_USB_Device_Library/Core/Src/usbd_core.o
                0x08010c7a                USBD_GetEpDesc
 .text.USBD_GetNextDesc
                0x08010cea       0x38 ./Middlewares/ST/STM32_USB_Device_Library/Core/Src/usbd_core.o
                0x08010cea                USBD_GetNextDesc
 .text.SWAPBYTE
                0x08010d22       0x3c ./Middlewares/ST/STM32_USB_Device_Library/Core/Src/usbd_ctlreq.o
 *fill*         0x08010d5e        0x2 
 .text.USBD_StdDevReq
                0x08010d60       0xe4 ./Middlewares/ST/STM32_USB_Device_Library/Core/Src/usbd_ctlreq.o
                0x08010d60                USBD_StdDevReq
 .text.USBD_StdItfReq
                0x08010e44       0xd8 ./Middlewares/ST/STM32_USB_Device_Library/Core/Src/usbd_ctlreq.o
                0x08010e44                USBD_StdItfReq
 .text.USBD_StdEPReq
                0x08010f1c      0x33a ./Middlewares/ST/STM32_USB_Device_Library/Core/Src/usbd_ctlreq.o
                0x08010f1c                USBD_StdEPReq
 *fill*         0x08011256        0x2 
 .text.USBD_GetDescriptor
                0x08011258      0x328 ./Middlewares/ST/STM32_USB_Device_Library/Core/Src/usbd_ctlreq.o
 .text.USBD_SetAddress
                0x08011580       0x88 ./Middlewares/ST/STM32_USB_Device_Library/Core/Src/usbd_ctlreq.o
 .text.USBD_SetConfig
                0x08011608      0x154 ./Middlewares/ST/STM32_USB_Device_Library/Core/Src/usbd_ctlreq.o
 .text.USBD_GetConfig
                0x0801175c       0x6c ./Middlewares/ST/STM32_USB_Device_Library/Core/Src/usbd_ctlreq.o
 .text.USBD_GetStatus
                0x080117c8       0x68 ./Middlewares/ST/STM32_USB_Device_Library/Core/Src/usbd_ctlreq.o
 .text.USBD_SetFeature
                0x08011830       0x52 ./Middlewares/ST/STM32_USB_Device_Library/Core/Src/usbd_ctlreq.o
 .text.USBD_ClrFeature
                0x08011882       0x44 ./Middlewares/ST/STM32_USB_Device_Library/Core/Src/usbd_ctlreq.o
 .text.USBD_ParseSetupRequest
                0x080118c6       0x74 ./Middlewares/ST/STM32_USB_Device_Library/Core/Src/usbd_ctlreq.o
                0x080118c6                USBD_ParseSetupRequest
 .text.USBD_CtlError
                0x0801193a       0x22 ./Middlewares/ST/STM32_USB_Device_Library/Core/Src/usbd_ctlreq.o
                0x0801193a                USBD_CtlError
 .text.USBD_GetString
                0x0801195c       0xa4 ./Middlewares/ST/STM32_USB_Device_Library/Core/Src/usbd_ctlreq.o
                0x0801195c                USBD_GetString
 .text.USBD_GetLen
                0x08011a00       0x34 ./Middlewares/ST/STM32_USB_Device_Library/Core/Src/usbd_ctlreq.o
 .text.USBD_CtlSendData
                0x08011a34       0x36 ./Middlewares/ST/STM32_USB_Device_Library/Core/Src/usbd_ioreq.o
                0x08011a34                USBD_CtlSendData
 .text.USBD_CtlContinueSendData
                0x08011a6a       0x22 ./Middlewares/ST/STM32_USB_Device_Library/Core/Src/usbd_ioreq.o
                0x08011a6a                USBD_CtlContinueSendData
 .text.USBD_CtlPrepareRx
                0x08011a8c       0x3a ./Middlewares/ST/STM32_USB_Device_Library/Core/Src/usbd_ioreq.o
                0x08011a8c                USBD_CtlPrepareRx
 .text.USBD_CtlContinueRx
                0x08011ac6       0x22 ./Middlewares/ST/STM32_USB_Device_Library/Core/Src/usbd_ioreq.o
                0x08011ac6                USBD_CtlContinueRx
 .text.USBD_CtlSendStatus
                0x08011ae8       0x26 ./Middlewares/ST/STM32_USB_Device_Library/Core/Src/usbd_ioreq.o
                0x08011ae8                USBD_CtlSendStatus
 .text.USBD_CtlReceiveStatus
                0x08011b0e       0x26 ./Middlewares/ST/STM32_USB_Device_Library/Core/Src/usbd_ioreq.o
                0x08011b0e                USBD_CtlReceiveStatus
 .text.MX_USB_Device_Init
                0x08011b34       0x60 ./USB_Device/App/usb_device.o
                0x08011b34                MX_USB_Device_Init
 .text.CDC_Init_FS
                0x08011b94       0x28 ./USB_Device/App/usbd_cdc_if.o
 .text.CDC_DeInit_FS
                0x08011bbc       0x10 ./USB_Device/App/usbd_cdc_if.o
 .text.CDC_Control_FS
                0x08011bcc       0xbc ./USB_Device/App/usbd_cdc_if.o
 .text.CDC_Receive_FS
                0x08011c88       0x28 ./USB_Device/App/usbd_cdc_if.o
 .text.CDC_Transmit_FS
                0x08011cb0       0x4c ./USB_Device/App/usbd_cdc_if.o
                0x08011cb0                CDC_Transmit_FS
 .text.CDC_TransmitCplt_FS
                0x08011cfc       0x22 ./USB_Device/App/usbd_cdc_if.o
 *fill*         0x08011d1e        0x2 
 .text.USBD_CDC_DeviceDescriptor
                0x08011d20       0x24 ./USB_Device/App/usbd_desc.o
                0x08011d20                USBD_CDC_DeviceDescriptor
 .text.USBD_CDC_LangIDStrDescriptor
                0x08011d44       0x24 ./USB_Device/App/usbd_desc.o
                0x08011d44                USBD_CDC_LangIDStrDescriptor
 .text.USBD_CDC_ProductStrDescriptor
                0x08011d68       0x3c ./USB_Device/App/usbd_desc.o
                0x08011d68                USBD_CDC_ProductStrDescriptor
 .text.USBD_CDC_ManufacturerStrDescriptor
                0x08011da4       0x28 ./USB_Device/App/usbd_desc.o
                0x08011da4                USBD_CDC_ManufacturerStrDescriptor
 .text.USBD_CDC_SerialStrDescriptor
                0x08011dcc       0x24 ./USB_Device/App/usbd_desc.o
                0x08011dcc                USBD_CDC_SerialStrDescriptor
 .text.USBD_CDC_ConfigStrDescriptor
                0x08011df0       0x3c ./USB_Device/App/usbd_desc.o
                0x08011df0                USBD_CDC_ConfigStrDescriptor
 .text.USBD_CDC_InterfaceStrDescriptor
                0x08011e2c       0x3c ./USB_Device/App/usbd_desc.o
                0x08011e2c                USBD_CDC_InterfaceStrDescriptor
 .text.Get_SerialNum
                0x08011e68       0x58 ./USB_Device/App/usbd_desc.o
 .text.IntToUnicode
                0x08011ec0       0x7e ./USB_Device/App/usbd_desc.o
 .text.LL_AHB2_GRP1_EnableClock
                0x08011f3e       0x32 ./USB_Device/Target/usbd_conf.o
 .text.LL_APB1_GRP1_EnableClock
                0x08011f70       0x32 ./USB_Device/Target/usbd_conf.o
 *fill*         0x08011fa2        0x2 
 .text.HAL_PCD_MspInit
                0x08011fa4       0x80 ./USB_Device/Target/usbd_conf.o
                0x08011fa4                HAL_PCD_MspInit
 .text.HAL_PCD_SetupStageCallback
                0x08012024       0x24 ./USB_Device/Target/usbd_conf.o
                0x08012024                HAL_PCD_SetupStageCallback
 .text.HAL_PCD_DataOutStageCallback
                0x08012048       0x36 ./USB_Device/Target/usbd_conf.o
                0x08012048                HAL_PCD_DataOutStageCallback
 .text.HAL_PCD_DataInStageCallback
                0x0801207e       0x34 ./USB_Device/Target/usbd_conf.o
                0x0801207e                HAL_PCD_DataInStageCallback
 .text.HAL_PCD_SOFCallback
                0x080120b2       0x1c ./USB_Device/Target/usbd_conf.o
                0x080120b2                HAL_PCD_SOFCallback
 .text.HAL_PCD_ResetCallback
                0x080120ce       0x3c ./USB_Device/Target/usbd_conf.o
                0x080120ce                HAL_PCD_ResetCallback
 *fill*         0x0801210a        0x2 
 .text.HAL_PCD_SuspendCallback
                0x0801210c       0x34 ./USB_Device/Target/usbd_conf.o
                0x0801210c                HAL_PCD_SuspendCallback
 .text.HAL_PCD_ResumeCallback
                0x08012140       0x38 ./USB_Device/Target/usbd_conf.o
                0x08012140                HAL_PCD_ResumeCallback
 .text.USBD_LL_Init
                0x08012178       0xc4 ./USB_Device/Target/usbd_conf.o
                0x08012178                USBD_LL_Init
 .text.USBD_LL_Start
                0x0801223c       0x36 ./USB_Device/Target/usbd_conf.o
                0x0801223c                USBD_LL_Start
 .text.USBD_LL_OpenEP
                0x08012272       0x4c ./USB_Device/Target/usbd_conf.o
                0x08012272                USBD_LL_OpenEP
 .text.USBD_LL_CloseEP
                0x080122be       0x3e ./USB_Device/Target/usbd_conf.o
                0x080122be                USBD_LL_CloseEP
 .text.USBD_LL_StallEP
                0x080122fc       0x3e ./USB_Device/Target/usbd_conf.o
                0x080122fc                USBD_LL_StallEP
 .text.USBD_LL_ClearStallEP
                0x0801233a       0x3e ./USB_Device/Target/usbd_conf.o
                0x0801233a                USBD_LL_ClearStallEP
 .text.USBD_LL_IsStallEP
                0x08012378       0x58 ./USB_Device/Target/usbd_conf.o
                0x08012378                USBD_LL_IsStallEP
 .text.USBD_LL_SetUSBAddress
                0x080123d0       0x3e ./USB_Device/Target/usbd_conf.o
                0x080123d0                USBD_LL_SetUSBAddress
 .text.USBD_LL_Transmit
                0x0801240e       0x42 ./USB_Device/Target/usbd_conf.o
                0x0801240e                USBD_LL_Transmit
 .text.USBD_LL_PrepareReceive
                0x08012450       0x42 ./USB_Device/Target/usbd_conf.o
                0x08012450                USBD_LL_PrepareReceive
 .text.USBD_LL_GetRxDataSize
                0x08012492       0x26 ./USB_Device/Target/usbd_conf.o
                0x08012492                USBD_LL_GetRxDataSize
 .text.HAL_PCDEx_LPM_Callback
                0x080124b8       0x6c ./USB_Device/Target/usbd_conf.o
                0x080124b8                HAL_PCDEx_LPM_Callback
 .text.USBD_static_malloc
                0x08012524       0x1c ./USB_Device/Target/usbd_conf.o
                0x08012524                USBD_static_malloc
 .text.USBD_static_free
                0x08012540       0x14 ./USB_Device/Target/usbd_conf.o
                0x08012540                USBD_static_free
 .text.SystemClockConfig_Resume
                0x08012554        0xc ./USB_Device/Target/usbd_conf.o
 .text.USBD_Get_USB_Status
                0x08012560       0x58 ./USB_Device/Target/usbd_conf.o
 .text.std      0x080125b8       0x6c D:/WorkSoftware/STM32CubeIDE_1.16.1/STM32CubeIDE/plugins/com.st.stm32cube.ide.mcu.externaltools.gnu-tools-for-stm32.12.3.rel1.win32_1.0.200.202406191623/tools/bin/../lib/gcc/arm-none-eabi/12.3.1/../../../../arm-none-eabi/lib/thumb/v7e-m+fp/hard\libc_nano.a(libc_a-findfp.o)
 .text.stdio_exit_handler
                0x08012624       0x18 D:/WorkSoftware/STM32CubeIDE_1.16.1/STM32CubeIDE/plugins/com.st.stm32cube.ide.mcu.externaltools.gnu-tools-for-stm32.12.3.rel1.win32_1.0.200.202406191623/tools/bin/../lib/gcc/arm-none-eabi/12.3.1/../../../../arm-none-eabi/lib/thumb/v7e-m+fp/hard\libc_nano.a(libc_a-findfp.o)
 .text.cleanup_stdio
                0x0801263c       0x40 D:/WorkSoftware/STM32CubeIDE_1.16.1/STM32CubeIDE/plugins/com.st.stm32cube.ide.mcu.externaltools.gnu-tools-for-stm32.12.3.rel1.win32_1.0.200.202406191623/tools/bin/../lib/gcc/arm-none-eabi/12.3.1/../../../../arm-none-eabi/lib/thumb/v7e-m+fp/hard\libc_nano.a(libc_a-findfp.o)
 .text.global_stdio_init.part.0
                0x0801267c       0x3c D:/WorkSoftware/STM32CubeIDE_1.16.1/STM32CubeIDE/plugins/com.st.stm32cube.ide.mcu.externaltools.gnu-tools-for-stm32.12.3.rel1.win32_1.0.200.202406191623/tools/bin/../lib/gcc/arm-none-eabi/12.3.1/../../../../arm-none-eabi/lib/thumb/v7e-m+fp/hard\libc_nano.a(libc_a-findfp.o)
 .text.__sfp_lock_acquire
                0x080126b8        0xc D:/WorkSoftware/STM32CubeIDE_1.16.1/STM32CubeIDE/plugins/com.st.stm32cube.ide.mcu.externaltools.gnu-tools-for-stm32.12.3.rel1.win32_1.0.200.202406191623/tools/bin/../lib/gcc/arm-none-eabi/12.3.1/../../../../arm-none-eabi/lib/thumb/v7e-m+fp/hard\libc_nano.a(libc_a-findfp.o)
                0x080126b8                __sfp_lock_acquire
 .text.__sfp_lock_release
                0x080126c4        0xc D:/WorkSoftware/STM32CubeIDE_1.16.1/STM32CubeIDE/plugins/com.st.stm32cube.ide.mcu.externaltools.gnu-tools-for-stm32.12.3.rel1.win32_1.0.200.202406191623/tools/bin/../lib/gcc/arm-none-eabi/12.3.1/../../../../arm-none-eabi/lib/thumb/v7e-m+fp/hard\libc_nano.a(libc_a-findfp.o)
                0x080126c4                __sfp_lock_release
 .text.__sinit  0x080126d0       0x30 D:/WorkSoftware/STM32CubeIDE_1.16.1/STM32CubeIDE/plugins/com.st.stm32cube.ide.mcu.externaltools.gnu-tools-for-stm32.12.3.rel1.win32_1.0.200.202406191623/tools/bin/../lib/gcc/arm-none-eabi/12.3.1/../../../../arm-none-eabi/lib/thumb/v7e-m+fp/hard\libc_nano.a(libc_a-findfp.o)
                0x080126d0                __sinit
 .text._fwalk_sglue
                0x08012700       0x3c D:/WorkSoftware/STM32CubeIDE_1.16.1/STM32CubeIDE/plugins/com.st.stm32cube.ide.mcu.externaltools.gnu-tools-for-stm32.12.3.rel1.win32_1.0.200.202406191623/tools/bin/../lib/gcc/arm-none-eabi/12.3.1/../../../../arm-none-eabi/lib/thumb/v7e-m+fp/hard\libc_nano.a(libc_a-fwalk.o)
                0x08012700                _fwalk_sglue
 .text.printf   0x0801273c       0x24 D:/WorkSoftware/STM32CubeIDE_1.16.1/STM32CubeIDE/plugins/com.st.stm32cube.ide.mcu.externaltools.gnu-tools-for-stm32.12.3.rel1.win32_1.0.200.202406191623/tools/bin/../lib/gcc/arm-none-eabi/12.3.1/../../../../arm-none-eabi/lib/thumb/v7e-m+fp/hard\libc_nano.a(libc_a-printf.o)
                0x0801273c                iprintf
                0x0801273c                printf
 .text.putchar  0x08012760       0x10 D:/WorkSoftware/STM32CubeIDE_1.16.1/STM32CubeIDE/plugins/com.st.stm32cube.ide.mcu.externaltools.gnu-tools-for-stm32.12.3.rel1.win32_1.0.200.202406191623/tools/bin/../lib/gcc/arm-none-eabi/12.3.1/../../../../arm-none-eabi/lib/thumb/v7e-m+fp/hard\libc_nano.a(libc_a-putchar.o)
                0x08012760                putchar
 .text.__sread  0x08012770       0x22 D:/WorkSoftware/STM32CubeIDE_1.16.1/STM32CubeIDE/plugins/com.st.stm32cube.ide.mcu.externaltools.gnu-tools-for-stm32.12.3.rel1.win32_1.0.200.202406191623/tools/bin/../lib/gcc/arm-none-eabi/12.3.1/../../../../arm-none-eabi/lib/thumb/v7e-m+fp/hard\libc_nano.a(libc_a-stdio.o)
                0x08012770                __sread
 .text.__swrite
                0x08012792       0x38 D:/WorkSoftware/STM32CubeIDE_1.16.1/STM32CubeIDE/plugins/com.st.stm32cube.ide.mcu.externaltools.gnu-tools-for-stm32.12.3.rel1.win32_1.0.200.202406191623/tools/bin/../lib/gcc/arm-none-eabi/12.3.1/../../../../arm-none-eabi/lib/thumb/v7e-m+fp/hard\libc_nano.a(libc_a-stdio.o)
                0x08012792                __swrite
 .text.__sseek  0x080127ca       0x24 D:/WorkSoftware/STM32CubeIDE_1.16.1/STM32CubeIDE/plugins/com.st.stm32cube.ide.mcu.externaltools.gnu-tools-for-stm32.12.3.rel1.win32_1.0.200.202406191623/tools/bin/../lib/gcc/arm-none-eabi/12.3.1/../../../../arm-none-eabi/lib/thumb/v7e-m+fp/hard\libc_nano.a(libc_a-stdio.o)
                0x080127ca                __sseek
 .text.__sclose
                0x080127ee        0x8 D:/WorkSoftware/STM32CubeIDE_1.16.1/STM32CubeIDE/plugins/com.st.stm32cube.ide.mcu.externaltools.gnu-tools-for-stm32.12.3.rel1.win32_1.0.200.202406191623/tools/bin/../lib/gcc/arm-none-eabi/12.3.1/../../../../arm-none-eabi/lib/thumb/v7e-m+fp/hard\libc_nano.a(libc_a-stdio.o)
                0x080127ee                __sclose
 .text.memset   0x080127f6       0x10 D:/WorkSoftware/STM32CubeIDE_1.16.1/STM32CubeIDE/plugins/com.st.stm32cube.ide.mcu.externaltools.gnu-tools-for-stm32.12.3.rel1.win32_1.0.200.202406191623/tools/bin/../lib/gcc/arm-none-eabi/12.3.1/../../../../arm-none-eabi/lib/thumb/v7e-m+fp/hard\libc_nano.a(libc_a-memset.o)
                0x080127f6                memset
 *fill*         0x08012806        0x2 
 .text._close_r
                0x08012808       0x20 D:/WorkSoftware/STM32CubeIDE_1.16.1/STM32CubeIDE/plugins/com.st.stm32cube.ide.mcu.externaltools.gnu-tools-for-stm32.12.3.rel1.win32_1.0.200.202406191623/tools/bin/../lib/gcc/arm-none-eabi/12.3.1/../../../../arm-none-eabi/lib/thumb/v7e-m+fp/hard\libc_nano.a(libc_a-closer.o)
                0x08012808                _close_r
 .text._lseek_r
                0x08012828       0x24 D:/WorkSoftware/STM32CubeIDE_1.16.1/STM32CubeIDE/plugins/com.st.stm32cube.ide.mcu.externaltools.gnu-tools-for-stm32.12.3.rel1.win32_1.0.200.202406191623/tools/bin/../lib/gcc/arm-none-eabi/12.3.1/../../../../arm-none-eabi/lib/thumb/v7e-m+fp/hard\libc_nano.a(libc_a-lseekr.o)
                0x08012828                _lseek_r
 .text._read_r  0x0801284c       0x24 D:/WorkSoftware/STM32CubeIDE_1.16.1/STM32CubeIDE/plugins/com.st.stm32cube.ide.mcu.externaltools.gnu-tools-for-stm32.12.3.rel1.win32_1.0.200.202406191623/tools/bin/../lib/gcc/arm-none-eabi/12.3.1/../../../../arm-none-eabi/lib/thumb/v7e-m+fp/hard\libc_nano.a(libc_a-readr.o)
                0x0801284c                _read_r
 .text._write_r
                0x08012870       0x24 D:/WorkSoftware/STM32CubeIDE_1.16.1/STM32CubeIDE/plugins/com.st.stm32cube.ide.mcu.externaltools.gnu-tools-for-stm32.12.3.rel1.win32_1.0.200.202406191623/tools/bin/../lib/gcc/arm-none-eabi/12.3.1/../../../../arm-none-eabi/lib/thumb/v7e-m+fp/hard\libc_nano.a(libc_a-writer.o)
                0x08012870                _write_r
 .text.__errno  0x08012894        0xc D:/WorkSoftware/STM32CubeIDE_1.16.1/STM32CubeIDE/plugins/com.st.stm32cube.ide.mcu.externaltools.gnu-tools-for-stm32.12.3.rel1.win32_1.0.200.202406191623/tools/bin/../lib/gcc/arm-none-eabi/12.3.1/../../../../arm-none-eabi/lib/thumb/v7e-m+fp/hard\libc_nano.a(libc_a-errno.o)
                0x08012894                __errno
 .text.__libc_init_array
                0x080128a0       0x48 D:/WorkSoftware/STM32CubeIDE_1.16.1/STM32CubeIDE/plugins/com.st.stm32cube.ide.mcu.externaltools.gnu-tools-for-stm32.12.3.rel1.win32_1.0.200.202406191623/tools/bin/../lib/gcc/arm-none-eabi/12.3.1/../../../../arm-none-eabi/lib/thumb/v7e-m+fp/hard\libc_nano.a(libc_a-init.o)
                0x080128a0                __libc_init_array
 .text.__retarget_lock_init_recursive
                0x080128e8        0x2 D:/WorkSoftware/STM32CubeIDE_1.16.1/STM32CubeIDE/plugins/com.st.stm32cube.ide.mcu.externaltools.gnu-tools-for-stm32.12.3.rel1.win32_1.0.200.202406191623/tools/bin/../lib/gcc/arm-none-eabi/12.3.1/../../../../arm-none-eabi/lib/thumb/v7e-m+fp/hard\libc_nano.a(libc_a-lock.o)
                0x080128e8                __retarget_lock_init_recursive
 .text.__retarget_lock_acquire_recursive
                0x080128ea        0x2 D:/WorkSoftware/STM32CubeIDE_1.16.1/STM32CubeIDE/plugins/com.st.stm32cube.ide.mcu.externaltools.gnu-tools-for-stm32.12.3.rel1.win32_1.0.200.202406191623/tools/bin/../lib/gcc/arm-none-eabi/12.3.1/../../../../arm-none-eabi/lib/thumb/v7e-m+fp/hard\libc_nano.a(libc_a-lock.o)
                0x080128ea                __retarget_lock_acquire_recursive
 .text.__retarget_lock_release_recursive
                0x080128ec        0x2 D:/WorkSoftware/STM32CubeIDE_1.16.1/STM32CubeIDE/plugins/com.st.stm32cube.ide.mcu.externaltools.gnu-tools-for-stm32.12.3.rel1.win32_1.0.200.202406191623/tools/bin/../lib/gcc/arm-none-eabi/12.3.1/../../../../arm-none-eabi/lib/thumb/v7e-m+fp/hard\libc_nano.a(libc_a-lock.o)
                0x080128ec                __retarget_lock_release_recursive
 .text.memcpy   0x080128ee       0x1c D:/WorkSoftware/STM32CubeIDE_1.16.1/STM32CubeIDE/plugins/com.st.stm32cube.ide.mcu.externaltools.gnu-tools-for-stm32.12.3.rel1.win32_1.0.200.202406191623/tools/bin/../lib/gcc/arm-none-eabi/12.3.1/../../../../arm-none-eabi/lib/thumb/v7e-m+fp/hard\libc_nano.a(libc_a-memcpy-stub.o)
                0x080128ee                memcpy
 *fill*         0x0801290a        0x2 
 .text._free_r  0x0801290c       0x94 D:/WorkSoftware/STM32CubeIDE_1.16.1/STM32CubeIDE/plugins/com.st.stm32cube.ide.mcu.externaltools.gnu-tools-for-stm32.12.3.rel1.win32_1.0.200.202406191623/tools/bin/../lib/gcc/arm-none-eabi/12.3.1/../../../../arm-none-eabi/lib/thumb/v7e-m+fp/hard\libc_nano.a(libc_a-freer.o)
                0x0801290c                _free_r
 .text.sbrk_aligned
                0x080129a0       0x44 D:/WorkSoftware/STM32CubeIDE_1.16.1/STM32CubeIDE/plugins/com.st.stm32cube.ide.mcu.externaltools.gnu-tools-for-stm32.12.3.rel1.win32_1.0.200.202406191623/tools/bin/../lib/gcc/arm-none-eabi/12.3.1/../../../../arm-none-eabi/lib/thumb/v7e-m+fp/hard\libc_nano.a(libc_a-mallocr.o)
 .text._malloc_r
                0x080129e4      0x100 D:/WorkSoftware/STM32CubeIDE_1.16.1/STM32CubeIDE/plugins/com.st.stm32cube.ide.mcu.externaltools.gnu-tools-for-stm32.12.3.rel1.win32_1.0.200.202406191623/tools/bin/../lib/gcc/arm-none-eabi/12.3.1/../../../../arm-none-eabi/lib/thumb/v7e-m+fp/hard\libc_nano.a(libc_a-mallocr.o)
                0x080129e4                _malloc_r
 .text.__malloc_lock
                0x08012ae4        0xc D:/WorkSoftware/STM32CubeIDE_1.16.1/STM32CubeIDE/plugins/com.st.stm32cube.ide.mcu.externaltools.gnu-tools-for-stm32.12.3.rel1.win32_1.0.200.202406191623/tools/bin/../lib/gcc/arm-none-eabi/12.3.1/../../../../arm-none-eabi/lib/thumb/v7e-m+fp/hard\libc_nano.a(libc_a-mlock.o)
                0x08012ae4                __malloc_lock
 .text.__malloc_unlock
                0x08012af0        0xc D:/WorkSoftware/STM32CubeIDE_1.16.1/STM32CubeIDE/plugins/com.st.stm32cube.ide.mcu.externaltools.gnu-tools-for-stm32.12.3.rel1.win32_1.0.200.202406191623/tools/bin/../lib/gcc/arm-none-eabi/12.3.1/../../../../arm-none-eabi/lib/thumb/v7e-m+fp/hard\libc_nano.a(libc_a-mlock.o)
                0x08012af0                __malloc_unlock
 .text.__sfputc_r
                0x08012afc       0x2e D:/WorkSoftware/STM32CubeIDE_1.16.1/STM32CubeIDE/plugins/com.st.stm32cube.ide.mcu.externaltools.gnu-tools-for-stm32.12.3.rel1.win32_1.0.200.202406191623/tools/bin/../lib/gcc/arm-none-eabi/12.3.1/../../../../arm-none-eabi/lib/thumb/v7e-m+fp/hard\libc_nano.a(libc_a-nano-vfprintf.o)
 .text.__sfputs_r
                0x08012b2a       0x24 D:/WorkSoftware/STM32CubeIDE_1.16.1/STM32CubeIDE/plugins/com.st.stm32cube.ide.mcu.externaltools.gnu-tools-for-stm32.12.3.rel1.win32_1.0.200.202406191623/tools/bin/../lib/gcc/arm-none-eabi/12.3.1/../../../../arm-none-eabi/lib/thumb/v7e-m+fp/hard\libc_nano.a(libc_a-nano-vfprintf.o)
                0x08012b2a                __sfputs_r
 *fill*         0x08012b4e        0x2 
 .text._vfprintf_r