../Drivers/STM32WBxx_HAL_Driver/Inc/stm32wbxx_ll_bus.h:364:22:LL_AHB1_GRP1_EnableClock	24	static
../Drivers/STM32WBxx_HAL_Driver/Inc/stm32wbxx_ll_bus.h:539:22:LL_AHB2_GRP1_EnableClock	24	static
../Core/Src/main.c:111:6:HAL_TIM_PeriodElapsedCallback	24	static
../Core/Src/main.c:135:5:main	32	static
../Core/Src/main.c:249:6:SystemClock_Config	112	static
../Core/Src/main.c:299:6:PeriphCommonClock_Config	88	static
../Core/Src/main.c:331:13:MX_ADC1_Init	32	static
../Core/Src/main.c:398:13:MX_I2C1_Init	8	static
../Core/Src/main.c:446:13:MX_TIM2_Init	40	static
../Core/Src/main.c:489:13:MX_DMA_Init	8	static
../Core/Src/main.c:508:13:MX_GPIO_Init	8	static
../Core/Src/main.c:523:6:prepare_data_packet_both	24	static
../Core/Src/main.c:538:6:prepare_data_packet_audio	24	static
../Core/Src/main.c:547:6:update_data_packet_audio_buffered	24	static
../Core/Src/main.c:559:6:prepare_data_packet_IMU	24	static
../Core/Src/main.c:584:6:send_packet_joystick	24	static
../Core/Src/main.c:594:6:move_square	16	static
../Core/Src/main.c:621:6:Error_Handler	4	static,ignoring_inline_asm
