../Drivers/STM32WBxx_HAL_Driver/Inc/stm32wbxx_ll_bus.h:364:22:LL_AHB1_GRP1_EnableClock	24	static
../Drivers/STM32WBxx_HAL_Driver/Inc/stm32wbxx_ll_bus.h:539:22:LL_AHB2_GRP1_EnableClock	24	static
../Core/Src/main.c:93:6:HAL_TIM_PeriodElapsedCallback	24	static
../Core/Src/main.c:130:5:main	16	static
../Core/Src/main.c:225:6:SystemClock_Config	112	static
../Core/Src/main.c:275:6:PeriphCommonClock_Config	88	static
../Core/Src/main.c:307:13:MX_ADC1_Init	32	static
../Core/Src/main.c:365:13:MX_I2C1_Init	8	static
../Core/Src/main.c:413:13:MX_TIM2_Init	40	static
../Core/Src/main.c:456:13:MX_DMA_Init	8	static
../Core/Src/main.c:475:13:MX_GPIO_Init	8	static
../Core/Src/main.c:497:6:Error_Handler	4	static,ignoring_inline_asm
