../Drivers/STM32WBxx_HAL_Driver/Inc/stm32wbxx_ll_bus.h:364:22:LL_AHB1_GRP1_EnableClock	24	static
../Drivers/STM32WBxx_HAL_Driver/Inc/stm32wbxx_ll_bus.h:539:22:LL_AHB2_GRP1_EnableClock	24	static
../Core/Src/main.c:93:6:HAL_TIM_PeriodElapsedCallback	24	static
../Core/Src/main.c:128:5:main	16	static
../Core/Src/main.c:223:6:SystemClock_Config	112	static
../Core/Src/main.c:273:6:PeriphCommonClock_Config	88	static
../Core/Src/main.c:305:13:MX_ADC1_Init	32	static
../Core/Src/main.c:372:13:MX_I2C1_Init	8	static
../Core/Src/main.c:420:13:MX_TIM2_Init	40	static
../Core/Src/main.c:463:13:MX_DMA_Init	8	static
../Core/Src/main.c:482:13:MX_GPIO_Init	8	static
../Core/Src/main.c:504:6:Error_Handler	4	static,ignoring_inline_asm
