../Drivers/STM32WBxx_HAL_Driver/Inc/stm32wbxx_ll_bus.h:364:22:LL_AHB1_GRP1_EnableClock	24	static
../Drivers/STM32WBxx_HAL_Driver/Inc/stm32wbxx_ll_bus.h:539:22:LL_AHB2_GRP1_EnableClock	24	static
../Core/Src/main.c:108:6:HAL_TIM_PeriodElapsedCallback	24	static
../Core/Src/main.c:132:5:main	32	static
../Core/Src/main.c:263:6:SystemClock_Config	112	static
../Core/Src/main.c:313:6:PeriphCommonClock_Config	88	static
../Core/Src/main.c:345:13:MX_ADC1_Init	32	static
../Core/Src/main.c:412:13:MX_I2C1_Init	8	static
../Core/Src/main.c:460:13:MX_TIM2_Init	40	static
../Core/Src/main.c:503:13:MX_DMA_Init	8	static
../Core/Src/main.c:522:13:MX_GPIO_Init	8	static
../Core/Src/main.c:537:6:prepare_data_packet_both	24	static
../Core/Src/main.c:552:6:prepare_data_packet_IMU	24	static
../Core/Src/main.c:561:6:send_packet_joystick	24	static
../Core/Src/main.c:571:6:move_square	16	static
../Core/Src/main.c:598:6:Error_Handler	4	static,ignoring_inline_asm
