Archive member included to satisfy reference by file (symbol)

D:/WorkSoftware/STM32CubeIDE_1.16.1/STM32CubeIDE/plugins/com.st.stm32cube.ide.mcu.externaltools.gnu-tools-for-stm32.13.3.rel1.win32_1.0.0.202411081344/tools/bin/../lib/gcc/arm-none-eabi/13.3.1/../../../../arm-none-eabi/lib/thumb/v7e-m+fp/hard\libc_nano.a(libc_a-exit.o)
                              D:/WorkSoftware/STM32CubeIDE_1.16.1/STM32CubeIDE/plugins/com.st.stm32cube.ide.mcu.externaltools.gnu-tools-for-stm32.13.3.rel1.win32_1.0.0.202411081344/tools/bin/../lib/gcc/arm-none-eabi/13.3.1/../../../../arm-none-eabi/lib/thumb/v7e-m+fp/hard/crt0.o (exit)
D:/WorkSoftware/STM32CubeIDE_1.16.1/STM32CubeIDE/plugins/com.st.stm32cube.ide.mcu.externaltools.gnu-tools-for-stm32.13.3.rel1.win32_1.0.0.202411081344/tools/bin/../lib/gcc/arm-none-eabi/13.3.1/../../../../arm-none-eabi/lib/thumb/v7e-m+fp/hard\libc_nano.a(libc_a-findfp.o)
                              ./Middlewares/Third_Party/FreeRTOS/Source/tasks.o (__sf)
D:/WorkSoftware/STM32CubeIDE_1.16.1/STM32CubeIDE/plugins/com.st.stm32cube.ide.mcu.externaltools.gnu-tools-for-stm32.13.3.rel1.win32_1.0.0.202411081344/tools/bin/../lib/gcc/arm-none-eabi/13.3.1/../../../../arm-none-eabi/lib/thumb/v7e-m+fp/hard\libc_nano.a(libc_a-fwalk.o)
                              D:/WorkSoftware/STM32CubeIDE_1.16.1/STM32CubeIDE/plugins/com.st.stm32cube.ide.mcu.externaltools.gnu-tools-for-stm32.13.3.rel1.win32_1.0.0.202411081344/tools/bin/../lib/gcc/arm-none-eabi/13.3.1/../../../../arm-none-eabi/lib/thumb/v7e-m+fp/hard\libc_nano.a(libc_a-findfp.o) (_fwalk_sglue)
D:/WorkSoftware/STM32CubeIDE_1.16.1/STM32CubeIDE/plugins/com.st.stm32cube.ide.mcu.externaltools.gnu-tools-for-stm32.13.3.rel1.win32_1.0.0.202411081344/tools/bin/../lib/gcc/arm-none-eabi/13.3.1/../../../../arm-none-eabi/lib/thumb/v7e-m+fp/hard\libc_nano.a(libc_a-printf.o)
                              ./Middlewares/ST/STM32_USB_Device_Library/Core/Src/usbd_core.o (printf)
D:/WorkSoftware/STM32CubeIDE_1.16.1/STM32CubeIDE/plugins/com.st.stm32cube.ide.mcu.externaltools.gnu-tools-for-stm32.13.3.rel1.win32_1.0.0.202411081344/tools/bin/../lib/gcc/arm-none-eabi/13.3.1/../../../../arm-none-eabi/lib/thumb/v7e-m+fp/hard\libc_nano.a(libc_a-putchar.o)
                              ./Middlewares/ST/STM32_USB_Device_Library/Core/Src/usbd_core.o (putchar)
D:/WorkSoftware/STM32CubeIDE_1.16.1/STM32CubeIDE/plugins/com.st.stm32cube.ide.mcu.externaltools.gnu-tools-for-stm32.13.3.rel1.win32_1.0.0.202411081344/tools/bin/../lib/gcc/arm-none-eabi/13.3.1/../../../../arm-none-eabi/lib/thumb/v7e-m+fp/hard\libc_nano.a(libc_a-stdio.o)
                              D:/WorkSoftware/STM32CubeIDE_1.16.1/STM32CubeIDE/plugins/com.st.stm32cube.ide.mcu.externaltools.gnu-tools-for-stm32.13.3.rel1.win32_1.0.0.202411081344/tools/bin/../lib/gcc/arm-none-eabi/13.3.1/../../../../arm-none-eabi/lib/thumb/v7e-m+fp/hard\libc_nano.a(libc_a-findfp.o) (__sread)
D:/WorkSoftware/STM32CubeIDE_1.16.1/STM32CubeIDE/plugins/com.st.stm32cube.ide.mcu.externaltools.gnu-tools-for-stm32.13.3.rel1.win32_1.0.0.202411081344/tools/bin/../lib/gcc/arm-none-eabi/13.3.1/../../../../arm-none-eabi/lib/thumb/v7e-m+fp/hard\libc_nano.a(libc_a-memset.o)
                              D:/WorkSoftware/STM32CubeIDE_1.16.1/STM32CubeIDE/plugins/com.st.stm32cube.ide.mcu.externaltools.gnu-tools-for-stm32.13.3.rel1.win32_1.0.0.202411081344/tools/bin/../lib/gcc/arm-none-eabi/13.3.1/../../../../arm-none-eabi/lib/thumb/v7e-m+fp/hard/crt0.o (memset)
D:/WorkSoftware/STM32CubeIDE_1.16.1/STM32CubeIDE/plugins/com.st.stm32cube.ide.mcu.externaltools.gnu-tools-for-stm32.13.3.rel1.win32_1.0.0.202411081344/tools/bin/../lib/gcc/arm-none-eabi/13.3.1/../../../../arm-none-eabi/lib/thumb/v7e-m+fp/hard\libc_nano.a(libc_a-closer.o)
                              D:/WorkSoftware/STM32CubeIDE_1.16.1/STM32CubeIDE/plugins/com.st.stm32cube.ide.mcu.externaltools.gnu-tools-for-stm32.13.3.rel1.win32_1.0.0.202411081344/tools/bin/../lib/gcc/arm-none-eabi/13.3.1/../../../../arm-none-eabi/lib/thumb/v7e-m+fp/hard\libc_nano.a(libc_a-stdio.o) (_close_r)
D:/WorkSoftware/STM32CubeIDE_1.16.1/STM32CubeIDE/plugins/com.st.stm32cube.ide.mcu.externaltools.gnu-tools-for-stm32.13.3.rel1.win32_1.0.0.202411081344/tools/bin/../lib/gcc/arm-none-eabi/13.3.1/../../../../arm-none-eabi/lib/thumb/v7e-m+fp/hard\libc_nano.a(libc_a-reent.o)
                              ./Middlewares/Third_Party/FreeRTOS/Source/tasks.o (_reclaim_reent)
D:/WorkSoftware/STM32CubeIDE_1.16.1/STM32CubeIDE/plugins/com.st.stm32cube.ide.mcu.externaltools.gnu-tools-for-stm32.13.3.rel1.win32_1.0.0.202411081344/tools/bin/../lib/gcc/arm-none-eabi/13.3.1/../../../../arm-none-eabi/lib/thumb/v7e-m+fp/hard\libc_nano.a(libc_a-impure.o)
                              ./Middlewares/Third_Party/FreeRTOS/Source/tasks.o (_impure_ptr)
[...]
Memory Configuration

Name             Origin             Length             Attributes
FLASH            0x08000000         0x00080000         xr
RAM              0x20000008         0x0002fff8         xrw
RAM_SHARED       0x20030000         0x00002800         xrw
*default*        0x00000000         0xffffffff

Linker script and memory map

LOAD D:/WorkSoftware/STM32CubeIDE_1.16.1/STM32CubeIDE/plugins/com.st.stm32cube.ide.mcu.externaltools.gnu-tools-for-stm32.13.3.rel1.win32_1.0.0.202411081344/tools/bin/../lib/gcc/arm-none-eabi/13.3.1/thumb/v7e-m+fp/hard/crti.o
LOAD D:/WorkSoftware/STM32CubeIDE_1.16.1/STM32CubeIDE/plugins/com.st.stm32cube.ide.mcu.externaltools.gnu-tools-for-stm32.13.3.rel1.win32_1.0.0.202411081344/tools/bin/../lib/gcc/arm-none-eabi/13.3.1/thumb/v7e-m+fp/hard/crtbegin.o
LOAD D:/WorkSoftware/STM32CubeIDE_1.16.1/STM32CubeIDE/plugins/com.st.stm32cube.ide.mcu.externaltools.gnu-tools-for-stm32.13.3.rel1.win32_1.0.0.202411081344/tools/bin/../lib/gcc/arm-none-eabi/13.3.1/../../../../arm-none-eabi/lib/thumb/v7e-m+fp/hard/crt0.o
LOAD ./Core/Src/app_freertos.o
LOAD ./Core/Src/main.o
LOAD ./Core/Src/stm32wbxx_hal_msp.o
LOAD ./Core/Src/stm32wbxx_hal_timebase_tim.o
LOAD ./Core/Src/stm32wbxx_it.o
LOAD ./Core/Src/syscalls.o
LOAD ./Core/Src/sysmem.o
LOAD ./Core/Src/system_stm32wbxx.o
LOAD ./Core/Startup/startup_stm32wb55rgvx.o
LOAD ./Drivers/STM32WBxx_HAL_Driver/Src/stm32wbxx_hal.o
LOAD ./Drivers/STM32WBxx_HAL_Driver/Src/stm32wbxx_hal_adc.o
LOAD ./Drivers/STM32WBxx_HAL_Driver/Src/stm32wbxx_hal_adc_ex.o
LOAD ./Drivers/STM32WBxx_HAL_Driver/Src/stm32wbxx_hal_cortex.o
LOAD ./Drivers/STM32WBxx_HAL_Driver/Src/stm32wbxx_hal_dma.o
LOAD ./Drivers/STM32WBxx_HAL_Driver/Src/stm32wbxx_hal_dma_ex.o
LOAD ./Drivers/STM32WBxx_HAL_Driver/Src/stm32wbxx_hal_exti.o
LOAD ./Drivers/STM32WBxx_HAL_Driver/Src/stm32wbxx_hal_flash.o
LOAD ./Drivers/STM32WBxx_HAL_Driver/Src/stm32wbxx_hal_flash_ex.o
LOAD ./Drivers/STM32WBxx_HAL_Driver/Src/stm32wbxx_hal_gpio.o
LOAD ./Drivers/STM32WBxx_HAL_Driver/Src/stm32wbxx_hal_hsem.o
LOAD ./Drivers/STM32WBxx_HAL_Driver/Src/stm32wbxx_hal_i2c.o
LOAD ./Drivers/STM32WBxx_HAL_Driver/Src/stm32wbxx_hal_i2c_ex.o
LOAD ./Drivers/STM32WBxx_HAL_Driver/Src/stm32wbxx_hal_pcd.o
LOAD ./Drivers/STM32WBxx_HAL_Driver/Src/stm32wbxx_hal_pcd_ex.o
LOAD ./Drivers/STM32WBxx_HAL_Driver/Src/stm32wbxx_hal_pwr.o
LOAD ./Drivers/STM32WBxx_HAL_Driver/Src/stm32wbxx_hal_pwr_ex.o
LOAD ./Drivers/STM32WBxx_HAL_Driver/Src/stm32wbxx_hal_rcc.o
LOAD ./Drivers/STM32WBxx_HAL_Driver/Src/stm32wbxx_hal_rcc_ex.o
LOAD ./Drivers/STM32WBxx_HAL_Driver/Src/stm32wbxx_hal_tim.o
LOAD ./Drivers/STM32WBxx_HAL_Driver/Src/stm32wbxx_hal_tim_ex.o
LOAD ./Drivers/STM32WBxx_HAL_Driver/Src/stm32wbxx_hal_uart.o
LOAD ./Drivers/STM32WBxx_HAL_Driver/Src/stm32wbxx_hal_uart_ex.o
LOAD ./Drivers/STM32WBxx_HAL_Driver/Src/stm32wbxx_ll_adc.o
LOAD ./Drivers/STM32WBxx_HAL_Driver/Src/stm32wbxx_ll_rcc.o
LOAD ./Drivers/STM32WBxx_HAL_Driver/Src/stm32wbxx_ll_usb.o
LOAD ./Middlewares/ST/STM32_USB_Device_Library/Class/CDC/Src/usbd_cdc.o
LOAD ./Middlewares/ST/STM32_USB_Device_Library/Core/Src/usbd_core.o
LOAD ./Middlewares/ST/STM32_USB_Device_Library/Core/Src/usbd_ctlreq.o
LOAD ./Middlewares/ST/STM32_USB_Device_Library/Core/Src/usbd_ioreq.o
LOAD ./Middlewares/Third_Party/FreeRTOS/Source/CMSIS_RTOS_V2/cmsis_os2.o
LOAD ./Middlewares/Third_Party/FreeRTOS/Source/croutine.o
LOAD ./Middlewares/Third_Party/FreeRTOS/Source/event_groups.o
LOAD ./Middlewares/Third_Party/FreeRTOS/Source/list.o
LOAD ./Middlewares/Third_Party/FreeRTOS/Source/queue.o
LOAD ./Middlewares/Third_Party/FreeRTOS/Source/stream_buffer.o
LOAD ./Middlewares/Third_Party/FreeRTOS/Source/tasks.o
LOAD ./Middlewares/Third_Party/FreeRTOS/Source/timers.o
LOAD ./Middlewares/Third_Party/FreeRTOS/Source/portable/GCC/ARM_CM4F/port.o
LOAD ./Middlewares/Third_Party/FreeRTOS/Source/portable/MemMang/heap_4.o
LOAD ./USB_Device/App/usb_device.o
LOAD ./USB_Device/App/usbd_cdc_if.o
LOAD ./USB_Device/App/usbd_desc.o
LOAD ./USB_Device/Target/usbd_conf.o
START GROUP
LOAD D:/WorkSoftware/STM32CubeIDE_1.16.1/STM32CubeIDE/plugins/com.st.stm32cube.ide.mcu.externaltools.gnu-tools-for-stm32.13.3.rel1.win32_1.0.0.202411081344/tools/bin/../lib/gcc/arm-none-eabi/13.3.1/../../../../arm-none-eabi/lib/thumb/v7e-m+fp/hard\libc_nano.a
LOAD D:/WorkSoftware/STM32CubeIDE_1.16.1/STM32CubeIDE/plugins/com.st.stm32cube.ide.mcu.externaltools.gnu-tools-for-stm32.13.3.rel1.win32_1.0.0.202411081344/tools/bin/../lib/gcc/arm-none-eabi/13.3.1/../../../../arm-none-eabi/lib/thumb/v7e-m+fp/hard\libm.a
END GROUP
START GROUP
LOAD D:/WorkSoftware/STM32CubeIDE_1.16.1/STM32CubeIDE/plugins/com.st.stm32cube.ide.mcu.externaltools.gnu-tools-for-stm32.13.3.rel1.win32_1.0.0.202411081344/tools/bin/../lib/gcc/arm-none-eabi/13.3.1/thumb/v7e-m+fp/hard\libgcc.a
LOAD D:/WorkSoftware/STM32CubeIDE_1.16.1/STM32CubeIDE/plugins/com.st.stm32cube.ide.mcu.externaltools.gnu-tools-for-stm32.13.3.rel1.win32_1.0.0.202411081344/tools/bin/../lib/gcc/arm-none-eabi/13.3.1/../../../../arm-none-eabi/lib/thumb/v7e-m+fp/hard\libc_nano.a
END GROUP
START GROUP
LOAD D:/WorkSoftware/STM32CubeIDE_1.16.1/STM32CubeIDE/plugins/com.st.stm32cube.ide.mcu.externaltools.gnu-tools-for-stm32.13.3.rel1.win32_1.0.0.202411081344/tools/bin/../lib/gcc/arm-none-eabi/13.3.1/thumb/v7e-m+fp/hard\libgcc.a
LOAD D:/WorkSoftware/STM32CubeIDE_1.16.1/STM32CubeIDE/plugins/com.st.stm32cube.ide.mcu.externaltools.gnu-tools-for-stm32.13.3.rel1.win32_1.0.0.202411081344/tools/bin/../lib/gcc/arm-none-eabi/13.3.1/../../../../arm-none-eabi/lib/thumb/v7e-m+fp/hard\libc_nano.a
LOAD D:/WorkSoftware/STM32CubeIDE_1.16.1/STM32CubeIDE/plugins/com.st.stm32cube.ide.mcu.externaltools.gnu-tools-for-stm32.13.3.rel1.win32_1.0.0.202411081344/tools/bin/../lib/gcc/arm-none-eabi/13.3.1/../../../../arm-none-eabi/lib/thumb/v7e-m+fp/hard\libnosys.a
END GROUP
START GROUP
LOAD D:/WorkSoftware/STM32CubeIDE_1.16.1/STM32CubeIDE/plugins/com.st.stm32cube.ide.mcu.externaltools.gnu-tools-for-stm32.13.3.rel1.win32_1.0.0.202411081344/tools/bin/../lib/gcc/arm-none-eabi/13.3.1/thumb/v7e-m+fp/hard\libgcc.a
LOAD D:/WorkSoftware/STM32CubeIDE_1.16.1/STM32CubeIDE/plugins/com.st.stm32cube.ide.mcu.externaltools.gnu-tools-for-stm32.13.3.rel1.win32_1.0.0.202411081344/tools/bin/../lib/gcc/arm-none-eabi/13.3.1/../../../../arm-none-eabi/lib/thumb/v7e-m+fp/hard\libc_nano.a
LOAD D:/WorkSoftware/STM32CubeIDE_1.16.1/STM32CubeIDE/plugins/com.st.stm32cube.ide.mcu.externaltools.gnu-tools-for-stm32.13.3.rel1.win32_1.0.0.202411081344/tools/bin/../lib/gcc/arm-none-eabi/13.3.1/../../../../arm-none-eabi/lib/thumb/v7e-m+fp/hard\libnosys.a
END GROUP
LOAD D:/WorkSoftware/STM32CubeIDE_1.16.1/STM32CubeIDE/plugins/com.st.stm32cube.ide.mcu.externaltools.gnu-tools-for-stm32.13.3.rel1.win32_1.0.0.202411081344/tools/bin/../lib/gcc/arm-none-eabi/13.3.1/thumb/v7e-m+fp/hard/crtend.o
LOAD D:/WorkSoftware/STM32CubeIDE_1.16.1/STM32CubeIDE/plugins/com.st.stm32cube.ide.mcu.externaltools.gnu-tools-for-stm32.13.3.rel1.win32_1.0.0.202411081344/tools/bin/../lib/gcc/arm-none-eabi/13.3.1/thumb/v7e-m+fp/hard/crtn.o
                0x20030000                        _estack = (ORIGIN (RAM) + LENGTH (RAM))
                0x00000200                        _Min_Heap_Size = 0x200
                0x00000400                        _Min_Stack_Size = 0x400

.isr_vector     0x08000000      0x13c
                0x08000000                        . = ALIGN (0x4)
 *(.isr_vector)
 .isr_vector    0x08000000      0x13c ./Core/Startup/startup_stm32wb55rgvx.o
                0x08000000                g_pfnVectors
                0x0800013c                        . = ALIGN (0x4)

.text           0x08000140    0x11b00
                0x08000140                        . = ALIGN (0x4)
 *(.text)
 .text          0x08000140       0x40 D:/WorkSoftware/STM32CubeIDE_1.16.1/STM32CubeIDE/plugins/com.st.stm32cube.ide.mcu.externaltools.gnu-tools-for-stm32.13.3.rel1.win32_1.0.0.202411081344/tools/bin/../lib/gcc/arm-none-eabi/13.3.1/thumb/v7e-m+fp/hard/crtbegin.o
 .text          0x08000180       0xa0 D:/WorkSoftware/STM32CubeIDE_1.16.1/STM32CubeIDE/plugins/com.st.stm32cube.ide.mcu.externaltools.gnu-tools-for-stm32.13.3.rel1.win32_1.0.0.202411081344/tools/bin/../lib/gcc/arm-none-eabi/13.3.1/../../../../arm-none-eabi/lib/thumb/v7e-m+fp/hard\libc_nano.a(libc_a-memchr.o)
                0x08000180                memchr
 .text          0x08000220       0x30 D:/WorkSoftware/STM32CubeIDE_1.16.1/STM32CubeIDE/plugins/com.st.stm32cube.ide.mcu.externaltools.gnu-tools-for-stm32.13.3.rel1.win32_1.0.0.202411081344/tools/bin/../lib/gcc/arm-none-eabi/13.3.1/thumb/v7e-m+fp/hard\libgcc.a(_aeabi_uldivmod.o)
                0x08000220                __aeabi_uldivmod
 .text          0x08000250      0x2f8 D:/WorkSoftware/STM32CubeIDE_1.16.1/STM32CubeIDE/plugins/com.st.stm32cube.ide.mcu.externaltools.gnu-tools-for-stm32.13.3.rel1.win32_1.0.0.202411081344/tools/bin/../lib/gcc/arm-none-eabi/13.3.1/thumb/v7e-m+fp/hard\libgcc.a(_udivmoddi4.o)
                0x08000250                __udivmoddi4
 .text          0x08000548        0x4 D:/WorkSoftware/STM32CubeIDE_1.16.1/STM32CubeIDE/plugins/com.st.stm32cube.ide.mcu.externaltools.gnu-tools-for-stm32.13.3.rel1.win32_1.0.0.202411081344/tools/bin/../lib/gcc/arm-none-eabi/13.3.1/thumb/v7e-m+fp/hard\libgcc.a(_dvmd_tls.o)
                0x08000548                __aeabi_idiv0
                0x08000548                __aeabi_ldiv0
 *(.text*)
 .text.LL_AHB1_GRP1_EnableClock
                0x0800054c       0x32 ./Core/Src/main.o
 .text.LL_AHB2_GRP1_EnableClock
                0x0800057e       0x32 ./Core/Src/main.o
 .text.USB_transmit
                0x080005b0       0x50 ./Core/Src/main.o
                0x080005b0                USB_transmit
 .text.update_data_packet_audio_buffered
                0x08000600       0x48 ./Core/Src/main.o
                0x08000600                update_data_packet_audio_buffered
 .text.main     0x08000648       0xa8 ./Core/Src/main.o
                0x08000648                main
 .text.SystemClock_Config
                0x080006f0       0xc8 ./Core/Src/main.o
                0x080006f0                SystemClock_Config
 .text.PeriphCommonClock_Config
                0x080007b8       0x62 ./Core/Src/main.o
                0x080007b8                PeriphCommonClock_Config
 *fill*         0x0800081a        0x2 
 .text.MX_ADC1_Init
                0x0800081c       0xc8 ./Core/Src/main.o
 .text.MX_I2C1_Init
                0x080008e4       0x80 ./Core/Src/main.o
 .text.MX_TIM2_Init
                0x08000964       0x9c ./Core/Src/main.o
 .text.MX_USART1_UART_Init
                0x08000a00       0x98 ./Core/Src/main.o
 .text.MX_DMA_Init
                0x08000a98       0x24 ./Core/Src/main.o
 .text.MX_GPIO_Init
                0x08000abc       0x58 ./Core/Src/main.o
 .text.task1_handler
                0x08000b14       0xa8 ./Core/Src/main.o
                0x08000b14                task1_handler
 .text.HAL_TIM_PeriodElapsedCallback
                0x08000bbc       0x70 ./Core/Src/main.o
                0x08000bbc                HAL_TIM_PeriodElapsedCallback
 .text.Error_Handler
                0x08000c2c        0xc ./Core/Src/main.o
                0x08000c2c                Error_Handler
 .text.LL_AHB2_GRP1_EnableClock
                0x08000c38       0x32 ./Core/Src/stm32wbxx_hal_msp.o
 .text.LL_APB1_GRP1_EnableClock
                0x08000c6a       0x32 ./Core/Src/stm32wbxx_hal_msp.o
 .text.LL_APB2_GRP1_EnableClock
                0x08000c9c       0x32 ./Core/Src/stm32wbxx_hal_msp.o
 .text.HAL_MspInit
                0x08000cce       0x14 ./Core/Src/stm32wbxx_hal_msp.o
                0x08000cce                HAL_MspInit
 *fill*         0x08000ce2        0x2 
 .text.HAL_ADC_MspInit
                0x08000ce4       0xc8 ./Core/Src/stm32wbxx_hal_msp.o
                0x08000ce4                HAL_ADC_MspInit
 .text.HAL_I2C_MspInit
                0x08000dac       0x90 ./Core/Src/stm32wbxx_hal_msp.o
                0x08000dac                HAL_I2C_MspInit
 .text.HAL_TIM_Base_MspInit
                0x08000e3c       0x30 ./Core/Src/stm32wbxx_hal_msp.o
                0x08000e3c                HAL_TIM_Base_MspInit
 .text.HAL_UART_MspInit
                0x08000e6c       0x8c ./Core/Src/stm32wbxx_hal_msp.o
                0x08000e6c                HAL_UART_MspInit
 .text.LL_APB2_GRP1_EnableClock
                0x08000ef8       0x32 ./Core/Src/stm32wbxx_hal_timebase_tim.o
 *fill*         0x08000f2a        0x2 
 .text.HAL_InitTick
                0x08000f2c       0x98 ./Core/Src/stm32wbxx_hal_timebase_tim.o
                0x08000f2c                HAL_InitTick
 .text.NMI_Handler
                0x08000fc4        0x8 ./Core/Src/stm32wbxx_it.o
                0x08000fc4                NMI_Handler
 .text.HardFault_Handler
                0x08000fcc        0x8 ./Core/Src/stm32wbxx_it.o
                0x08000fcc                HardFault_Handler
 .text.MemManage_Handler
                0x08000fd4        0x8 ./Core/Src/stm32wbxx_it.o
                0x08000fd4                MemManage_Handler
 .text.BusFault_Handler
                0x08000fdc        0x8 ./Core/Src/stm32wbxx_it.o
                0x08000fdc                BusFault_Handler
 .text.UsageFault_Handler
                0x08000fe4        0x8 ./Core/Src/stm32wbxx_it.o
                0x08000fe4                UsageFault_Handler
 .text.DebugMon_Handler
                0x08000fec        0xe ./Core/Src/stm32wbxx_it.o
                0x08000fec                DebugMon_Handler
 *fill*         0x08000ffa        0x2 
 .text.DMA1_Channel1_IRQHandler
                0x08000ffc       0x14 ./Core/Src/stm32wbxx_it.o
                0x08000ffc                DMA1_Channel1_IRQHandler
 .text.ADC1_IRQHandler
                0x08001010       0x14 ./Core/Src/stm32wbxx_it.o
                0x08001010                ADC1_IRQHandler
 .text.USB_LP_IRQHandler
                0x08001024       0x14 ./Core/Src/stm32wbxx_it.o
                0x08001024                USB_LP_IRQHandler
 .text.TIM1_UP_TIM16_IRQHandler
                0x08001038       0x14 ./Core/Src/stm32wbxx_it.o
                0x08001038                TIM1_UP_TIM16_IRQHandler
 .text.TIM2_IRQHandler
                0x0800104c       0x14 ./Core/Src/stm32wbxx_it.o
                0x0800104c                TIM2_IRQHandler
 .text._read    0x08001060       0x3a ./Core/Src/syscalls.o
                0x08001060                _read
 .text._write   0x0800109a       0x38 ./Core/Src/syscalls.o
                0x0800109a                _write
 .text._close   0x080010d2       0x18 ./Core/Src/syscalls.o
                0x080010d2                _close
 .text._fstat   0x080010ea       0x20 ./Core/Src/syscalls.o
                0x080010ea                _fstat
 .text._isatty  0x0800110a       0x16 ./Core/Src/syscalls.o
                0x0800110a                _isatty
 .text._lseek   0x08001120       0x1a ./Core/Src/syscalls.o
                0x08001120                _lseek
 *fill*         0x0800113a        0x2 
 .text._sbrk    0x0800113c       0x6c ./Core/Src/sysmem.o
                0x0800113c                _sbrk
 .text.SystemInit
                0x080011a8       0xa4 ./Core/Src/system_stm32wbxx.o
                0x080011a8                SystemInit
 .text.data_initializers
                0x0800124c       0x18 ./Core/Startup/startup_stm32wb55rgvx.o
 .text.Reset_Handler
                0x08001264       0x58 ./Core/Startup/startup_stm32wb55rgvx.o
                0x08001264                Reset_Handler
 .text.Default_Handler
                0x080012bc        0x2 ./Core/Startup/startup_stm32wb55rgvx.o
                0x080012bc                RTC_Alarm_IRQHandler
                0x080012bc                EXTI2_IRQHandler
                0x080012bc                TIM1_CC_IRQHandler
                0x080012bc                TSC_IRQHandler
                0x080012bc                USB_HP_IRQHandler
                0x080012bc                EXTI3_IRQHandler
                0x080012bc                LPTIM2_IRQHandler
                0x080012bc                I2C3_ER_IRQHandler
                0x080012bc                EXTI0_IRQHandler
                0x080012bc                FPU_IRQHandler
                0x080012bc                AES1_IRQHandler
                0x080012bc                SPI1_IRQHandler
                0x080012bc                PWR_SOTF_BLEACT_802ACT_RFPHASE_IRQHandler
                0x080012bc                DMA2_Channel2_IRQHandler
                0x080012bc                DMA1_Channel4_IRQHandler
                0x080012bc                PKA_IRQHandler
                0x080012bc                DMA1_Channel7_IRQHandler
                0x080012bc                LCD_IRQHandler
                0x080012bc                IPCC_C1_TX_IRQHandler
                0x080012bc                DMA2_Channel1_IRQHandler
                0x080012bc                QUADSPI_IRQHandler
                0x080012bc                I2C1_EV_IRQHandler
                0x080012bc                DMAMUX1_OVR_IRQHandler
                0x080012bc                DMA1_Channel6_IRQHandler
                0x080012bc                DMA2_Channel4_IRQHandler
                0x080012bc                RCC_IRQHandler
                0x080012bc                Default_Handler
                0x080012bc                DMA2_Channel7_IRQHandler
                0x080012bc                EXTI15_10_IRQHandler
                0x080012bc                IPCC_C1_RX_IRQHandler
                0x080012bc                C2SEV_PWR_C2H_IRQHandler
                0x080012bc                AES2_IRQHandler
                0x080012bc                I2C3_EV_IRQHandler
                0x080012bc                EXTI9_5_IRQHandler
                0x080012bc                RTC_WKUP_IRQHandler
                0x080012bc                PVD_PVM_IRQHandler
                0x080012bc                SPI2_IRQHandler
                0x080012bc                DMA2_Channel5_IRQHandler
                0x080012bc                CRS_IRQHandler
                0x080012bc                DMA1_Channel5_IRQHandler
                0x080012bc                EXTI4_IRQHandler
                0x080012bc                RNG_IRQHandler
                0x080012bc                TIM1_TRG_COM_TIM17_IRQHandler
                0x080012bc                TAMP_STAMP_LSECSS_IRQHandler
                0x080012bc                DMA1_Channel3_IRQHandler
                0x080012bc                COMP_IRQHandler
                0x080012bc                HSEM_IRQHandler
                0x080012bc                WWDG_IRQHandler
                0x080012bc                LPUART1_IRQHandler
                0x080012bc                DMA2_Channel6_IRQHandler
                0x080012bc                TIM1_BRK_IRQHandler
                0x080012bc                EXTI1_IRQHandler
                0x080012bc                DMA1_Channel2_IRQHandler
                0x080012bc                FLASH_IRQHandler
                0x080012bc                USART1_IRQHandler
                0x080012bc                I2C1_ER_IRQHandler
                0x080012bc                LPTIM1_IRQHandler
                0x080012bc                SAI1_IRQHandler
                0x080012bc                DMA2_Channel3_IRQHandler
 *fill*         0x080012be        0x2 
 .text.HAL_Init
                0x080012c0       0x40 ./Drivers/STM32WBxx_HAL_Driver/Src/stm32wbxx_hal.o
                0x080012c0                HAL_Init
 .text.HAL_IncTick
                0x08001300       0x28 ./Drivers/STM32WBxx_HAL_Driver/Src/stm32wbxx_hal.o
                0x08001300                HAL_IncTick
 .text.HAL_GetTick
                0x08001328       0x18 ./Drivers/STM32WBxx_HAL_Driver/Src/stm32wbxx_hal.o
                0x08001328                HAL_GetTick
 .text.HAL_GetTickPrio
                0x08001340       0x18 ./Drivers/STM32WBxx_HAL_Driver/Src/stm32wbxx_hal.o
                0x08001340                HAL_GetTickPrio
 .text.LL_ADC_SetCommonClock
                0x08001358       0x26 ./Drivers/STM32WBxx_HAL_Driver/Src/stm32wbxx_hal_adc.o
 .text.LL_ADC_SetCommonPathInternalCh
                0x0800137e       0x26 ./Drivers/STM32WBxx_HAL_Driver/Src/stm32wbxx_hal_adc.o
 .text.LL_ADC_GetCommonPathInternalCh
                0x080013a4       0x1c ./Drivers/STM32WBxx_HAL_Driver/Src/stm32wbxx_hal_adc.o
 .text.LL_ADC_SetOffset
                0x080013c0       0x48 ./Drivers/STM32WBxx_HAL_Driver/Src/stm32wbxx_hal_adc.o
 .text.LL_ADC_GetOffsetChannel
                0x08001408       0x2c ./Drivers/STM32WBxx_HAL_Driver/Src/stm32wbxx_hal_adc.o
 .text.LL_ADC_SetOffsetState
                0x08001434       0x36 ./Drivers/STM32WBxx_HAL_Driver/Src/stm32wbxx_hal_adc.o
 .text.LL_ADC_REG_IsTriggerSourceSWStart
                0x0800146a       0x26 ./Drivers/STM32WBxx_HAL_Driver/Src/stm32wbxx_hal_adc.o
 .text.LL_ADC_REG_SetSequencerRanks
                0x08001490       0x58 ./Drivers/STM32WBxx_HAL_Driver/Src/stm32wbxx_hal_adc.o
 .text.LL_ADC_REG_GetDMATransfer
                0x080014e8       0x1c ./Drivers/STM32WBxx_HAL_Driver/Src/stm32wbxx_hal_adc.o
 .text.LL_ADC_INJ_IsTriggerSourceSWStart
                0x08001504       0x26 ./Drivers/STM32WBxx_HAL_Driver/Src/stm32wbxx_hal_adc.o
 .text.LL_ADC_SetChannelSamplingTime
                0x0800152a       0x56 ./Drivers/STM32WBxx_HAL_Driver/Src/stm32wbxx_hal_adc.o
 .text.LL_ADC_SetChannelSingleDiff
                0x08001580       0x48 ./Drivers/STM32WBxx_HAL_Driver/Src/stm32wbxx_hal_adc.o
 .text.LL_ADC_DisableDeepPowerDown
                0x080015c8       0x24 ./Drivers/STM32WBxx_HAL_Driver/Src/stm32wbxx_hal_adc.o
 .text.LL_ADC_IsDeepPowerDownEnabled
                0x080015ec       0x28 ./Drivers/STM32WBxx_HAL_Driver/Src/stm32wbxx_hal_adc.o
 .text.LL_ADC_EnableInternalRegulator
                0x08001614       0x28 ./Drivers/STM32WBxx_HAL_Driver/Src/stm32wbxx_hal_adc.o
 .text.LL_ADC_IsInternalRegulatorEnabled
                0x0800163c       0x28 ./Drivers/STM32WBxx_HAL_Driver/Src/stm32wbxx_hal_adc.o
 .text.LL_ADC_Enable
                0x08001664       0x28 ./Drivers/STM32WBxx_HAL_Driver/Src/stm32wbxx_hal_adc.o
 .text.LL_ADC_IsEnabled
                0x0800168c       0x26 ./Drivers/STM32WBxx_HAL_Driver/Src/stm32wbxx_hal_adc.o
 .text.LL_ADC_REG_StartConversion
                0x080016b2       0x28 ./Drivers/STM32WBxx_HAL_Driver/Src/stm32wbxx_hal_adc.o
 .text.LL_ADC_REG_IsConversionOngoing
                0x080016da       0x26 ./Drivers/STM32WBxx_HAL_Driver/Src/stm32wbxx_hal_adc.o
 .text.LL_ADC_INJ_IsConversionOngoing
                0x08001700       0x26 ./Drivers/STM32WBxx_HAL_Driver/Src/stm32wbxx_hal_adc.o
 *fill*         0x08001726        0x2 
 .text.HAL_ADC_Init
                0x08001728      0x298 ./Drivers/STM32WBxx_HAL_Driver/Src/stm32wbxx_hal_adc.o
                0x08001728                HAL_ADC_Init
 .text.HAL_ADC_Start_DMA
                0x080019c0      0x108 ./Drivers/STM32WBxx_HAL_Driver/Src/stm32wbxx_hal_adc.o
                0x080019c0                HAL_ADC_Start_DMA
 .text.HAL_ADC_IRQHandler
                0x08001ac8      0x36c ./Drivers/STM32WBxx_HAL_Driver/Src/stm32wbxx_hal_adc.o
                0x08001ac8                HAL_ADC_IRQHandler
 .text.HAL_ADC_ConvCpltCallback
                0x08001e34       0x14 ./Drivers/STM32WBxx_HAL_Driver/Src/stm32wbxx_hal_adc.o
                0x08001e34                HAL_ADC_ConvCpltCallback
 .text.HAL_ADC_ConvHalfCpltCallback
                0x08001e48       0x14 ./Drivers/STM32WBxx_HAL_Driver/Src/stm32wbxx_hal_adc.o
                0x08001e48                HAL_ADC_ConvHalfCpltCallback
 .text.HAL_ADC_LevelOutOfWindowCallback
                0x08001e5c       0x14 ./Drivers/STM32WBxx_HAL_Driver/Src/stm32wbxx_hal_adc.o
                0x08001e5c                HAL_ADC_LevelOutOfWindowCallback
 .text.HAL_ADC_ErrorCallback
                0x08001e70       0x14 ./Drivers/STM32WBxx_HAL_Driver/Src/stm32wbxx_hal_adc.o
                0x08001e70                HAL_ADC_ErrorCallback
 .text.HAL_ADC_ConfigChannel
                0x08001e84      0x78c ./Drivers/STM32WBxx_HAL_Driver/Src/stm32wbxx_hal_adc.o
                0x08001e84                HAL_ADC_ConfigChannel
 .text.ADC_Enable
                0x08002610       0xf4 ./Drivers/STM32WBxx_HAL_Driver/Src/stm32wbxx_hal_adc.o
                0x08002610                ADC_Enable
 .text.ADC_DMAConvCplt
                0x08002704       0xd8 ./Drivers/STM32WBxx_HAL_Driver/Src/stm32wbxx_hal_adc.o
                0x08002704                ADC_DMAConvCplt
 .text.ADC_DMAHalfConvCplt
                0x080027dc       0x1c ./Drivers/STM32WBxx_HAL_Driver/Src/stm32wbxx_hal_adc.o
                0x080027dc                ADC_DMAHalfConvCplt
 .text.ADC_DMAError
                0x080027f8       0x34 ./Drivers/STM32WBxx_HAL_Driver/Src/stm32wbxx_hal_adc.o
                0x080027f8                ADC_DMAError
 .text.HAL_ADCEx_InjectedConvCpltCallback
                0x0800282c       0x14 ./Drivers/STM32WBxx_HAL_Driver/Src/stm32wbxx_hal_adc_ex.o
                0x0800282c                HAL_ADCEx_InjectedConvCpltCallback
 .text.HAL_ADCEx_InjectedQueueOverflowCallback
                0x08002840       0x14 ./Drivers/STM32WBxx_HAL_Driver/Src/stm32wbxx_hal_adc_ex.o
                0x08002840                HAL_ADCEx_InjectedQueueOverflowCallback
 .text.HAL_ADCEx_LevelOutOfWindow2Callback
                0x08002854       0x14 ./Drivers/STM32WBxx_HAL_Driver/Src/stm32wbxx_hal_adc_ex.o
                0x08002854                HAL_ADCEx_LevelOutOfWindow2Callback
 .text.HAL_ADCEx_LevelOutOfWindow3Callback
                0x08002868       0x14 ./Drivers/STM32WBxx_HAL_Driver/Src/stm32wbxx_hal_adc_ex.o
                0x08002868                HAL_ADCEx_LevelOutOfWindow3Callback
 .text.HAL_ADCEx_EndOfSamplingCallback
                0x0800287c       0x14 ./Drivers/STM32WBxx_HAL_Driver/Src/stm32wbxx_hal_adc_ex.o
                0x0800287c                HAL_ADCEx_EndOfSamplingCallback
 .text.__NVIC_SetPriorityGrouping
                0x08002890       0x48 ./Drivers/STM32WBxx_HAL_Driver/Src/stm32wbxx_hal_cortex.o
 .text.__NVIC_GetPriorityGrouping
                0x080028d8       0x1c ./Drivers/STM32WBxx_HAL_Driver/Src/stm32wbxx_hal_cortex.o
 .text.__NVIC_EnableIRQ
                0x080028f4       0x3c ./Drivers/STM32WBxx_HAL_Driver/Src/stm32wbxx_hal_cortex.o
 .text.__NVIC_SetPriority
                0x08002930       0x54 ./Drivers/STM32WBxx_HAL_Driver/Src/stm32wbxx_hal_cortex.o
 .text.NVIC_EncodePriority
                0x08002984       0x66 ./Drivers/STM32WBxx_HAL_Driver/Src/stm32wbxx_hal_cortex.o
 .text.HAL_NVIC_SetPriorityGrouping
                0x080029ea       0x16 ./Drivers/STM32WBxx_HAL_Driver/Src/stm32wbxx_hal_cortex.o
                0x080029ea                HAL_NVIC_SetPriorityGrouping
 .text.HAL_NVIC_SetPriority
                0x08002a00       0x34 ./Drivers/STM32WBxx_HAL_Driver/Src/stm32wbxx_hal_cortex.o
                0x08002a00                HAL_NVIC_SetPriority
 .text.HAL_NVIC_EnableIRQ
                0x08002a34       0x1c ./Drivers/STM32WBxx_HAL_Driver/Src/stm32wbxx_hal_cortex.o
                0x08002a34                HAL_NVIC_EnableIRQ
 .text.HAL_DMA_Init
                0x08002a50      0x150 ./Drivers/STM32WBxx_HAL_Driver/Src/stm32wbxx_hal_dma.o
                0x08002a50                HAL_DMA_Init
 .text.HAL_DMA_Start_IT
                0x08002ba0       0xf6 ./Drivers/STM32WBxx_HAL_Driver/Src/stm32wbxx_hal_dma.o
                0x08002ba0                HAL_DMA_Start_IT
 .text.HAL_DMA_IRQHandler
                0x08002c96      0x15e ./Drivers/STM32WBxx_HAL_Driver/Src/stm32wbxx_hal_dma.o
                0x08002c96                HAL_DMA_IRQHandler
 .text.DMA_SetConfig
                0x08002df4       0x7c ./Drivers/STM32WBxx_HAL_Driver/Src/stm32wbxx_hal_dma.o
 .text.DMA_CalcDMAMUXChannelBaseAndMask
                0x08002e70       0x7c ./Drivers/STM32WBxx_HAL_Driver/Src/stm32wbxx_hal_dma.o
 .text.DMA_CalcDMAMUXRequestGenBaseAndMask
                0x08002eec       0x4c ./Drivers/STM32WBxx_HAL_Driver/Src/stm32wbxx_hal_dma.o
 .text.HAL_GPIO_Init
                0x08002f38      0x2e0 ./Drivers/STM32WBxx_HAL_Driver/Src/stm32wbxx_hal_gpio.o
                0x08002f38                HAL_GPIO_Init
 .text.HAL_GPIO_WritePin
                0x08003218       0x30 ./Drivers/STM32WBxx_HAL_Driver/Src/stm32wbxx_hal_gpio.o
                0x08003218                HAL_GPIO_WritePin
 .text.HAL_GPIO_TogglePin
                0x08003248       0x34 ./Drivers/STM32WBxx_HAL_Driver/Src/stm32wbxx_hal_gpio.o
                0x08003248                HAL_GPIO_TogglePin
 .text.HAL_I2C_Init
                0x0800327c      0x136 ./Drivers/STM32WBxx_HAL_Driver/Src/stm32wbxx_hal_i2c.o
                0x0800327c                HAL_I2C_Init
 .text.HAL_I2CEx_ConfigAnalogFilter
                0x080033b2       0x96 ./Drivers/STM32WBxx_HAL_Driver/Src/stm32wbxx_hal_i2c_ex.o
                0x080033b2                HAL_I2CEx_ConfigAnalogFilter
 .text.HAL_I2CEx_ConfigDigitalFilter
                0x08003448       0x98 ./Drivers/STM32WBxx_HAL_Driver/Src/stm32wbxx_hal_i2c_ex.o
                0x08003448                HAL_I2CEx_ConfigDigitalFilter
 .text.HAL_PCD_Init
                0x080034e0      0x19c ./Drivers/STM32WBxx_HAL_Driver/Src/stm32wbxx_hal_pcd.o
                0x080034e0                HAL_PCD_Init
 .text.HAL_PCD_Start
                0x0800367c       0x44 ./Drivers/STM32WBxx_HAL_Driver/Src/stm32wbxx_hal_pcd.o
                0x0800367c                HAL_PCD_Start
 .text.HAL_PCD_IRQHandler
                0x080036c0      0x24e ./Drivers/STM32WBxx_HAL_Driver/Src/stm32wbxx_hal_pcd.o
                0x080036c0                HAL_PCD_IRQHandler
 .text.HAL_PCD_SetAddress
                0x0800390e       0x48 ./Drivers/STM32WBxx_HAL_Driver/Src/stm32wbxx_hal_pcd.o
                0x0800390e                HAL_PCD_SetAddress
 .text.HAL_PCD_EP_Open
                0x08003956       0xba ./Drivers/STM32WBxx_HAL_Driver/Src/stm32wbxx_hal_pcd.o
                0x08003956                HAL_PCD_EP_Open
 .text.HAL_PCD_EP_Close
                0x08003a10       0x90 ./Drivers/STM32WBxx_HAL_Driver/Src/stm32wbxx_hal_pcd.o
                0x08003a10                HAL_PCD_EP_Close
 .text.HAL_PCD_EP_Receive
                0x08003aa0       0x62 ./Drivers/STM32WBxx_HAL_Driver/Src/stm32wbxx_hal_pcd.o
                0x08003aa0                HAL_PCD_EP_Receive
 .text.HAL_PCD_EP_GetRxCount
                0x08003b02       0x30 ./Drivers/STM32WBxx_HAL_Driver/Src/stm32wbxx_hal_pcd.o
                0x08003b02                HAL_PCD_EP_GetRxCount
 .text.HAL_PCD_EP_Transmit
                0x08003b32       0x6e ./Drivers/STM32WBxx_HAL_Driver/Src/stm32wbxx_hal_pcd.o
                0x08003b32                HAL_PCD_EP_Transmit
 .text.HAL_PCD_EP_SetStall
                0x08003ba0       0xa4 ./Drivers/STM32WBxx_HAL_Driver/Src/stm32wbxx_hal_pcd.o
                0x08003ba0                HAL_PCD_EP_SetStall
 .text.HAL_PCD_EP_ClrStall
                0x08003c44       0xa8 ./Drivers/STM32WBxx_HAL_Driver/Src/stm32wbxx_hal_pcd.o
                0x08003c44                HAL_PCD_EP_ClrStall
 .text.PCD_EP_ISR_Handler
                0x08003cec      0x782 ./Drivers/STM32WBxx_HAL_Driver/Src/stm32wbxx_hal_pcd.o
 .text.HAL_PCD_EP_DB_Receive
                0x0800446e      0x212 ./Drivers/STM32WBxx_HAL_Driver/Src/stm32wbxx_hal_pcd.o
 .text.HAL_PCD_EP_DB_Transmit
                0x08004680      0x7ec ./Drivers/STM32WBxx_HAL_Driver/Src/stm32wbxx_hal_pcd.o
 .text.HAL_PCDEx_PMAConfig
                0x08004e6c       0x86 ./Drivers/STM32WBxx_HAL_Driver/Src/stm32wbxx_hal_pcd_ex.o
                0x08004e6c                HAL_PCDEx_PMAConfig
 .text.HAL_PCDEx_ActivateLPM
                0x08004ef2       0x54 ./Drivers/STM32WBxx_HAL_Driver/Src/stm32wbxx_hal_pcd_ex.o
                0x08004ef2                HAL_PCDEx_ActivateLPM
 *fill*         0x08004f46        0x2 
 .text.HAL_PWR_EnableBkUpAccess
                0x08004f48       0x20 ./Drivers/STM32WBxx_HAL_Driver/Src/stm32wbxx_hal_pwr.o
                0x08004f48                HAL_PWR_EnableBkUpAccess
 .text.HAL_PWREx_GetVoltageRange
                0x08004f68       0x1c ./Drivers/STM32WBxx_HAL_Driver/Src/stm32wbxx_hal_pwr_ex.o
                0x08004f68                HAL_PWREx_GetVoltageRange
 .text.HAL_PWREx_EnableVddUSB
                0x08004f84       0x20 ./Drivers/STM32WBxx_HAL_Driver/Src/stm32wbxx_hal_pwr_ex.o
                0x08004f84                HAL_PWREx_EnableVddUSB
 .text.LL_RCC_HSE_IsEnabledDiv2
                0x08004fa4       0x24 ./Drivers/STM32WBxx_HAL_Driver/Src/stm32wbxx_hal_rcc.o
 .text.LL_RCC_HSE_Enable
                0x08004fc8       0x1e ./Drivers/STM32WBxx_HAL_Driver/Src/stm32wbxx_hal_rcc.o
 .text.LL_RCC_HSE_Disable
                0x08004fe6       0x1e ./Drivers/STM32WBxx_HAL_Driver/Src/stm32wbxx_hal_rcc.o
 .text.LL_RCC_HSE_IsReady
                0x08005004       0x24 ./Drivers/STM32WBxx_HAL_Driver/Src/stm32wbxx_hal_rcc.o
 .text.LL_RCC_HSI_Enable
                0x08005028       0x1e ./Drivers/STM32WBxx_HAL_Driver/Src/stm32wbxx_hal_rcc.o
 .text.LL_RCC_HSI_Disable
                0x08005046       0x1e ./Drivers/STM32WBxx_HAL_Driver/Src/stm32wbxx_hal_rcc.o
 .text.LL_RCC_HSI_IsReady
                0x08005064       0x24 ./Drivers/STM32WBxx_HAL_Driver/Src/stm32wbxx_hal_rcc.o
 .text.LL_RCC_HSI_SetCalibTrimming
                0x08005088       0x2a ./Drivers/STM32WBxx_HAL_Driver/Src/stm32wbxx_hal_rcc.o
 .text.LL_RCC_HSI48_Enable
                0x080050b2       0x22 ./Drivers/STM32WBxx_HAL_Driver/Src/stm32wbxx_hal_rcc.o
 .text.LL_RCC_HSI48_Disable
                0x080050d4       0x22 ./Drivers/STM32WBxx_HAL_Driver/Src/stm32wbxx_hal_rcc.o
 .text.LL_RCC_HSI48_IsReady
                0x080050f6       0x24 ./Drivers/STM32WBxx_HAL_Driver/Src/stm32wbxx_hal_rcc.o
 .text.LL_RCC_LSE_Enable
                0x0800511a       0x22 ./Drivers/STM32WBxx_HAL_Driver/Src/stm32wbxx_hal_rcc.o
 .text.LL_RCC_LSE_Disable
                0x0800513c       0x22 ./Drivers/STM32WBxx_HAL_Driver/Src/stm32wbxx_hal_rcc.o
 .text.LL_RCC_LSE_EnableBypass
                0x0800515e       0x22 ./Drivers/STM32WBxx_HAL_Driver/Src/stm32wbxx_hal_rcc.o
 .text.LL_RCC_LSE_DisableBypass
                0x08005180       0x22 ./Drivers/STM32WBxx_HAL_Driver/Src/stm32wbxx_hal_rcc.o
 .text.LL_RCC_LSE_IsReady
                0x080051a2       0x24 ./Drivers/STM32WBxx_HAL_Driver/Src/stm32wbxx_hal_rcc.o
 .text.LL_RCC_LSI1_Enable
                0x080051c6       0x22 ./Drivers/STM32WBxx_HAL_Driver/Src/stm32wbxx_hal_rcc.o
 .text.LL_RCC_LSI1_Disable
                0x080051e8       0x22 ./Drivers/STM32WBxx_HAL_Driver/Src/stm32wbxx_hal_rcc.o
 .text.LL_RCC_LSI1_IsReady
                0x0800520a       0x24 ./Drivers/STM32WBxx_HAL_Driver/Src/stm32wbxx_hal_rcc.o
 .text.LL_RCC_LSI2_Enable
                0x0800522e       0x22 ./Drivers/STM32WBxx_HAL_Driver/Src/stm32wbxx_hal_rcc.o
 .text.LL_RCC_LSI2_Disable
                0x08005250       0x22 ./Drivers/STM32WBxx_HAL_Driver/Src/stm32wbxx_hal_rcc.o
 .text.LL_RCC_LSI2_IsReady
                0x08005272       0x24 ./Drivers/STM32WBxx_HAL_Driver/Src/stm32wbxx_hal_rcc.o
 .text.LL_RCC_LSI2_SetTrimming
                0x08005296       0x2e ./Drivers/STM32WBxx_HAL_Driver/Src/stm32wbxx_hal_rcc.o
 .text.LL_RCC_MSI_Enable
                0x080052c4       0x1e ./Drivers/STM32WBxx_HAL_Driver/Src/stm32wbxx_hal_rcc.o
 .text.LL_RCC_MSI_Disable
                0x080052e2       0x1e ./Drivers/STM32WBxx_HAL_Driver/Src/stm32wbxx_hal_rcc.o
 .text.LL_RCC_MSI_IsReady
                0x08005300       0x22 ./Drivers/STM32WBxx_HAL_Driver/Src/stm32wbxx_hal_rcc.o
 .text.LL_RCC_MSI_SetRange
                0x08005322       0x28 ./Drivers/STM32WBxx_HAL_Driver/Src/stm32wbxx_hal_rcc.o
 .text.LL_RCC_MSI_GetRange
                0x0800534a       0x2a ./Drivers/STM32WBxx_HAL_Driver/Src/stm32wbxx_hal_rcc.o
 .text.LL_RCC_MSI_SetCalibTrimming
                0x08005374       0x2a ./Drivers/STM32WBxx_HAL_Driver/Src/stm32wbxx_hal_rcc.o
 .text.LL_RCC_SetSysClkSource
                0x0800539e       0x28 ./Drivers/STM32WBxx_HAL_Driver/Src/stm32wbxx_hal_rcc.o
 .text.LL_RCC_GetSysClkSource
                0x080053c6       0x18 ./Drivers/STM32WBxx_HAL_Driver/Src/stm32wbxx_hal_rcc.o
 .text.LL_RCC_SetAHBPrescaler
                0x080053de       0x28 ./Drivers/STM32WBxx_HAL_Driver/Src/stm32wbxx_hal_rcc.o
 .text.LL_C2_RCC_SetAHBPrescaler
                0x08005406       0x2c ./Drivers/STM32WBxx_HAL_Driver/Src/stm32wbxx_hal_rcc.o
 .text.LL_RCC_SetAHB4Prescaler
                0x08005432       0x2e ./Drivers/STM32WBxx_HAL_Driver/Src/stm32wbxx_hal_rcc.o
 .text.LL_RCC_SetAPB1Prescaler
                0x08005460       0x28 ./Drivers/STM32WBxx_HAL_Driver/Src/stm32wbxx_hal_rcc.o
 .text.LL_RCC_SetAPB2Prescaler
                0x08005488       0x28 ./Drivers/STM32WBxx_HAL_Driver/Src/stm32wbxx_hal_rcc.o
 .text.LL_RCC_GetAHBPrescaler
                0x080054b0       0x18 ./Drivers/STM32WBxx_HAL_Driver/Src/stm32wbxx_hal_rcc.o
 .text.LL_C2_RCC_GetAHBPrescaler
                0x080054c8       0x1a ./Drivers/STM32WBxx_HAL_Driver/Src/stm32wbxx_hal_rcc.o
 .text.LL_RCC_GetAHB4Prescaler
                0x080054e2       0x1c ./Drivers/STM32WBxx_HAL_Driver/Src/stm32wbxx_hal_rcc.o
 .text.LL_RCC_GetAPB1Prescaler
                0x080054fe       0x18 ./Drivers/STM32WBxx_HAL_Driver/Src/stm32wbxx_hal_rcc.o
 .text.LL_RCC_GetAPB2Prescaler
                0x08005516       0x18 ./Drivers/STM32WBxx_HAL_Driver/Src/stm32wbxx_hal_rcc.o
 .text.LL_RCC_PLL_Enable
                0x0800552e       0x1e ./Drivers/STM32WBxx_HAL_Driver/Src/stm32wbxx_hal_rcc.o
 .text.LL_RCC_PLL_Disable
                0x0800554c       0x1e ./Drivers/STM32WBxx_HAL_Driver/Src/stm32wbxx_hal_rcc.o
 .text.LL_RCC_PLL_IsReady
                0x0800556a       0x24 ./Drivers/STM32WBxx_HAL_Driver/Src/stm32wbxx_hal_rcc.o
 .text.LL_RCC_PLL_GetN
                0x0800558e       0x1a ./Drivers/STM32WBxx_HAL_Driver/Src/stm32wbxx_hal_rcc.o
 .text.LL_RCC_PLL_GetR
                0x080055a8       0x18 ./Drivers/STM32WBxx_HAL_Driver/Src/stm32wbxx_hal_rcc.o
 .text.LL_RCC_PLL_GetDivider
                0x080055c0       0x18 ./Drivers/STM32WBxx_HAL_Driver/Src/stm32wbxx_hal_rcc.o
 .text.LL_RCC_PLL_GetMainSource
                0x080055d8       0x18 ./Drivers/STM32WBxx_HAL_Driver/Src/stm32wbxx_hal_rcc.o
 .text.LL_RCC_IsActiveFlag_HPRE
                0x080055f0       0x24 ./Drivers/STM32WBxx_HAL_Driver/Src/stm32wbxx_hal_rcc.o
 .text.LL_RCC_IsActiveFlag_C2HPRE
                0x08005614       0x26 ./Drivers/STM32WBxx_HAL_Driver/Src/stm32wbxx_hal_rcc.o
 .text.LL_RCC_IsActiveFlag_SHDHPRE
                0x0800563a       0x26 ./Drivers/STM32WBxx_HAL_Driver/Src/stm32wbxx_hal_rcc.o
 .text.LL_RCC_IsActiveFlag_PPRE1
                0x08005660       0x24 ./Drivers/STM32WBxx_HAL_Driver/Src/stm32wbxx_hal_rcc.o
 .text.LL_RCC_IsActiveFlag_PPRE2
                0x08005684       0x24 ./Drivers/STM32WBxx_HAL_Driver/Src/stm32wbxx_hal_rcc.o
 .text.HAL_RCC_OscConfig
                0x080056a8      0x6e8 ./Drivers/STM32WBxx_HAL_Driver/Src/stm32wbxx_hal_rcc.o
                0x080056a8                HAL_RCC_OscConfig
 .text.HAL_RCC_ClockConfig
                0x08005d90      0x280 ./Drivers/STM32WBxx_HAL_Driver/Src/stm32wbxx_hal_rcc.o
                0x08005d90                HAL_RCC_ClockConfig
 .text.HAL_RCC_GetSysClockFreq
                0x08006010       0xd8 ./Drivers/STM32WBxx_HAL_Driver/Src/stm32wbxx_hal_rcc.o
                0x08006010                HAL_RCC_GetSysClockFreq
 .text.HAL_RCC_GetHCLKFreq
                0x080060e8       0x28 ./Drivers/STM32WBxx_HAL_Driver/Src/stm32wbxx_hal_rcc.o
                0x080060e8                HAL_RCC_GetHCLKFreq
 .text.HAL_RCC_GetPCLK1Freq
                0x08006110       0x2c ./Drivers/STM32WBxx_HAL_Driver/Src/stm32wbxx_hal_rcc.o
                0x08006110                HAL_RCC_GetPCLK1Freq
 .text.HAL_RCC_GetPCLK2Freq
                0x0800613c       0x2c ./Drivers/STM32WBxx_HAL_Driver/Src/stm32wbxx_hal_rcc.o
                0x0800613c                HAL_RCC_GetPCLK2Freq
 .text.HAL_RCC_GetClockConfig
                0x08006168       0x64 ./Drivers/STM32WBxx_HAL_Driver/Src/stm32wbxx_hal_rcc.o
                0x08006168                HAL_RCC_GetClockConfig
 .text.RCC_SetFlashLatencyFromMSIRange
                0x080061cc       0x70 ./Drivers/STM32WBxx_HAL_Driver/Src/stm32wbxx_hal_rcc.o
 .text.RCC_SetFlashLatency
                0x0800623c       0xf8 ./Drivers/STM32WBxx_HAL_Driver/Src/stm32wbxx_hal_rcc.o
 .text.LL_RCC_LSE_IsEnabled
                0x08006334       0x24 ./Drivers/STM32WBxx_HAL_Driver/Src/stm32wbxx_hal_rcc_ex.o
 .text.LL_RCC_LSE_IsReady
                0x08006358       0x24 ./Drivers/STM32WBxx_HAL_Driver/Src/stm32wbxx_hal_rcc_ex.o
 .text.LL_RCC_SetRFWKPClockSource
                0x0800637c       0x2c ./Drivers/STM32WBxx_HAL_Driver/Src/stm32wbxx_hal_rcc_ex.o
 .text.LL_RCC_SetSMPSClockSource
                0x080063a8       0x28 ./Drivers/STM32WBxx_HAL_Driver/Src/stm32wbxx_hal_rcc_ex.o
 .text.LL_RCC_SetSMPSPrescaler
                0x080063d0       0x28 ./Drivers/STM32WBxx_HAL_Driver/Src/stm32wbxx_hal_rcc_ex.o
 .text.LL_RCC_SetUSARTClockSource
                0x080063f8       0x2c ./Drivers/STM32WBxx_HAL_Driver/Src/stm32wbxx_hal_rcc_ex.o
 .text.LL_RCC_SetLPUARTClockSource
                0x08006424       0x2c ./Drivers/STM32WBxx_HAL_Driver/Src/stm32wbxx_hal_rcc_ex.o
 .text.LL_RCC_SetI2CClockSource
                0x08006450       0x3a ./Drivers/STM32WBxx_HAL_Driver/Src/stm32wbxx_hal_rcc_ex.o
 .text.LL_RCC_SetLPTIMClockSource
                0x0800648a       0x34 ./Drivers/STM32WBxx_HAL_Driver/Src/stm32wbxx_hal_rcc_ex.o
 .text.LL_RCC_SetSAIClockSource
                0x080064be       0x2c ./Drivers/STM32WBxx_HAL_Driver/Src/stm32wbxx_hal_rcc_ex.o
 .text.LL_RCC_SetRNGClockSource
                0x080064ea       0x2c ./Drivers/STM32WBxx_HAL_Driver/Src/stm32wbxx_hal_rcc_ex.o
 .text.LL_RCC_SetCLK48ClockSource
                0x08006516       0x2c ./Drivers/STM32WBxx_HAL_Driver/Src/stm32wbxx_hal_rcc_ex.o
 .text.LL_RCC_SetUSBClockSource
                0x08006542       0x16 ./Drivers/STM32WBxx_HAL_Driver/Src/stm32wbxx_hal_rcc_ex.o
 .text.LL_RCC_SetADCClockSource
                0x08006558       0x2c ./Drivers/STM32WBxx_HAL_Driver/Src/stm32wbxx_hal_rcc_ex.o
 .text.LL_RCC_SetRTCClockSource
                0x08006584       0x2c ./Drivers/STM32WBxx_HAL_Driver/Src/stm32wbxx_hal_rcc_ex.o
 .text.LL_RCC_GetRTCClockSource
                0x080065b0       0x1a ./Drivers/STM32WBxx_HAL_Driver/Src/stm32wbxx_hal_rcc_ex.o
 .text.LL_RCC_ForceBackupDomainReset
                0x080065ca       0x22 ./Drivers/STM32WBxx_HAL_Driver/Src/stm32wbxx_hal_rcc_ex.o
 .text.LL_RCC_ReleaseBackupDomainReset
                0x080065ec       0x22 ./Drivers/STM32WBxx_HAL_Driver/Src/stm32wbxx_hal_rcc_ex.o
 .text.LL_RCC_PLLSAI1_Enable
                0x0800660e       0x1e ./Drivers/STM32WBxx_HAL_Driver/Src/stm32wbxx_hal_rcc_ex.o
 .text.LL_RCC_PLLSAI1_Disable
                0x0800662c       0x1e ./Drivers/STM32WBxx_HAL_Driver/Src/stm32wbxx_hal_rcc_ex.o
 .text.LL_RCC_PLLSAI1_IsReady
                0x0800664a       0x24 ./Drivers/STM32WBxx_HAL_Driver/Src/stm32wbxx_hal_rcc_ex.o
 .text.HAL_RCCEx_PeriphCLKConfig
                0x0800666e      0x2ec ./Drivers/STM32WBxx_HAL_Driver/Src/stm32wbxx_hal_rcc_ex.o
                0x0800666e                HAL_RCCEx_PeriphCLKConfig
 .text.RCCEx_PLLSAI1_ConfigNP
                0x0800695a       0xb6 ./Drivers/STM32WBxx_HAL_Driver/Src/stm32wbxx_hal_rcc_ex.o
 .text.RCCEx_PLLSAI1_ConfigNQ
                0x08006a10       0xb6 ./Drivers/STM32WBxx_HAL_Driver/Src/stm32wbxx_hal_rcc_ex.o
 .text.RCCEx_PLLSAI1_ConfigNR
                0x08006ac6       0xb6 ./Drivers/STM32WBxx_HAL_Driver/Src/stm32wbxx_hal_rcc_ex.o
 .text.HAL_TIM_Base_Init
                0x08006b7c       0xae ./Drivers/STM32WBxx_HAL_Driver/Src/stm32wbxx_hal_tim.o
                0x08006b7c                HAL_TIM_Base_Init
 *fill*         0x08006c2a        0x2 
 .text.HAL_TIM_Base_Start_IT
                0x08006c2c       0x9c ./Drivers/STM32WBxx_HAL_Driver/Src/stm32wbxx_hal_tim.o
                0x08006c2c                HAL_TIM_Base_Start_IT
 .text.HAL_TIM_IRQHandler
                0x08006cc8      0x20e ./Drivers/STM32WBxx_HAL_Driver/Src/stm32wbxx_hal_tim.o
                0x08006cc8                HAL_TIM_IRQHandler
 .text.HAL_TIM_ConfigClockSource
                0x08006ed6      0x192 ./Drivers/STM32WBxx_HAL_Driver/Src/stm32wbxx_hal_tim.o
                0x08006ed6                HAL_TIM_ConfigClockSource
 .text.HAL_TIM_OC_DelayElapsedCallback
                0x08007068       0x14 ./Drivers/STM32WBxx_HAL_Driver/Src/stm32wbxx_hal_tim.o
                0x08007068                HAL_TIM_OC_DelayElapsedCallback
 .text.HAL_TIM_IC_CaptureCallback
                0x0800707c       0x14 ./Drivers/STM32WBxx_HAL_Driver/Src/stm32wbxx_hal_tim.o
                0x0800707c                HAL_TIM_IC_CaptureCallback
 .text.HAL_TIM_PWM_PulseFinishedCallback
                0x08007090       0x14 ./Drivers/STM32WBxx_HAL_Driver/Src/stm32wbxx_hal_tim.o
                0x08007090                HAL_TIM_PWM_PulseFinishedCallback
 .text.HAL_TIM_TriggerCallback
                0x080070a4       0x14 ./Drivers/STM32WBxx_HAL_Driver/Src/stm32wbxx_hal_tim.o
                0x080070a4                HAL_TIM_TriggerCallback
 .text.TIM_Base_SetConfig
                0x080070b8       0xe0 ./Drivers/STM32WBxx_HAL_Driver/Src/stm32wbxx_hal_tim.o
                0x080070b8                TIM_Base_SetConfig
 .text.TIM_TI1_ConfigInputStage
                0x08007198       0x5e ./Drivers/STM32WBxx_HAL_Driver/Src/stm32wbxx_hal_tim.o
 .text.TIM_TI2_ConfigInputStage
                0x080071f6       0x60 ./Drivers/STM32WBxx_HAL_Driver/Src/stm32wbxx_hal_tim.o
 .text.TIM_ITRx_SetConfig
                0x08007256       0x3a ./Drivers/STM32WBxx_HAL_Driver/Src/stm32wbxx_hal_tim.o
 .text.TIM_ETR_SetConfig
                0x08007290       0x40 ./Drivers/STM32WBxx_HAL_Driver/Src/stm32wbxx_hal_tim.o
                0x08007290                TIM_ETR_SetConfig
 .text.HAL_TIMEx_MasterConfigSynchronization
                0x080072d0       0xc0 ./Drivers/STM32WBxx_HAL_Driver/Src/stm32wbxx_hal_tim_ex.o
                0x080072d0                HAL_TIMEx_MasterConfigSynchronization
 .text.HAL_TIMEx_CommutCallback
                0x08007390       0x14 ./Drivers/STM32WBxx_HAL_Driver/Src/stm32wbxx_hal_tim_ex.o
                0x08007390                HAL_TIMEx_CommutCallback
 .text.HAL_TIMEx_BreakCallback
                0x080073a4       0x14 ./Drivers/STM32WBxx_HAL_Driver/Src/stm32wbxx_hal_tim_ex.o
                0x080073a4                HAL_TIMEx_BreakCallback
 .text.HAL_TIMEx_Break2Callback
                0x080073b8       0x14 ./Drivers/STM32WBxx_HAL_Driver/Src/stm32wbxx_hal_tim_ex.o
                0x080073b8                HAL_TIMEx_Break2Callback
 .text.LL_RCC_GetUSARTClockSource
                0x080073cc       0x20 ./Drivers/STM32WBxx_HAL_Driver/Src/stm32wbxx_hal_uart.o
 .text.LL_RCC_GetLPUARTClockSource
                0x080073ec       0x20 ./Drivers/STM32WBxx_HAL_Driver/Src/stm32wbxx_hal_uart.o
 .text.HAL_UART_Init
                0x0800740c       0xa0 ./Drivers/STM32WBxx_HAL_Driver/Src/stm32wbxx_hal_uart.o
                0x0800740c                HAL_UART_Init
 .text.UART_SetConfig
                0x080074ac      0x450 ./Drivers/STM32WBxx_HAL_Driver/Src/stm32wbxx_hal_uart.o
                0x080074ac                UART_SetConfig
 .text.UART_AdvFeatureConfig
                0x080078fc      0x144 ./Drivers/STM32WBxx_HAL_Driver/Src/stm32wbxx_hal_uart.o
                0x080078fc                UART_AdvFeatureConfig
 .text.UART_CheckIdleState
                0x08007a40      0x154 ./Drivers/STM32WBxx_HAL_Driver/Src/stm32wbxx_hal_uart.o
                0x08007a40                UART_CheckIdleState
 .text.UART_WaitOnFlagUntilTimeout
                0x08007b94       0xda ./Drivers/STM32WBxx_HAL_Driver/Src/stm32wbxx_hal_uart.o
                0x08007b94                UART_WaitOnFlagUntilTimeout
 .text.UART_EndRxTransfer
                0x08007c6e       0xcc ./Drivers/STM32WBxx_HAL_Driver/Src/stm32wbxx_hal_uart.o
 .text.HAL_UARTEx_DisableFifoMode
                0x08007d3a       0x72 ./Drivers/STM32WBxx_HAL_Driver/Src/stm32wbxx_hal_uart_ex.o
                0x08007d3a                HAL_UARTEx_DisableFifoMode
 .text.HAL_UARTEx_SetTxFifoThreshold
                0x08007dac       0x7c ./Drivers/STM32WBxx_HAL_Driver/Src/stm32wbxx_hal_uart_ex.o
                0x08007dac                HAL_UARTEx_SetTxFifoThreshold
 .text.HAL_UARTEx_SetRxFifoThreshold
                0x08007e28       0x7c ./Drivers/STM32WBxx_HAL_Driver/Src/stm32wbxx_hal_uart_ex.o
                0x08007e28                HAL_UARTEx_SetRxFifoThreshold
 .text.UARTEx_SetNbDataToProcess
                0x08007ea4       0x9c ./Drivers/STM32WBxx_HAL_Driver/Src/stm32wbxx_hal_uart_ex.o
 .text.USB_EnableGlobalInt
                0x08007f40       0x2e ./Drivers/STM32WBxx_HAL_Driver/Src/stm32wbxx_ll_usb.o
                0x08007f40                USB_EnableGlobalInt
 .text.USB_DisableGlobalInt
                0x08007f6e       0x36 ./Drivers/STM32WBxx_HAL_Driver/Src/stm32wbxx_ll_usb.o
                0x08007f6e                USB_DisableGlobalInt
 .text.USB_DevInit
                0x08007fa4       0x3c ./Drivers/STM32WBxx_HAL_Driver/Src/stm32wbxx_ll_usb.o
                0x08007fa4                USB_DevInit
 .text.USB_ActivateEndpoint
                0x08007fe0      0x788 ./Drivers/STM32WBxx_HAL_Driver/Src/stm32wbxx_ll_usb.o
                0x08007fe0                USB_ActivateEndpoint
 .text.USB_DeactivateEndpoint
                0x08008768      0x3da ./Drivers/STM32WBxx_HAL_Driver/Src/stm32wbxx_ll_usb.o
                0x08008768                USB_DeactivateEndpoint
 .text.USB_EPStartXfer
                0x08008b42     0x1762 ./Drivers/STM32WBxx_HAL_Driver/Src/stm32wbxx_ll_usb.o
                0x08008b42                USB_EPStartXfer
 .text.USB_EPSetStall
                0x0800a2a4       0xa2 ./Drivers/STM32WBxx_HAL_Driver/Src/stm32wbxx_ll_usb.o
                0x0800a2a4                USB_EPSetStall
 .text.USB_EPClearStall
                0x0800a346      0x15c ./Drivers/STM32WBxx_HAL_Driver/Src/stm32wbxx_ll_usb.o
                0x0800a346                USB_EPClearStall
 .text.USB_SetDevAddress
                0x0800a4a2       0x28 ./Drivers/STM32WBxx_HAL_Driver/Src/stm32wbxx_ll_usb.o
                0x0800a4a2                USB_SetDevAddress
 .text.USB_DevConnect
                0x0800a4ca       0x2e ./Drivers/STM32WBxx_HAL_Driver/Src/stm32wbxx_ll_usb.o
                0x0800a4ca                USB_DevConnect
 .text.USB_ReadInterrupts
                0x0800a4f8       0x20 ./Drivers/STM32WBxx_HAL_Driver/Src/stm32wbxx_ll_usb.o
                0x0800a4f8                USB_ReadInterrupts
 .text.USB_WritePMA
                0x0800a518       0x86 ./Drivers/STM32WBxx_HAL_Driver/Src/stm32wbxx_ll_usb.o
                0x0800a518                USB_WritePMA
 .text.USB_ReadPMA
                0x0800a59e       0x98 ./Drivers/STM32WBxx_HAL_Driver/Src/stm32wbxx_ll_usb.o
                0x0800a59e                USB_ReadPMA
 *fill*         0x0800a636        0x2 
 .text.USBD_CDC_Init
                0x0800a638      0x1f0 ./Middlewares/ST/STM32_USB_Device_Library/Class/CDC/Src/usbd_cdc.o
 .text.USBD_CDC_DeInit
                0x0800a828      0x104 ./Middlewares/ST/STM32_USB_Device_Library/Class/CDC/Src/usbd_cdc.o
 .text.USBD_CDC_Setup
                0x0800a92c      0x1b8 ./Middlewares/ST/STM32_USB_Device_Library/Class/CDC/Src/usbd_cdc.o
 .text.USBD_CDC_DataIn
                0x0800aae4       0xfe ./Middlewares/ST/STM32_USB_Device_Library/Class/CDC/Src/usbd_cdc.o
 .text.USBD_CDC_DataOut
                0x0800abe2       0x70 ./Middlewares/ST/STM32_USB_Device_Library/Class/CDC/Src/usbd_cdc.o
 .text.USBD_CDC_EP0_RxReady
                0x0800ac52       0x74 ./Middlewares/ST/STM32_USB_Device_Library/Class/CDC/Src/usbd_cdc.o
 *fill*         0x0800acc6        0x2 
 .text.USBD_CDC_GetFSCfgDesc
                0x0800acc8       0x70 ./Middlewares/ST/STM32_USB_Device_Library/Class/CDC/Src/usbd_cdc.o
 .text.USBD_CDC_GetHSCfgDesc
                0x0800ad38       0x70 ./Middlewares/ST/STM32_USB_Device_Library/Class/CDC/Src/usbd_cdc.o
 .text.USBD_CDC_GetOtherSpeedCfgDesc
                0x0800ada8       0x70 ./Middlewares/ST/STM32_USB_Device_Library/Class/CDC/Src/usbd_cdc.o
 .text.USBD_CDC_GetDeviceQualifierDescriptor
                0x0800ae18       0x20 ./Middlewares/ST/STM32_USB_Device_Library/Class/CDC/Src/usbd_cdc.o
                0x0800ae18                USBD_CDC_GetDeviceQualifierDescriptor
 .text.USBD_CDC_RegisterInterface
                0x0800ae38       0x34 ./Middlewares/ST/STM32_USB_Device_Library/Class/CDC/Src/usbd_cdc.o
                0x0800ae38                USBD_CDC_RegisterInterface
 .text.USBD_CDC_SetTxBuffer
                0x0800ae6c       0x44 ./Middlewares/ST/STM32_USB_Device_Library/Class/CDC/Src/usbd_cdc.o
                0x0800ae6c                USBD_CDC_SetTxBuffer
 .text.USBD_CDC_SetRxBuffer
                0x0800aeb0       0x3a ./Middlewares/ST/STM32_USB_Device_Library/Class/CDC/Src/usbd_cdc.o
                0x0800aeb0                USBD_CDC_SetRxBuffer
 *fill*         0x0800aeea        0x2 
 .text.USBD_CDC_TransmitPacket
                0x0800aeec       0x80 ./Middlewares/ST/STM32_USB_Device_Library/Class/CDC/Src/usbd_cdc.o
                0x0800aeec                USBD_CDC_TransmitPacket
 .text.USBD_CDC_ReceivePacket
                0x0800af6c       0x6c ./Middlewares/ST/STM32_USB_Device_Library/Class/CDC/Src/usbd_cdc.o
                0x0800af6c                USBD_CDC_ReceivePacket
 .text.USBD_Init
                0x0800afd8       0x7c ./Middlewares/ST/STM32_USB_Device_Library/Core/Src/usbd_core.o
                0x0800afd8                USBD_Init
 .text.USBD_RegisterClass
                0x0800b054       0x88 ./Middlewares/ST/STM32_USB_Device_Library/Core/Src/usbd_core.o
                0x0800b054                USBD_RegisterClass
 .text.USBD_Start
                0x0800b0dc       0x18 ./Middlewares/ST/STM32_USB_Device_Library/Core/Src/usbd_core.o
                0x0800b0dc                USBD_Start
 .text.USBD_RunTestMode
                0x0800b0f4       0x16 ./Middlewares/ST/STM32_USB_Device_Library/Core/Src/usbd_core.o
                0x0800b0f4                USBD_RunTestMode
 .text.USBD_SetClassConfig
                0x0800b10a       0x38 ./Middlewares/ST/STM32_USB_Device_Library/Core/Src/usbd_core.o
                0x0800b10a                USBD_SetClassConfig
 .text.USBD_ClrClassConfig
                0x0800b142       0x34 ./Middlewares/ST/STM32_USB_Device_Library/Core/Src/usbd_core.o
                0x0800b142                USBD_ClrClassConfig
 .text.USBD_LL_SetupStage
                0x0800b176       0xaa ./Middlewares/ST/STM32_USB_Device_Library/Core/Src/usbd_core.o
                0x0800b176                USBD_LL_SetupStage
 .text.USBD_LL_DataOutStage
                0x0800b220      0x166 ./Middlewares/ST/STM32_USB_Device_Library/Core/Src/usbd_core.o
                0x0800b220                USBD_LL_DataOutStage
 .text.USBD_LL_DataInStage
                0x0800b386      0x164 ./Middlewares/ST/STM32_USB_Device_Library/Core/Src/usbd_core.o
                0x0800b386                USBD_LL_DataInStage
 .text.USBD_LL_Reset
                0x0800b4ea       0xa4 ./Middlewares/ST/STM32_USB_Device_Library/Core/Src/usbd_core.o
                0x0800b4ea                USBD_LL_Reset
 .text.USBD_LL_SetSpeed
                0x0800b58e       0x20 ./Middlewares/ST/STM32_USB_Device_Library/Core/Src/usbd_core.o
                0x0800b58e                USBD_LL_SetSpeed
 .text.USBD_LL_Suspend
                0x0800b5ae       0x38 ./Middlewares/ST/STM32_USB_Device_Library/Core/Src/usbd_core.o
                0x0800b5ae                USBD_LL_Suspend
 .text.USBD_LL_Resume
                0x0800b5e6       0x30 ./Middlewares/ST/STM32_USB_Device_Library/Core/Src/usbd_core.o
                0x0800b5e6                USBD_LL_Resume
 .text.USBD_LL_SOF
                0x0800b616       0x40 ./Middlewares/ST/STM32_USB_Device_Library/Core/Src/usbd_core.o
                0x0800b616                USBD_LL_SOF
 .text.USBD_CoreFindIF
                0x0800b656       0x1a ./Middlewares/ST/STM32_USB_Device_Library/Core/Src/usbd_core.o
                0x0800b656                USBD_CoreFindIF
 .text.USBD_CoreFindEP
                0x0800b670       0x1a ./Middlewares/ST/STM32_USB_Device_Library/Core/Src/usbd_core.o
                0x0800b670                USBD_CoreFindEP
 .text.USBD_GetEpDesc
                0x0800b68a       0x70 ./Middlewares/ST/STM32_USB_Device_Library/Core/Src/usbd_core.o
                0x0800b68a                USBD_GetEpDesc
 .text.USBD_GetNextDesc
                0x0800b6fa       0x38 ./Middlewares/ST/STM32_USB_Device_Library/Core/Src/usbd_core.o
                0x0800b6fa                USBD_GetNextDesc
 .text.SWAPBYTE
                0x0800b732       0x3e ./Middlewares/ST/STM32_USB_Device_Library/Core/Src/usbd_ctlreq.o
 .text.USBD_StdDevReq
                0x0800b770       0xe4 ./Middlewares/ST/STM32_USB_Device_Library/Core/Src/usbd_ctlreq.o
                0x0800b770                USBD_StdDevReq
 .text.USBD_StdItfReq
                0x0800b854       0xd8 ./Middlewares/ST/STM32_USB_Device_Library/Core/Src/usbd_ctlreq.o
                0x0800b854                USBD_StdItfReq
 .text.USBD_StdEPReq
                0x0800b92c      0x33a ./Middlewares/ST/STM32_USB_Device_Library/Core/Src/usbd_ctlreq.o
                0x0800b92c                USBD_StdEPReq
 *fill*         0x0800bc66        0x2 
 .text.USBD_GetDescriptor
                0x0800bc68      0x328 ./Middlewares/ST/STM32_USB_Device_Library/Core/Src/usbd_ctlreq.o
 .text.USBD_SetAddress
                0x0800bf90       0x88 ./Middlewares/ST/STM32_USB_Device_Library/Core/Src/usbd_ctlreq.o
 .text.USBD_SetConfig
                0x0800c018      0x154 ./Middlewares/ST/STM32_USB_Device_Library/Core/Src/usbd_ctlreq.o
 .text.USBD_GetConfig
                0x0800c16c       0x6c ./Middlewares/ST/STM32_USB_Device_Library/Core/Src/usbd_ctlreq.o
 .text.USBD_GetStatus
                0x0800c1d8       0x68 ./Middlewares/ST/STM32_USB_Device_Library/Core/Src/usbd_ctlreq.o
 .text.USBD_SetFeature
                0x0800c240       0x52 ./Middlewares/ST/STM32_USB_Device_Library/Core/Src/usbd_ctlreq.o
 .text.USBD_ClrFeature
                0x0800c292       0x44 ./Middlewares/ST/STM32_USB_Device_Library/Core/Src/usbd_ctlreq.o
 .text.USBD_ParseSetupRequest
                0x0800c2d6       0x74 ./Middlewares/ST/STM32_USB_Device_Library/Core/Src/usbd_ctlreq.o
                0x0800c2d6                USBD_ParseSetupRequest
 .text.USBD_CtlError
                0x0800c34a       0x22 ./Middlewares/ST/STM32_USB_Device_Library/Core/Src/usbd_ctlreq.o
                0x0800c34a                USBD_CtlError
 .text.USBD_GetString
                0x0800c36c       0xa4 ./Middlewares/ST/STM32_USB_Device_Library/Core/Src/usbd_ctlreq.o
                0x0800c36c                USBD_GetString
 .text.USBD_GetLen
                0x0800c410       0x34 ./Middlewares/ST/STM32_USB_Device_Library/Core/Src/usbd_ctlreq.o
 .text.USBD_CtlSendData
                0x0800c444       0x36 ./Middlewares/ST/STM32_USB_Device_Library/Core/Src/usbd_ioreq.o
                0x0800c444                USBD_CtlSendData
 .text.USBD_CtlContinueSendData
                0x0800c47a       0x22 ./Middlewares/ST/STM32_USB_Device_Library/Core/Src/usbd_ioreq.o
                0x0800c47a                USBD_CtlContinueSendData
 .text.USBD_CtlPrepareRx
                0x0800c49c       0x3a ./Middlewares/ST/STM32_USB_Device_Library/Core/Src/usbd_ioreq.o
                0x0800c49c                USBD_CtlPrepareRx
 .text.USBD_CtlContinueRx
                0x0800c4d6       0x22 ./Middlewares/ST/STM32_USB_Device_Library/Core/Src/usbd_ioreq.o
                0x0800c4d6                USBD_CtlContinueRx
 .text.USBD_CtlSendStatus
                0x0800c4f8       0x26 ./Middlewares/ST/STM32_USB_Device_Library/Core/Src/usbd_ioreq.o
                0x0800c4f8                USBD_CtlSendStatus
 .text.USBD_CtlReceiveStatus
                0x0800c51e       0x26 ./Middlewares/ST/STM32_USB_Device_Library/Core/Src/usbd_ioreq.o
                0x0800c51e                USBD_CtlReceiveStatus
 .text.__NVIC_SetPriority
                0x0800c544       0x54 ./Middlewares/Third_Party/FreeRTOS/Source/CMSIS_RTOS_V2/cmsis_os2.o
 .text.SysTick_Handler
                0x0800c598       0x20 ./Middlewares/Third_Party/FreeRTOS/Source/CMSIS_RTOS_V2/cmsis_os2.o
                0x0800c598                SysTick_Handler
 .text.SVC_Setup
                0x0800c5b8       0x12 ./Middlewares/Third_Party/FreeRTOS/Source/CMSIS_RTOS_V2/cmsis_os2.o
 *fill*         0x0800c5ca        0x2 
 .text.osKernelInitialize
                0x0800c5cc       0x48 ./Middlewares/Third_Party/FreeRTOS/Source/CMSIS_RTOS_V2/cmsis_os2.o
                0x0800c5cc                osKernelInitialize
 .text.osKernelStart
                0x0800c614       0x4c ./Middlewares/Third_Party/FreeRTOS/Source/CMSIS_RTOS_V2/cmsis_os2.o
                0x0800c614                osKernelStart
 .text.osThreadNew
                0x0800c660      0x124 ./Middlewares/Third_Party/FreeRTOS/Source/CMSIS_RTOS_V2/cmsis_os2.o
                0x0800c660                osThreadNew
 .text.osThreadFlagsSet
                0x0800c784       0x9c ./Middlewares/Third_Party/FreeRTOS/Source/CMSIS_RTOS_V2/cmsis_os2.o
                0x0800c784                osThreadFlagsSet
 .text.osThreadFlagsWait
                0x0800c820      0x102 ./Middlewares/Third_Party/FreeRTOS/Source/CMSIS_RTOS_V2/cmsis_os2.o
                0x0800c820                osThreadFlagsWait
 .text.osMutexNew
                0x0800c922      0x10c ./Middlewares/Third_Party/FreeRTOS/Source/CMSIS_RTOS_V2/cmsis_os2.o
                0x0800c922                osMutexNew
 .text.osMutexAcquire
                0x0800ca2e       0x96 ./Middlewares/Third_Party/FreeRTOS/Source/CMSIS_RTOS_V2/cmsis_os2.o
                0x0800ca2e                osMutexAcquire
 .text.osMutexRelease
                0x0800cac4       0x7a ./Middlewares/Third_Party/FreeRTOS/Source/CMSIS_RTOS_V2/cmsis_os2.o
                0x0800cac4                osMutexRelease
 .text.osMessageQueueNew
                0x0800cb3e       0xe6 ./Middlewares/Third_Party/FreeRTOS/Source/CMSIS_RTOS_V2/cmsis_os2.o
                0x0800cb3e                osMessageQueueNew
 .text.osMessageQueuePut
                0x0800cc24       0xc0 ./Middlewares/Third_Party/FreeRTOS/Source/CMSIS_RTOS_V2/cmsis_os2.o
                0x0800cc24                osMessageQueuePut
 .text.osMessageQueueGet
                0x0800cce4       0xbc ./Middlewares/Third_Party/FreeRTOS/Source/CMSIS_RTOS_V2/cmsis_os2.o
                0x0800cce4                osMessageQueueGet
 .text.vApplicationGetIdleTaskMemory
                0x0800cda0       0x34 ./Middlewares/Third_Party/FreeRTOS/Source/CMSIS_RTOS_V2/cmsis_os2.o
                0x0800cda0                vApplicationGetIdleTaskMemory
 .text.vApplicationGetTimerTaskMemory
                0x0800cdd4       0x34 ./Middlewares/Third_Party/FreeRTOS/Source/CMSIS_RTOS_V2/cmsis_os2.o
                0x0800cdd4                vApplicationGetTimerTaskMemory
 .text.vListInitialise
                0x0800ce08       0x40 ./Middlewares/Third_Party/FreeRTOS/Source/list.o
                0x0800ce08                vListInitialise
 .text.vListInitialiseItem
                0x0800ce48       0x1a ./Middlewares/Third_Party/FreeRTOS/Source/list.o
                0x0800ce48                vListInitialiseItem
 .text.vListInsertEnd
                0x0800ce62       0x48 ./Middlewares/Third_Party/FreeRTOS/Source/list.o
                0x0800ce62                vListInsertEnd
 .text.vListInsert
                0x0800ceaa       0x72 ./Middlewares/Third_Party/FreeRTOS/Source/list.o
                0x0800ceaa                vListInsert
 .text.uxListRemove
                0x0800cf1c       0x54 ./Middlewares/Third_Party/FreeRTOS/Source/list.o
                0x0800cf1c                uxListRemove
 .text.xQueueGenericReset
                0x0800cf70       0xd4 ./Middlewares/Third_Party/FreeRTOS/Source/queue.o
                0x0800cf70                xQueueGenericReset
 .text.xQueueGenericCreateStatic
                0x0800d044       0xfa ./Middlewares/Third_Party/FreeRTOS/Source/queue.o
                0x0800d044                xQueueGenericCreateStatic
 .text.xQueueGenericCreate
                0x0800d13e       0x76 ./Middlewares/Third_Party/FreeRTOS/Source/queue.o
                0x0800d13e                xQueueGenericCreate
 .text.prvInitialiseNewQueue
                0x0800d1b4       0x46 ./Middlewares/Third_Party/FreeRTOS/Source/queue.o
 .text.prvInitialiseMutex
                0x0800d1fa       0x34 ./Middlewares/Third_Party/FreeRTOS/Source/queue.o
 .text.xQueueCreateMutex
                0x0800d22e       0x30 ./Middlewares/Third_Party/FreeRTOS/Source/queue.o
                0x0800d22e                xQueueCreateMutex
 .text.xQueueCreateMutexStatic
                0x0800d25e       0x36 ./Middlewares/Third_Party/FreeRTOS/Source/queue.o
                0x0800d25e                xQueueCreateMutexStatic
 .text.xQueueGiveMutexRecursive
                0x0800d294       0x6a ./Middlewares/Third_Party/FreeRTOS/Source/queue.o
                0x0800d294                xQueueGiveMutexRecursive
 .text.xQueueTakeMutexRecursive
                0x0800d2fe       0x6e ./Middlewares/Third_Party/FreeRTOS/Source/queue.o
                0x0800d2fe                xQueueTakeMutexRecursive
 .text.xQueueGenericSend
                0x0800d36c      0x204 ./Middlewares/Third_Party/FreeRTOS/Source/queue.o
                0x0800d36c                xQueueGenericSend
 .text.xQueueGenericSendFromISR
                0x0800d570      0x13c ./Middlewares/Third_Party/FreeRTOS/Source/queue.o
                0x0800d570                xQueueGenericSendFromISR
 .text.xQueueReceive
                0x0800d6ac      0x1c4 ./Middlewares/Third_Party/FreeRTOS/Source/queue.o
                0x0800d6ac                xQueueReceive
 .text.xQueueSemaphoreTake
                0x0800d870      0x220 ./Middlewares/Third_Party/FreeRTOS/Source/queue.o
                0x0800d870                xQueueSemaphoreTake
 .text.xQueueReceiveFromISR
                0x0800da90      0x104 ./Middlewares/Third_Party/FreeRTOS/Source/queue.o
                0x0800da90                xQueueReceiveFromISR
 .text.prvGetDisinheritPriorityAfterTimeout
                0x0800db94       0x30 ./Middlewares/Third_Party/FreeRTOS/Source/queue.o
 .text.prvCopyDataToQueue
                0x0800dbc4       0xd4 ./Middlewares/Third_Party/FreeRTOS/Source/queue.o
 .text.prvCopyDataFromQueue
                0x0800dc98       0x4c ./Middlewares/Third_Party/FreeRTOS/Source/queue.o
 .text.prvUnlockQueue
                0x0800dce4       0xa4 ./Middlewares/Third_Party/FreeRTOS/Source/queue.o
 .text.prvIsQueueEmpty
                0x0800dd88       0x2c ./Middlewares/Third_Party/FreeRTOS/Source/queue.o
 .text.prvIsQueueFull
                0x0800ddb4       0x30 ./Middlewares/Third_Party/FreeRTOS/Source/queue.o
 .text.vQueueAddToRegistry
                0x0800dde4       0x54 ./Middlewares/Third_Party/FreeRTOS/Source/queue.o
                0x0800dde4                vQueueAddToRegistry
 .text.vQueueWaitForMessageRestricted
                0x0800de38       0x68 ./Middlewares/Third_Party/FreeRTOS/Source/queue.o
                0x0800de38                vQueueWaitForMessageRestricted
 .text.xTaskCreateStatic
                0x0800dea0       0xc0 ./Middlewares/Third_Party/FreeRTOS/Source/tasks.o
                0x0800dea0                xTaskCreateStatic
 .text.xTaskCreate
                0x0800df60       0x8a ./Middlewares/Third_Party/FreeRTOS/Source/tasks.o
                0x0800df60                xTaskCreate
 *fill*         0x0800dfea        0x2 
 .text.prvInitialiseNewTask
                0x0800dfec      0x150 ./Middlewares/Third_Party/FreeRTOS/Source/tasks.o
 .text.prvAddNewTaskToReadyList
                0x0800e13c       0xe0 ./Middlewares/Third_Party/FreeRTOS/Source/tasks.o
 .text.vTaskStartScheduler
                0x0800e21c       0xe0 ./Middlewares/Third_Party/FreeRTOS/Source/tasks.o
                0x0800e21c                vTaskStartScheduler
 .text.vTaskSuspendAll
                0x0800e2fc       0x1c ./Middlewares/Third_Party/FreeRTOS/Source/tasks.o
                0x0800e2fc                vTaskSuspendAll
 .text.xTaskResumeAll
                0x0800e318      0x13c ./Middlewares/Third_Party/FreeRTOS/Source/tasks.o
                0x0800e318                xTaskResumeAll
 .text.xTaskGetTickCount
                0x0800e454       0x20 ./Middlewares/Third_Party/FreeRTOS/Source/tasks.o
                0x0800e454                xTaskGetTickCount
 .text.xTaskIncrementTick
                0x0800e474      0x174 ./Middlewares/Third_Party/FreeRTOS/Source/tasks.o
                0x0800e474                xTaskIncrementTick
 .text.vTaskSwitchContext
                0x0800e5e8       0xcc ./Middlewares/Third_Party/FreeRTOS/Source/tasks.o
                0x0800e5e8                vTaskSwitchContext
 .text.vTaskPlaceOnEventList
                0x0800e6b4       0x4c ./Middlewares/Third_Party/FreeRTOS/Source/tasks.o
                0x0800e6b4                vTaskPlaceOnEventList
 .text.vTaskPlaceOnEventListRestricted
                0x0800e700       0x58 ./Middlewares/Third_Party/FreeRTOS/Source/tasks.o
                0x0800e700                vTaskPlaceOnEventListRestricted
 .text.xTaskRemoveFromEventList
                0x0800e758       0xc8 ./Middlewares/Third_Party/FreeRTOS/Source/tasks.o
                0x0800e758                xTaskRemoveFromEventList
 .text.vTaskInternalSetTimeOutState
                0x0800e820       0x2c ./Middlewares/Third_Party/FreeRTOS/Source/tasks.o
                0x0800e820                vTaskInternalSetTimeOutState
 .text.xTaskCheckForTimeOut
                0x0800e84c       0xc8 ./Middlewares/Third_Party/FreeRTOS/Source/tasks.o
                0x0800e84c                xTaskCheckForTimeOut
 .text.vTaskMissedYield
                0x0800e914       0x18 ./Middlewares/Third_Party/FreeRTOS/Source/tasks.o
                0x0800e914                vTaskMissedYield
 .text.prvIdleTask
                0x0800e92c       0x30 ./Middlewares/Third_Party/FreeRTOS/Source/tasks.o
 .text.prvInitialiseTaskLists
                0x0800e95c       0x80 ./Middlewares/Third_Party/FreeRTOS/Source/tasks.o
 .text.prvCheckTasksWaitingTermination
                0x0800e9dc       0x5c ./Middlewares/Third_Party/FreeRTOS/Source/tasks.o
 .text.prvDeleteTCB
                0x0800ea38       0x6a ./Middlewares/Third_Party/FreeRTOS/Source/tasks.o
 *fill*         0x0800eaa2        0x2 
 .text.prvResetNextTaskUnblockTime
                0x0800eaa4       0x40 ./Middlewares/Third_Party/FreeRTOS/Source/tasks.o
 .text.xTaskGetCurrentTaskHandle
                0x0800eae4       0x20 ./Middlewares/Third_Party/FreeRTOS/Source/tasks.o
                0x0800eae4                xTaskGetCurrentTaskHandle
 .text.xTaskGetSchedulerState
                0x0800eb04       0x3c ./Middlewares/Third_Party/FreeRTOS/Source/tasks.o
                0x0800eb04                xTaskGetSchedulerState
 .text.xTaskPriorityInherit
                0x0800eb40       0xd0 ./Middlewares/Third_Party/FreeRTOS/Source/tasks.o
                0x0800eb40                xTaskPriorityInherit
 .text.xTaskPriorityDisinherit
                0x0800ec10       0xe0 ./Middlewares/Third_Party/FreeRTOS/Source/tasks.o
                0x0800ec10                xTaskPriorityDisinherit
 .text.vTaskPriorityDisinheritAfterTimeout
                0x0800ecf0      0x108 ./Middlewares/Third_Party/FreeRTOS/Source/tasks.o
                0x0800ecf0                vTaskPriorityDisinheritAfterTimeout
 .text.pvTaskIncrementMutexHeldCount
                0x0800edf8       0x28 ./Middlewares/Third_Party/FreeRTOS/Source/tasks.o
                0x0800edf8                pvTaskIncrementMutexHeldCount
 .text.xTaskNotifyWait
                0x0800ee20       0xc0 ./Middlewares/Third_Party/FreeRTOS/Source/tasks.o
                0x0800ee20                xTaskNotifyWait
 .text.xTaskGenericNotify
                0x0800eee0      0x184 ./Middlewares/Third_Party/FreeRTOS/Source/tasks.o
                0x0800eee0                xTaskGenericNotify
 .text.xTaskGenericNotifyFromISR
                0x0800f064      0x1cc ./Middlewares/Third_Party/FreeRTOS/Source/tasks.o
                0x0800f064                xTaskGenericNotifyFromISR
 .text.prvAddCurrentTaskToDelayedList
                0x0800f230       0xa8 ./Middlewares/Third_Party/FreeRTOS/Source/tasks.o
 .text.xTimerCreateTimerTask
                0x0800f2d8       0x94 ./Middlewares/Third_Party/FreeRTOS/Source/timers.o
                0x0800f2d8                xTimerCreateTimerTask
 .text.xTimerGenericCommand
                0x0800f36c       0x9c ./Middlewares/Third_Party/FreeRTOS/Source/timers.o
                0x0800f36c                xTimerGenericCommand
 .text.prvProcessExpiredTimer
                0x0800f408       0x9c ./Middlewares/Third_Party/FreeRTOS/Source/timers.o
 .text.prvTimerTask
                0x0800f4a4       0x26 ./Middlewares/Third_Party/FreeRTOS/Source/timers.o
 *fill*         0x0800f4ca        0x2 
 .text.prvProcessTimerOrBlockTask
                0x0800f4cc       0x9c ./Middlewares/Third_Party/FreeRTOS/Source/timers.o
 .text.prvGetNextExpireTime
                0x0800f568       0x48 ./Middlewares/Third_Party/FreeRTOS/Source/timers.o
 .text.prvSampleTimeNow
                0x0800f5b0       0x40 ./Middlewares/Third_Party/FreeRTOS/Source/timers.o
 .text.prvInsertTimerInActiveList
                0x0800f5f0       0x84 ./Middlewares/Third_Party/FreeRTOS/Source/timers.o
 .text.prvProcessReceivedCommands
                0x0800f674      0x1cc ./Middlewares/Third_Party/FreeRTOS/Source/timers.o
 .text.prvSwitchTimerLists
                0x0800f840       0xcc ./Middlewares/Third_Party/FreeRTOS/Source/timers.o
 .text.prvCheckForValidListAndQueue
                0x0800f90c       0x80 ./Middlewares/Third_Party/FreeRTOS/Source/timers.o
 .text.pxPortInitialiseStack
                0x0800f98c       0x68 ./Middlewares/Third_Party/FreeRTOS/Source/portable/GCC/ARM_CM4F/port.o
                0x0800f98c                pxPortInitialiseStack
 .text.prvTaskExitError
                0x0800f9f4       0x5c ./Middlewares/Third_Party/FreeRTOS/Source/portable/GCC/ARM_CM4F/port.o
 .text.SVC_Handler
                0x0800fa50       0x28 ./Middlewares/Third_Party/FreeRTOS/Source/portable/GCC/ARM_CM4F/port.o
                0x0800fa50                SVC_Handler
 .text.prvPortStartFirstTask
                0x0800fa78       0x28 ./Middlewares/Third_Party/FreeRTOS/Source/portable/GCC/ARM_CM4F/port.o
 .text.xPortStartScheduler
                0x0800faa0      0x148 ./Middlewares/Third_Party/FreeRTOS/Source/portable/GCC/ARM_CM4F/port.o
                0x0800faa0                xPortStartScheduler
 .text.vPortEnterCritical
                0x0800fbe8       0x64 ./Middlewares/Third_Party/FreeRTOS/Source/portable/GCC/ARM_CM4F/port.o
                0x0800fbe8                vPortEnterCritical
 .text.vPortExitCritical
                0x0800fc4c       0x54 ./Middlewares/Third_Party/FreeRTOS/Source/portable/GCC/ARM_CM4F/port.o
                0x0800fc4c                vPortExitCritical
 .text.PendSV_Handler
                0x0800fca0       0x68 ./Middlewares/Third_Party/FreeRTOS/Source/portable/GCC/ARM_CM4F/port.o
                0x0800fca0                PendSV_Handler
 .text.xPortSysTickHandler
                0x0800fd08       0x44 ./Middlewares/Third_Party/FreeRTOS/Source/portable/GCC/ARM_CM4F/port.o
                0x0800fd08                xPortSysTickHandler
 .text.vPortSetupTimerInterrupt
                0x0800fd4c       0x48 ./Middlewares/Third_Party/FreeRTOS/Source/portable/GCC/ARM_CM4F/port.o
                0x0800fd4c                vPortSetupTimerInterrupt
 .text.vPortEnableVFP
                0x0800fd94       0x14 ./Middlewares/Third_Party/FreeRTOS/Source/portable/GCC/ARM_CM4F/port.o
 .text.vPortValidateInterruptPriority
                0x0800fda8       0x84 ./Middlewares/Third_Party/FreeRTOS/Source/portable/GCC/ARM_CM4F/port.o
                0x0800fda8                vPortValidateInterruptPriority
 .text.pvPortMalloc
                0x0800fe2c      0x19c ./Middlewares/Third_Party/FreeRTOS/Source/portable/MemMang/heap_4.o
                0x0800fe2c                pvPortMalloc
 .text.vPortFree
                0x0800ffc8       0xc8 ./Middlewares/Third_Party/FreeRTOS/Source/portable/MemMang/heap_4.o
                0x0800ffc8                vPortFree
 .text.prvHeapInit
                0x08010090       0xc4 ./Middlewares/Third_Party/FreeRTOS/Source/portable/MemMang/heap_4.o
 .text.prvInsertBlockIntoFreeList
                0x08010154       0xb4 ./Middlewares/Third_Party/FreeRTOS/Source/portable/MemMang/heap_4.o
 .text.MX_USB_Device_Init
                0x08010208       0x60 ./USB_Device/App/usb_device.o
                0x08010208                MX_USB_Device_Init
 .text.CDC_Init_FS
                0x08010268       0x28 ./USB_Device/App/usbd_cdc_if.o
 .text.CDC_DeInit_FS
                0x08010290       0x10 ./USB_Device/App/usbd_cdc_if.o
 .text.CDC_Control_FS
                0x080102a0       0xbc ./USB_Device/App/usbd_cdc_if.o
 .text.CDC_Receive_FS
                0x0801035c       0x28 ./USB_Device/App/usbd_cdc_if.o
 .text.CDC_Transmit_FS
                0x08010384       0x4c ./USB_Device/App/usbd_cdc_if.o
                0x08010384                CDC_Transmit_FS
 .text.CDC_TransmitCplt_FS
                0x080103d0       0x22 ./USB_Device/App/usbd_cdc_if.o
 *fill*         0x080103f2        0x2 
 .text.USBD_CDC_DeviceDescriptor
                0x080103f4       0x24 ./USB_Device/App/usbd_desc.o
                0x080103f4                USBD_CDC_DeviceDescriptor
 .text.USBD_CDC_LangIDStrDescriptor
                0x08010418       0x24 ./USB_Device/App/usbd_desc.o
                0x08010418                USBD_CDC_LangIDStrDescriptor
 .text.USBD_CDC_ProductStrDescriptor
                0x0801043c       0x3c ./USB_Device/App/usbd_desc.o
                0x0801043c                USBD_CDC_ProductStrDescriptor
 .text.USBD_CDC_ManufacturerStrDescriptor
                0x08010478       0x28 ./USB_Device/App/usbd_desc.o
                0x08010478                USBD_CDC_ManufacturerStrDescriptor
 .text.USBD_CDC_SerialStrDescriptor
                0x080104a0       0x24 ./USB_Device/App/usbd_desc.o
                0x080104a0                USBD_CDC_SerialStrDescriptor
 .text.USBD_CDC_ConfigStrDescriptor
                0x080104c4       0x3c ./USB_Device/App/usbd_desc.o
                0x080104c4                USBD_CDC_ConfigStrDescriptor
 .text.USBD_CDC_InterfaceStrDescriptor
                0x08010500       0x3c ./USB_Device/App/usbd_desc.o
                0x08010500                USBD_CDC_InterfaceStrDescriptor
 .text.Get_SerialNum
                0x0801053c       0x58 ./USB_Device/App/usbd_desc.o
 .text.IntToUnicode
                0x08010594       0x7e ./USB_Device/App/usbd_desc.o
 .text.LL_AHB2_GRP1_EnableClock
                0x08010612       0x32 ./USB_Device/Target/usbd_conf.o
 .text.LL_APB1_GRP1_EnableClock
                0x08010644       0x32 ./USB_Device/Target/usbd_conf.o
 *fill*         0x08010676        0x2 
 .text.HAL_PCD_MspInit
                0x08010678       0x70 ./USB_Device/Target/usbd_conf.o
                0x08010678                HAL_PCD_MspInit
 .text.HAL_PCD_SetupStageCallback
                0x080106e8       0x24 ./USB_Device/Target/usbd_conf.o
                0x080106e8                HAL_PCD_SetupStageCallback
 .text.HAL_PCD_DataOutStageCallback
                0x0801070c       0x36 ./USB_Device/Target/usbd_conf.o
                0x0801070c                HAL_PCD_DataOutStageCallback
 .text.HAL_PCD_DataInStageCallback
                0x08010742       0x34 ./USB_Device/Target/usbd_conf.o
                0x08010742                HAL_PCD_DataInStageCallback
 .text.HAL_PCD_SOFCallback
                0x08010776       0x1c ./USB_Device/Target/usbd_conf.o
                0x08010776                HAL_PCD_SOFCallback
 .text.HAL_PCD_ResetCallback
                0x08010792       0x3c ./USB_Device/Target/usbd_conf.o
                0x08010792                HAL_PCD_ResetCallback
 *fill*         0x080107ce        0x2 
 .text.HAL_PCD_SuspendCallback
                0x080107d0       0x34 ./USB_Device/Target/usbd_conf.o
                0x080107d0                HAL_PCD_SuspendCallback
 .text.HAL_PCD_ResumeCallback
                0x08010804       0x38 ./USB_Device/Target/usbd_conf.o
                0x08010804                HAL_PCD_ResumeCallback
 .text.USBD_LL_Init
                0x0801083c       0xc4 ./USB_Device/Target/usbd_conf.o
                0x0801083c                USBD_LL_Init
 .text.USBD_LL_Start
                0x08010900       0x36 ./USB_Device/Target/usbd_conf.o
                0x08010900                USBD_LL_Start
 .text.USBD_LL_OpenEP
                0x08010936       0x4c ./USB_Device/Target/usbd_conf.o
                0x08010936                USBD_LL_OpenEP
 .text.USBD_LL_CloseEP
                0x08010982       0x3e ./USB_Device/Target/usbd_conf.o
                0x08010982                USBD_LL_CloseEP
 .text.USBD_LL_StallEP
                0x080109c0       0x3e ./USB_Device/Target/usbd_conf.o
                0x080109c0                USBD_LL_StallEP
 .text.USBD_LL_ClearStallEP
                0x080109fe       0x3e ./USB_Device/Target/usbd_conf.o
                0x080109fe                USBD_LL_ClearStallEP
 .text.USBD_LL_IsStallEP
                0x08010a3c       0x58 ./USB_Device/Target/usbd_conf.o
                0x08010a3c                USBD_LL_IsStallEP
 .text.USBD_LL_SetUSBAddress
                0x08010a94       0x3e ./USB_Device/Target/usbd_conf.o
                0x08010a94                USBD_LL_SetUSBAddress
 .text.USBD_LL_Transmit
                0x08010ad2       0x42 ./USB_Device/Target/usbd_conf.o
                0x08010ad2                USBD_LL_Transmit
 .text.USBD_LL_PrepareReceive
                0x08010b14       0x42 ./USB_Device/Target/usbd_conf.o
                0x08010b14                USBD_LL_PrepareReceive
 .text.USBD_LL_GetRxDataSize
                0x08010b56       0x26 ./USB_Device/Target/usbd_conf.o
                0x08010b56                USBD_LL_GetRxDataSize
 .text.HAL_PCDEx_LPM_Callback
                0x08010b7c       0x6c ./USB_Device/Target/usbd_conf.o
                0x08010b7c                HAL_PCDEx_LPM_Callback
 .text.USBD_static_malloc
                0x08010be8       0x1c ./USB_Device/Target/usbd_conf.o
                0x08010be8                USBD_static_malloc
 .text.USBD_static_free
                0x08010c04       0x14 ./USB_Device/Target/usbd_conf.o
                0x08010c04                USBD_static_free
 .text.SystemClockConfig_Resume
                0x08010c18        0xc ./USB_Device/Target/usbd_conf.o
 .text.USBD_Get_USB_Status
                0x08010c24       0x58 ./USB_Device/Target/usbd_conf.o
 .text.std      0x08010c7c       0x6c D:/WorkSoftware/STM32CubeIDE_1.16.1/STM32CubeIDE/plugins/com.st.stm32cube.ide.mcu.externaltools.gnu-tools-for-stm32.13.3.rel1.win32_1.0.0.202411081344/tools/bin/../lib/gcc/arm-none-eabi/13.3.1/../../../../arm-none-eabi/lib/thumb/v7e-m+fp/hard\libc_nano.a(libc_a-findfp.o)
 .text.stdio_exit_handler
                0x08010ce8       0x18 D:/WorkSoftware/STM32CubeIDE_1.16.1/STM32CubeIDE/plugins/com.st.stm32cube.ide.mcu.externaltools.gnu-tools-for-stm32.13.3.rel1.win32_1.0.0.202411081344/tools/bin/../lib/gcc/arm-none-eabi/13.3.1/../../../../arm-none-eabi/lib/thumb/v7e-m+fp/hard\libc_nano.a(libc_a-findfp.o)
 .text.cleanup_stdio
                0x08010d00       0x40 D:/WorkSoftware/STM32CubeIDE_1.16.1/STM32CubeIDE/plugins/com.st.stm32cube.ide.mcu.externaltools.gnu-tools-for-stm32.13.3.rel1.win32_1.0.0.202411081344/tools/bin/../lib/gcc/arm-none-eabi/13.3.1/../../../../arm-none-eabi/lib/thumb/v7e-m+fp/hard\libc_nano.a(libc_a-findfp.o)
 .text.global_stdio_init.part.0
                0x08010d40       0x3c D:/WorkSoftware/STM32CubeIDE_1.16.1/STM32CubeIDE/plugins/com.st.stm32cube.ide.mcu.externaltools.gnu-tools-for-stm32.13.3.rel1.win32_1.0.0.202411081344/tools/bin/../lib/gcc/arm-none-eabi/13.3.1/../../../../arm-none-eabi/lib/thumb/v7e-m+fp/hard\libc_nano.a(libc_a-findfp.o)
 .text.__sfp_lock_acquire
                0x08010d7c        0xc D:/WorkSoftware/STM32CubeIDE_1.16.1/STM32CubeIDE/plugins/com.st.stm32cube.ide.mcu.externaltools.gnu-tools-for-stm32.13.3.rel1.win32_1.0.0.202411081344/tools/bin/../lib/gcc/arm-none-eabi/13.3.1/../../../../arm-none-eabi/lib/thumb/v7e-m+fp/hard\libc_nano.a(libc_a-findfp.o)
                0x08010d7c                __sfp_lock_acquire
 .text.__sfp_lock_release
                0x08010d88        0xc D:/WorkSoftware/STM32CubeIDE_1.16.1/STM32CubeIDE/plugins/com.st.stm32cube.ide.mcu.externaltools.gnu-tools-for-stm32.13.3.rel1.win32_1.0.0.202411081344/tools/bin/../lib/gcc/arm-none-eabi/13.3.1/../../../../arm-none-eabi/lib/thumb/v7e-m+fp/hard\libc_nano.a(libc_a-findfp.o)
                0x08010d88                __sfp_lock_release
 .text.__sinit  0x08010d94       0x30 D:/WorkSoftware/STM32CubeIDE_1.16.1/STM32CubeIDE/plugins/com.st.stm32cube.ide.mcu.externaltools.gnu-tools-for-stm32.13.3.rel1.win32_1.0.0.202411081344/tools/bin/../lib/gcc/arm-none-eabi/13.3.1/../../../../arm-none-eabi/lib/thumb/v7e-m+fp/hard\libc_nano.a(libc_a-findfp.o)
                0x08010d94                __sinit
 .text._fwalk_sglue
                0x08010dc4       0x3c D:/WorkSoftware/STM32CubeIDE_1.16.1/STM32CubeIDE/plugins/com.st.stm32cube.ide.mcu.externaltools.gnu-tools-for-stm32.13.3.rel1.win32_1.0.0.202411081344/tools/bin/../lib/gcc/arm-none-eabi/13.3.1/../../../../arm-none-eabi/lib/thumb/v7e-m+fp/hard\libc_nano.a(libc_a-fwalk.o)
                0x08010dc4                _fwalk_sglue
 .text.printf   0x08010e00       0x24 D:/WorkSoftware/STM32CubeIDE_1.16.1/STM32CubeIDE/plugins/com.st.stm32cube.ide.mcu.externaltools.gnu-tools-for-stm32.13.3.rel1.win32_1.0.0.202411081344/tools/bin/../lib/gcc/arm-none-eabi/13.3.1/../../../../arm-none-eabi/lib/thumb/v7e-m+fp/hard\libc_nano.a(libc_a-printf.o)
                0x08010e00                iprintf
                0x08010e00                printf
 .text.putchar  0x08010e24       0x10 D:/WorkSoftware/STM32CubeIDE_1.16.1/STM32CubeIDE/plugins/com.st.stm32cube.ide.mcu.externaltools.gnu-tools-for-stm32.13.3.rel1.win32_1.0.0.202411081344/tools/bin/../lib/gcc/arm-none-eabi/13.3.1/../../../../arm-none-eabi/lib/thumb/v7e-m+fp/hard\libc_nano.a(libc_a-putchar.o)
                0x08010e24                putchar
 .text.__sread  0x08010e34       0x22 D:/WorkSoftware/STM32CubeIDE_1.16.1/STM32CubeIDE/plugins/com.st.stm32cube.ide.mcu.externaltools.gnu-tools-for-stm32.13.3.rel1.win32_1.0.0.202411081344/tools/bin/../lib/gcc/arm-none-eabi/13.3.1/../../../../arm-none-eabi/lib/thumb/v7e-m+fp/hard\libc_nano.a(libc_a-stdio.o)
                0x08010e34                __sread
 .text.__swrite
                0x08010e56       0x38 D:/WorkSoftware/STM32CubeIDE_1.16.1/STM32CubeIDE/plugins/com.st.stm32cube.ide.mcu.externaltools.gnu-tools-for-stm32.13.3.rel1.win32_1.0.0.202411081344/tools/bin/../lib/gcc/arm-none-eabi/13.3.1/../../../../arm-none-eabi/lib/thumb/v7e-m+fp/hard\libc_nano.a(libc_a-stdio.o)
                0x08010e56                __swrite
 .text.__sseek  0x08010e8e       0x24 D:/WorkSoftware/STM32CubeIDE_1.16.1/STM32CubeIDE/plugins/com.st.stm32cube.ide.mcu.externaltools.gnu-tools-for-stm32.13.3.rel1.win32_1.0.0.202411081344/tools/bin/../lib/gcc/arm-none-eabi/13.3.1/../../../../arm-none-eabi/lib/thumb/v7e-m+fp/hard\libc_nano.a(libc_a-stdio.o)
                0x08010e8e                __sseek
 .text.__sclose
                0x08010eb2        0x8 D:/WorkSoftware/STM32CubeIDE_1.16.1/STM32CubeIDE/plugins/com.st.stm32cube.ide.mcu.externaltools.gnu-tools-for-stm32.13.3.rel1.win32_1.0.0.202411081344/tools/bin/../lib/gcc/arm-none-eabi/13.3.1/../../../../arm-none-eabi/lib/thumb/v7e-m+fp/hard\libc_nano.a(libc_a-stdio.o)
                0x08010eb2                __sclose
 .text.memset   0x08010eba       0x10 D:/WorkSoftware/STM32CubeIDE_1.16.1/STM32CubeIDE/plugins/com.st.stm32cube.ide.mcu.externaltools.gnu-tools-for-stm32.13.3.rel1.win32_1.0.0.202411081344/tools/bin/../lib/gcc/arm-none-eabi/13.3.1/../../../../arm-none-eabi/lib/thumb/v7e-m+fp/hard\libc_nano.a(libc_a-memset.o)
                0x08010eba                memset
 *fill*         0x08010eca        0x2 
 .text._close_r
                0x08010ecc       0x20 D:/WorkSoftware/STM32CubeIDE_1.16.1/STM32CubeIDE/plugins/com.st.stm32cube.ide.mcu.externaltools.gnu-tools-for-stm32.13.3.rel1.win32_1.0.0.202411081344/tools/bin/../lib/gcc/arm-none-eabi/13.3.1/../../../../arm-none-eabi/lib/thumb/v7e-m+fp/hard\libc_nano.a(libc_a-closer.o)
                0x08010ecc                _close_r
 .text._reclaim_reent
                0x08010eec       0xbc D:/WorkSoftware/STM32CubeIDE_1.16.1/STM32CubeIDE/plugins/com.st.stm32cube.ide.mcu.externaltools.gnu-tools-for-stm32.13.3.rel1.win32_1.0.0.202411081344/tools/bin/../lib/gcc/arm-none-eabi/13.3.1/../../../../arm-none-eabi/lib/thumb/v7e-m+fp/hard\libc_nano.a(libc_a-reent.o)
                0x08010eec                _reclaim_reent
 .text._lseek_r
                0x08010fa8       0x24 D:/WorkSoftware/STM32CubeIDE_1.16.1/STM32CubeIDE/plugins/com.st.stm32cube.ide.mcu.externaltools.gnu-tools-for-stm32.13.3.rel1.win32_1.0.0.202411081344/tools/bin/../lib/gcc/arm-none-eabi/13.3.1/../../../../arm-none-eabi/lib/thumb/v7e-m+fp/hard\libc_nano.a(libc_a-lseekr.o)
                0x08010fa8                _lseek_r
 .text._read_r  0x08010fcc       0x24 D:/WorkSoftware/STM32CubeIDE_1.16.1/STM32CubeIDE/plugins/com.st.stm32cube.ide.mcu.externaltools.gnu-tools-for-stm32.13.3.rel1.win32_1.0.0.202411081344/tools/bin/../lib/gcc/arm-none-eabi/13.3.1/../../../../arm-none-eabi/lib/thumb/v7e-m+fp/hard\libc_nano.a(libc_a-readr.o)
                0x08010fcc                _read_r
 .text._write_r
                0x08010ff0       0x24 D:/WorkSoftware/STM32CubeIDE_1.16.1/STM32CubeIDE/plugins/com.st.stm32cube.ide.mcu.externaltools.gnu-tools-for-stm32.13.3.rel1.win32_1.0.0.202411081344/tools/bin/../lib/gcc/arm-none-eabi/13.3.1/../../../../arm-none-eabi/lib/thumb/v7e-m+fp/hard\libc_nano.a(libc_a-writer.o)
                0x08010ff0                _write_r
 .text.__errno  0x08011014        0xc D:/WorkSoftware/STM32CubeIDE_1.16.1/STM32CubeIDE/plugins/com.st.stm32cube.ide.mcu.externaltools.gnu-tools-for-stm32.13.3.rel1.win32_1.0.0.202411081344/tools/bin/../lib/gcc/arm-none-eabi/13.3.1/../../../../arm-none-eabi/lib/thumb/v7e-m+fp/hard\libc_nano.a(libc_a-errno.o)
                0x08011014                __errno
 .text.__libc_init_array
                0x08011020       0x48 D:/WorkSoftware/STM32CubeIDE_1.16.1/STM32CubeIDE/plugins/com.st.stm32cube.ide.mcu.externaltools.gnu-tools-for-stm32.13.3.rel1.win32_1.0.0.202411081344/tools/bin/../lib/gcc/arm-none-eabi/13.3.1/../../../../arm-none-eabi/lib/thumb/v7e-m+fp/hard\libc_nano.a(libc_a-init.o)
                0x08011020                __libc_init_array
 .text.__retarget_lock_init_recursive
                0x08011068        0x2 D:/WorkSoftware/STM32CubeIDE_1.16.1/STM32CubeIDE/plugins/com.st.stm32cube.ide.mcu.externaltools.gnu-tools-for-stm32.13.3.rel1.win32_1.0.0.202411081344/tools/bin/../lib/gcc/arm-none-eabi/13.3.1/../../../../arm-none-eabi/lib/thumb/v7e-m+fp/hard\libc_nano.a(libc_a-lock.o)
                0x08011068                __retarget_lock_init_recursive
 .text.__retarget_lock_acquire_recursive
                0x0801106a        0x2 D:/WorkSoftware/STM32CubeIDE_1.16.1/STM32CubeIDE/plugins/com.st.stm32cube.ide.mcu.externaltools.gnu-tools-for-stm32.13.3.rel1.win32_1.0.0.202411081344/tools/bin/../lib/gcc/arm-none-eabi/13.3.1/../../../../arm-none-eabi/lib/thumb/v7e-m+fp/hard\libc_nano.a(libc_a-lock.o)
                0x0801106a                __retarget_lock_acquire_recursive
 .text.__retarget_lock_release_recursive
                0x0801106c        0x2 D:/WorkSoftware/STM32CubeIDE_1.16.1/STM32CubeIDE/plugins/com.st.stm32cube.ide.mcu.externaltools.gnu-tools-for-stm32.13.3.rel1.win32_1.0.0.202411081344/tools/bin/../lib/gcc/arm-none-eabi/13.3.1/../../../../arm-none-eabi/lib/thumb/v7e-m+fp/hard\libc_nano.a(libc_a-lock.o)
                0x0801106c                __retarget_lock_release_recursive
 .text.memcpy   0x0801106e       0x1c D:/WorkSoftware/STM32CubeIDE_1.16.1/STM32CubeIDE/plugins/com.st.stm32cube.ide.mcu.externaltools.gnu-tools-for-stm32.13.3.rel1.win32_1.0.0.202411081344/tools/bin/../lib/gcc/arm-none-eabi/13.3.1/../../../../arm-none-eabi/lib/thumb/v7e-m+fp/hard\libc_nano.a(libc_a-memcpy-stub.o)
                0x0801106e                memcpy
 *fill*         0x0801108a        0x2 
 .text._free_r  0x0801108c       0x94 D:/WorkSoftware/STM32CubeIDE_1.16.1/STM32CubeIDE/plugins/com.st.stm32cube.ide.mcu.externaltools.gnu-tools-for-stm32.13.3.rel1.win32_1.0.0.202411081344/tools/bin/../lib/gcc/arm-none-eabi/13.3.1/../../../../arm-none-eabi/lib/thumb/v7e-m+fp/hard\libc_nano.a(libc_a-freer.o)
                0x0801108c                _free_r
 .text.sbrk_aligned
                0x08011120       0x44 D:/WorkSoftware/STM32CubeIDE_1.16.1/STM32CubeIDE/plugins/com.st.stm32cube.ide.mcu.externaltools.gnu-tools-for-stm32.13.3.rel1.win32_1.0.0.202411081344/tools/bin/../lib/gcc/arm-none-eabi/13.3.1/../../../../arm-none-eabi/lib/thumb/v7e-m+fp/hard\libc_nano.a(libc_a-mallocr.o)
 .text._malloc_r
                0x08011164      0x100 D:/WorkSoftware/STM32CubeIDE_1.16.1/STM32CubeIDE/plugins/com.st.stm32cube.ide.mcu.externaltools.gnu-tools-for-stm32.13.3.rel1.win32_1.0.0.202411081344/tools/bin/../lib/gcc/arm-none-eabi/13.3.1/../../../../arm-none-eabi/lib/thumb/v7e-m+fp/hard\libc_nano.a(libc_a-mallocr.o)
                0x08011164                _malloc_r
 .text.__malloc_lock
                0x08011264        0xc D:/WorkSoftware/STM32CubeIDE_1.16.1/STM32CubeIDE/plugins/com.st.stm32cube.ide.mcu.externaltools.gnu-tools-for-stm32.13.3.rel1.win32_1.0.0.202411081344/tools/bin/../lib/gcc/arm-none-eabi/13.3.1/../../../../arm-none-eabi/lib/thumb/v7e-m+fp/hard\libc_nano.a(libc_a-mlock.o)
                0x08011264                __malloc_lock
 .text.__malloc_unlock
                0x08011270        0xc D:/WorkSoftware/STM32CubeIDE_1.16.1/STM32CubeIDE/plugins/com.st.stm32cube.ide.mcu.externaltools.gnu-tools-for-stm32.13.3.rel1.win32_1.0.0.202411081344/tools/bin/../lib/gcc/arm-none-eabi/13.3.1/../../../../arm-none-eabi/lib/thumb/v7e-m+fp/hard\libc_nano.a(libc_a-mlock.o)
                0x08011270                __malloc_unlock
 .text.__sfputc_r